******************************************************************************
                  TI ARM Linker PC v16.9.6                     
******************************************************************************
>> Linked Fri Jun 07 14:13:45 2019

OUTPUT FILE NAME:   <InputOutput.out>
ENTRY POINT SYMBOL: "_c_int00"  address: 000008b1


MEMORY CONFIGURATION

         name            origin    length      used     unused   attr    fill
----------------------  --------  ---------  --------  --------  ----  --------
  MAIN                  00000000   00040000  00000a1c  0003f5e4  R  X
  INFO                  00200000   00004000  00000000  00004000  R  X
  SRAM_CODE             01000000   00010000  0000021c  0000fde4  RW X
  SRAM_DATA             20000000   00010000  0000021c  0000fde4  RW  


SEGMENT ALLOCATION MAP

run origin  load origin   length   init length attrs members
----------  ----------- ---------- ----------- ----- -------
00000000    00000000    00000a20   00000a20    r-x
  00000000    00000000    000000e4   000000e4    r-- .intvecs
  000000e4    000000e4    00000910   00000910    r-x .text
  000009f8    000009f8    00000028   00000028    r-- .cinit
20000000    20000000    0000001c   00000000    rw-
  20000000    20000000    0000001c   00000000    rw- .data
2000fe00    2000fe00    00000200   00000000    rw-
  2000fe00    2000fe00    00000200   00000000    rw- .stack


SECTION ALLOCATION MAP

 output                                  attributes/
section   page    origin      length       input sections
--------  ----  ----------  ----------   ----------------
.intvecs   0    00000000    000000e4     
                  00000000    000000e4     startup_msp432p401r_ccs.obj (.intvecs:retain)

.binit     0    00000000    00000000     

.text      0    000000e4    00000910     
                  000000e4    0000032c     InputOutput.obj (.text)
                  00000410    0000032c     system_msp432p401r.obj (.text)
                  0000073c    0000009c     rtsv7M4_T_le_v4SPD16_eabi.lib : memcpy_t2.obj (.text)
                  000007d8    00000070                                   : autoinit.obj (.text)
                  00000848    00000068                                   : copy_decompress_lzss.obj (.text:decompress:lzss)
                  000008b0    00000054                                   : boot.obj (.text)
                  00000904    00000054                                   : exit.obj (.text)
                  00000958    0000004c                                   : cpy_tbl.obj (.text)
                  000009a4    00000018                                   : args_main.obj (.text)
                  000009bc    00000014                                   : _lock.obj (.text)
                  000009d0    0000000e                                   : copy_decompress_none.obj (.text:decompress:none)
                  000009de    0000000e     startup_msp432p401r_ccs.obj (.text)
                  000009ec    00000004     rtsv7M4_T_le_v4SPD16_eabi.lib : pre_init.obj (.text)
                  000009f0    00000002                                   : mpu_init.obj (.text)
                  000009f2    00000002                                   : startup.obj (.text)

.cinit     0    000009f8    00000028     
                  000009f8    00000015     (.cinit..data.load) [load image, compression = lzss]
                  00000a0d    00000003     --HOLE-- [fill = 0]
                  00000a10    00000008     (__TI_handler_table)
                  00000a18    00000008     (__TI_cinit_table)

.init_array 
*          0    00000000    00000000     UNINITIALIZED

.data      0    20000000    0000001c     UNINITIALIZED
                  20000000    0000000c     rtsv7M4_T_le_v4SPD16_eabi.lib : exit.obj (.data:$O1$$)
                  2000000c    00000008                                   : _lock.obj (.data:$O1$$)
                  20000014    00000004                                   : stkdepth_vars.obj (.data)
                  20000018    00000004     system_msp432p401r.obj (.data)

.stack     0    2000fe00    00000200     UNINITIALIZED
                  2000fe00    00000200     --HOLE--

MODULE SUMMARY

       Module                        code   ro data   rw data
       ------                        ----   -------   -------
    .\
       system_msp432p401r.obj        812    0         8      
       InputOutput.obj               812    0         0      
       startup_msp432p401r_ccs.obj   14     228       0      
    +--+-----------------------------+------+---------+---------+
       Total:                        1638   228       8      
                                                             
    C:\ti\ccs740\ccsv7\tools\compiler\ti-cgt-arm_16.9.6.LTS\lib\rtsv7M4_T_le_v4SPD16_eabi.lib
       memcpy_t2.obj                 156    0         0      
       autoinit.obj                  112    0         0      
       exit.obj                      84     0         24     
       copy_decompress_lzss.obj      104    0         0      
       boot.obj                      84     0         0      
       cpy_tbl.obj                   76     0         0      
       _lock.obj                     20     0         16     
       args_main.obj                 24     0         0      
       copy_decompress_none.obj      14     0         0      
       stkdepth_vars.obj             0      0         8      
       pre_init.obj                  4      0         0      
       mpu_init.obj                  2      0         0      
       startup.obj                   2      0         0      
    +--+-----------------------------+------+---------+---------+
       Total:                        682    0         48     
                                                             
       Stack:                        0      0         1024   
       Linker Generated:             0      37        0      
    +--+-----------------------------+------+---------+---------+
       Grand Total:                  2320   265       1080   


LINKER GENERATED COPY TABLES

__TI_cinit_table @ 00000a18 records: 1, size/record: 8, table size: 8
	.data: load addr=000009f8, load size=00000015 bytes, run addr=20000000, run size=0000001c bytes, compression=lzss


LINKER GENERATED HANDLER TABLE

__TI_handler_table @ 00000a10 records: 2, size/record: 4, table size: 8
	index: 0, handler: __TI_decompress_lzss
	index: 1, handler: __TI_decompress_none


GLOBAL SYMBOLS: SORTED ALPHABETICALLY BY Name 

address   name                           
-------   ----                           
000009eb  ADC14_IRQHandler               
000009eb  AES256_IRQHandler              
000009eb  BusFault_Handler               
00000905  C$$EXIT                        
000009eb  COMP_E0_IRQHandler             
000009eb  COMP_E1_IRQHandler             
000009eb  CS_IRQHandler                  
00000331  ColorLED_Init                  
000009eb  DMA_ERR_IRQHandler             
000009eb  DMA_INT0_IRQHandler            
000009eb  DMA_INT1_IRQHandler            
000009eb  DMA_INT2_IRQHandler            
000009eb  DMA_INT3_IRQHandler            
000009eb  DebugMon_Handler               
000009eb  Default_Handler                
000009eb  EUSCIA0_IRQHandler             
000009eb  EUSCIA1_IRQHandler             
000009eb  EUSCIA2_IRQHandler             
000009eb  EUSCIA3_IRQHandler             
000009eb  EUSCIB0_IRQHandler             
000009eb  EUSCIB1_IRQHandler             
000009eb  EUSCIB2_IRQHandler             
000009eb  EUSCIB3_IRQHandler             
000009eb  FLCTL_IRQHandler               
000009eb  FPU_IRQHandler                 
000009eb  HardFault_Handler              
000009eb  MemManage_Handler              
000009eb  NMI_Handler                    
000009eb  PCM_IRQHandler                 
000009eb  PORT1_IRQHandler               
000009eb  PORT2_IRQHandler               
000009eb  PORT3_IRQHandler               
000009eb  PORT4_IRQHandler               
000009eb  PORT5_IRQHandler               
000009eb  PORT6_IRQHandler               
000009eb  PSS_IRQHandler                 
000009eb  PendSV_Handler                 
000000e5  Port1_Init                     
000001c3  Port1_Init2                    
00000105  Port1_Input                    
00000201  Port1_Input2                   
0000012f  Port1_Output                   
0000020b  Port1_Output2                  
0000010f  Port2_Init                     
00000229  Port2_Init2                    
0000014d  Port2_Output                   
0000025d  Port2_Output2                  
000009eb  RTC_C_IRQHandler               
00000311  RedLED_Init                    
000009df  Reset_Handler                  
UNDEFED   SHT$$INIT_ARRAY$$Base          
UNDEFED   SHT$$INIT_ARRAY$$Limit         
000009eb  SVC_Handler                    
000002dd  Switch_Init                    
000009eb  SysTick_Handler                
20000018  SystemCoreClock                
00000411  SystemCoreClockUpdate          
00000685  SystemInit                     
000009eb  T32_INT1_IRQHandler            
000009eb  T32_INT2_IRQHandler            
000009eb  T32_INTC_IRQHandler            
000009eb  TA0_0_IRQHandler               
000009eb  TA0_N_IRQHandler               
000009eb  TA1_0_IRQHandler               
000009eb  TA1_N_IRQHandler               
000009eb  TA2_0_IRQHandler               
000009eb  TA2_N_IRQHandler               
000009eb  TA3_0_IRQHandler               
000009eb  TA3_N_IRQHandler               
000009eb  UsageFault_Handler             
4000480c  WDTCTL_SYM                     
000009eb  WDT_A_IRQHandler               
20010000  __STACK_END                    
00000200  __STACK_SIZE                   
00000a18  __TI_CINIT_Base                
00000a20  __TI_CINIT_Limit               
00000a10  __TI_Handler_Table_Base        
00000a18  __TI_Handler_Table_Limit       
000007d9  __TI_auto_init                 
20000000  __TI_cleanup_ptr               
00000849  __TI_decompress_lzss           
000009d1  __TI_decompress_none           
20000004  __TI_dtors_ptr                 
20000008  __TI_enable_exit_profile_output
ffffffff  __TI_pprof_out_hndl            
ffffffff  __TI_prof_data_size            
ffffffff  __TI_prof_data_start           
00000000  __TI_static_base__             
0000073d  __aeabi_memcpy                 
0000073d  __aeabi_memcpy4                
0000073d  __aeabi_memcpy8                
ffffffff  __binit__                      
ffffffff  __c_args__                     
000009f1  __mpu_init                     
2000fe00  __stack                        
000009a5  _args_main                     
000008b1  _c_int00                       
2000000c  _lock                          
000009cb  _nop                           
000009c3  _register_lock                 
000009bd  _register_unlock               
000009f3  _system_post_cinit             
000009ed  _system_pre_init               
20000010  _unlock                        
00000909  abort                          
ffffffff  binit                          
00000959  copy_in                        
00000911  exit                           
00000000  interruptVectors               
00000161  main                           
0000027b  main2                          
00000365  main3                          
20000014  main_func_sp                   
0000073d  memcpy                         


GLOBAL SYMBOLS: SORTED BY Symbol Address 

address   name                           
-------   ----                           
00000000  __TI_static_base__             
00000000  interruptVectors               
000000e5  Port1_Init                     
00000105  Port1_Input                    
0000010f  Port2_Init                     
0000012f  Port1_Output                   
0000014d  Port2_Output                   
00000161  main                           
000001c3  Port1_Init2                    
00000200  __STACK_SIZE                   
00000201  Port1_Input2                   
0000020b  Port1_Output2                  
00000229  Port2_Init2                    
0000025d  Port2_Output2                  
0000027b  main2                          
000002dd  Switch_Init                    
00000311  RedLED_Init                    
00000331  ColorLED_Init                  
00000365  main3                          
00000411  SystemCoreClockUpdate          
00000685  SystemInit                     
0000073d  __aeabi_memcpy                 
0000073d  __aeabi_memcpy4                
0000073d  __aeabi_memcpy8                
0000073d  memcpy                         
000007d9  __TI_auto_init                 
00000849  __TI_decompress_lzss           
000008b1  _c_int00                       
00000905  C$$EXIT                        
00000909  abort                          
00000911  exit                           
00000959  copy_in                        
000009a5  _args_main                     
000009bd  _register_unlock               
000009c3  _register_lock                 
000009cb  _nop                           
000009d1  __TI_decompress_none           
000009df  Reset_Handler                  
000009eb  ADC14_IRQHandler               
000009eb  AES256_IRQHandler              
000009eb  BusFault_Handler               
000009eb  COMP_E0_IRQHandler             
000009eb  COMP_E1_IRQHandler             
000009eb  CS_IRQHandler                  
000009eb  DMA_ERR_IRQHandler             
000009eb  DMA_INT0_IRQHandler            
000009eb  DMA_INT1_IRQHandler            
000009eb  DMA_INT2_IRQHandler            
000009eb  DMA_INT3_IRQHandler            
000009eb  DebugMon_Handler               
000009eb  Default_Handler                
000009eb  EUSCIA0_IRQHandler             
000009eb  EUSCIA1_IRQHandler             
000009eb  EUSCIA2_IRQHandler             
000009eb  EUSCIA3_IRQHandler             
000009eb  EUSCIB0_IRQHandler             
000009eb  EUSCIB1_IRQHandler             
000009eb  EUSCIB2_IRQHandler             
000009eb  EUSCIB3_IRQHandler             
000009eb  FLCTL_IRQHandler               
000009eb  FPU_IRQHandler                 
000009eb  HardFault_Handler              
000009eb  MemManage_Handler              
000009eb  NMI_Handler                    
000009eb  PCM_IRQHandler                 
000009eb  PORT1_IRQHandler               
000009eb  PORT2_IRQHandler               
000009eb  PORT3_IRQHandler               
000009eb  PORT4_IRQHandler               
000009eb  PORT5_IRQHandler               
000009eb  PORT6_IRQHandler               
000009eb  PSS_IRQHandler                 
000009eb  PendSV_Handler                 
000009eb  RTC_C_IRQHandler               
000009eb  SVC_Handler                    
000009eb  SysTick_Handler                
000009eb  T32_INT1_IRQHandler            
000009eb  T32_INT2_IRQHandler            
000009eb  T32_INTC_IRQHandler            
000009eb  TA0_0_IRQHandler               
000009eb  TA0_N_IRQHandler               
000009eb  TA1_0_IRQHandler               
000009eb  TA1_N_IRQHandler               
000009eb  TA2_0_IRQHandler               
000009eb  TA2_N_IRQHandler               
000009eb  TA3_0_IRQHandler               
000009eb  TA3_N_IRQHandler               
000009eb  UsageFault_Handler             
000009eb  WDT_A_IRQHandler               
000009ed  _system_pre_init               
000009f1  __mpu_init                     
000009f3  _system_post_cinit             
00000a10  __TI_Handler_Table_Base        
00000a18  __TI_CINIT_Base                
00000a18  __TI_Handler_Table_Limit       
00000a20  __TI_CINIT_Limit               
20000000  __TI_cleanup_ptr               
20000004  __TI_dtors_ptr                 
20000008  __TI_enable_exit_profile_output
2000000c  _lock                          
20000010  _unlock                        
20000014  main_func_sp                   
20000018  SystemCoreClock                
2000fe00  __stack                        
20010000  __STACK_END                    
4000480c  WDTCTL_SYM                     
ffffffff  __TI_pprof_out_hndl            
ffffffff  __TI_prof_data_size            
ffffffff  __TI_prof_data_start           
ffffffff  __binit__                      
ffffffff  __c_args__                     
ffffffff  binit                          
UNDEFED   SHT$$INIT_ARRAY$$Base          
UNDEFED   SHT$$INIT_ARRAY$$Limit         

[114 symbols]
