******************************************************************************
                  TI ARM Linker PC v16.9.6                     
******************************************************************************
>> Linked Wed Oct 20 15:22:42 2021

OUTPUT FILE NAME:   <Lab3ref_SimpleMotors.out>
ENTRY POINT SYMBOL: "_c_int00"  address: 00000d75


MEMORY CONFIGURATION

         name            origin    length      used     unused   attr    fill
----------------------  --------  ---------  --------  --------  ----  --------
  MAIN                  00000000   00040000  00000ede  0003f122  R  X
  INFO                  00200000   00004000  00000000  00004000  R  X
  SRAM_CODE             01000000   00010000  00000234  0000fdcc  RW X
  SRAM_DATA             20000000   00010000  00000234  0000fdcc  RW  


SEGMENT ALLOCATION MAP

run origin  load origin   length   init length attrs members
----------  ----------- ---------- ----------- ----- -------
00000000    00000000    00000ee0   00000ee0    r-x
  00000000    00000000    000000e4   000000e4    r-- .intvecs
  000000e4    000000e4    00000dd2   00000dd2    r-x .text
  00000eb8    00000eb8    00000028   00000028    r-- .cinit
20000000    20000000    00000034   00000000    rw-
  20000000    20000000    00000034   00000000    rw- .data
2000fe00    2000fe00    00000200   00000000    rw-
  2000fe00    2000fe00    00000200   00000000    rw- .stack


SECTION ALLOCATION MAP

 output                                  attributes/
section   page    origin      length       input sections
--------  ----  ----------  ----------   ----------------
.intvecs   0    00000000    000000e4     
                  00000000    000000e4     startup_msp432p401r_ccs.obj (.intvecs:retain)

.binit     0    00000000    00000000     

.text      0    000000e4    00000dd2     
                  000000e4    0000032c     system_msp432p401r.obj (.text)
                  00000410    00000280     MotorSimple.obj (.text)
                  00000690    000001e0     Clock.obj (.text)
                  00000870    0000017c     Bump.obj (.text)
                  000009ec    000000f4     LaunchPad.obj (.text)
                  00000ae0    000000b2     Simple_Motorsmain.obj (.text)
                  00000b92    0000009c     rtsv7M4_T_le_v4SPD16_eabi.lib : memcpy_t2.obj (.text)
                  00000c2e    00000002                                   : mpu_init.obj (.text)
                  00000c30    00000070                                   : autoinit.obj (.text)
                  00000ca0    0000006c     SysTick.obj (.text)
                  00000d0c    00000068     rtsv7M4_T_le_v4SPD16_eabi.lib : copy_decompress_lzss.obj (.text:decompress:lzss)
                  00000d74    00000054                                   : boot.obj (.text)
                  00000dc8    00000054                                   : exit.obj (.text)
                  00000e1c    0000004c                                   : cpy_tbl.obj (.text)
                  00000e68    00000018                                   : args_main.obj (.text)
                  00000e80    00000014                                   : _lock.obj (.text)
                  00000e94    0000000e                                   : copy_decompress_none.obj (.text:decompress:none)
                  00000ea2    0000000e     startup_msp432p401r_ccs.obj (.text)
                  00000eb0    00000004     rtsv7M4_T_le_v4SPD16_eabi.lib : pre_init.obj (.text)
                  00000eb4    00000002                                   : startup.obj (.text)

.cinit     0    00000eb8    00000028     
                  00000eb8    00000017     (.cinit..data.load) [load image, compression = lzss]
                  00000ecf    00000001     --HOLE-- [fill = 0]
                  00000ed0    00000008     (__TI_handler_table)
                  00000ed8    00000008     (__TI_cinit_table)

.init_array 
*          0    00000000    00000000     UNINITIALIZED

.data      0    20000000    00000034     UNINITIALIZED
                  20000000    00000018     Clock.obj (.data)
                  20000018    0000000c     rtsv7M4_T_le_v4SPD16_eabi.lib : exit.obj (.data:$O1$$)
                  20000024    00000008                                   : _lock.obj (.data:$O1$$)
                  2000002c    00000004                                   : stkdepth_vars.obj (.data)
                  20000030    00000004     system_msp432p401r.obj (.data)

.stack     0    2000fe00    00000200     UNINITIALIZED
                  2000fe00    00000200     --HOLE--

MODULE SUMMARY

       Module                        code   ro data   rw data
       ------                        ----   -------   -------
    .\
       system_msp432p401r.obj        812    0         8      
       MotorSimple.obj               640    0         0      
       Clock.obj                     480    0         48     
       Bump.obj                      380    0         0      
       LaunchPad.obj                 244    0         0      
       startup_msp432p401r_ccs.obj   14     228       0      
       Simple_Motorsmain.obj         178    0         0      
       SysTick.obj                   108    0         0      
    +--+-----------------------------+------+---------+---------+
       Total:                        2856   228       56     
                                                             
    C:\ti\ccsv7\tools\compiler\ti-cgt-arm_16.9.6.LTS\lib\rtsv7M4_T_le_v4SPD16_eabi.lib
       memcpy_t2.obj                 156    0         0      
       autoinit.obj                  112    0         0      
       exit.obj                      84     0         24     
       copy_decompress_lzss.obj      104    0         0      
       boot.obj                      84     0         0      
       cpy_tbl.obj                   76     0         0      
       _lock.obj                     20     0         16     
       args_main.obj                 24     0         0      
       copy_decompress_none.obj      14     0         0      
       stkdepth_vars.obj             0      0         8      
       pre_init.obj                  4      0         0      
       mpu_init.obj                  2      0         0      
       startup.obj                   2      0         0      
    +--+-----------------------------+------+---------+---------+
       Total:                        682    0         48     
                                                             
       Stack:                        0      0         1024   
       Linker Generated:             0      39        0      
    +--+-----------------------------+------+---------+---------+
       Grand Total:                  3538   267       1128   


LINKER GENERATED COPY TABLES

__TI_cinit_table @ 00000ed8 records: 1, size/record: 8, table size: 8
	.data: load addr=00000eb8, load size=00000017 bytes, run addr=20000000, run size=00000034 bytes, compression=lzss


LINKER GENERATED HANDLER TABLE

__TI_handler_table @ 00000ed0 records: 2, size/record: 4, table size: 8
	index: 0, handler: __TI_decompress_lzss
	index: 1, handler: __TI_decompress_none


GLOBAL SYMBOLS: SORTED ALPHABETICALLY BY Name 

address   name                           
-------   ----                           
00000eaf  ADC14_IRQHandler               
00000eaf  AES256_IRQHandler              
00000871  Bump_Init                      
00000931  Bump_Read                      
00000eaf  BusFault_Handler               
00000dc9  C$$EXIT                        
00000eaf  COMP_E0_IRQHandler             
00000eaf  COMP_E1_IRQHandler             
20000008  CPMwait                        
00000eaf  CS_IRQHandler                  
20000000  ClockFrequency                 
000007e5  Clock_Delay1ms                 
000007bb  Clock_Delay1us                 
000007a7  Clock_GetFreq                  
00000691  Clock_Init48MHz                
20000014  Crystalstable                  
00000eaf  DMA_ERR_IRQHandler             
00000eaf  DMA_INT0_IRQHandler            
00000eaf  DMA_INT1_IRQHandler            
00000eaf  DMA_INT2_IRQHandler            
00000eaf  DMA_INT3_IRQHandler            
00000eaf  DebugMon_Handler               
00000eaf  Default_Handler                
00000eaf  EUSCIA0_IRQHandler             
00000eaf  EUSCIA1_IRQHandler             
00000eaf  EUSCIA2_IRQHandler             
00000eaf  EUSCIA3_IRQHandler             
00000eaf  EUSCIB0_IRQHandler             
00000eaf  EUSCIB1_IRQHandler             
00000eaf  EUSCIB2_IRQHandler             
00000eaf  EUSCIB3_IRQHandler             
00000eaf  FLCTL_IRQHandler               
00000eaf  FPU_IRQHandler                 
00000eaf  HardFault_Handler              
20000010  IFlags                         
000009ed  LaunchPad_Init                 
00000a5d  LaunchPad_Input                
00000a77  LaunchPad_LED                  
00000a95  LaunchPad_Output               
00000eaf  MemManage_Handler              
00000535  Motor_BackwardSimple           
000004d1  Motor_ForwardSimple            
00000437  Motor_InitSimple               
00000599  Motor_LeftSimple               
000005fd  Motor_RightSimple              
000004b1  Motor_StopSimple               
00000eaf  NMI_Handler                    
00000eaf  PCM_IRQHandler                 
00000eaf  PORT1_IRQHandler               
00000eaf  PORT2_IRQHandler               
00000eaf  PORT3_IRQHandler               
000008d7  PORT4_IRQHandler               
000008d7  PORT4_IRQHandler               
00000eaf  PORT5_IRQHandler               
00000eaf  PORT6_IRQHandler               
00000eaf  PSS_IRQHandler                 
00000ae1  Pause                          
00000eaf  PendSV_Handler                 
2000000c  Postwait                       
20000004  Prewait                        
00000eaf  RTC_C_IRQHandler               
00000ea3  Reset_Handler                  
UNDEFED   SHT$$INIT_ARRAY$$Base          
UNDEFED   SHT$$INIT_ARRAY$$Limit         
00000eaf  SVC_Handler                    
00000eaf  SysTick_Handler                
00000ca1  SysTick_Init                   
00000cb1  SysTick_Wait                   
00000cd7  SysTick_Wait10ms               
00000411  SysTick_Wait1us                
20000030  SystemCoreClock                
000000e5  SystemCoreClockUpdate          
00000359  SystemInit                     
00000eaf  T32_INT1_IRQHandler            
00000eaf  T32_INT2_IRQHandler            
00000eaf  T32_INTC_IRQHandler            
00000eaf  TA0_0_IRQHandler               
00000eaf  TA0_N_IRQHandler               
00000eaf  TA1_0_IRQHandler               
00000eaf  TA1_N_IRQHandler               
00000eaf  TA2_0_IRQHandler               
00000eaf  TA2_N_IRQHandler               
00000eaf  TA3_0_IRQHandler               
00000eaf  TA3_N_IRQHandler               
00000eaf  UsageFault_Handler             
4000480c  WDTCTL_SYM                     
00000eaf  WDT_A_IRQHandler               
20010000  __STACK_END                    
00000200  __STACK_SIZE                   
00000ed8  __TI_CINIT_Base                
00000ee0  __TI_CINIT_Limit               
00000ed0  __TI_Handler_Table_Base        
00000ed8  __TI_Handler_Table_Limit       
00000c31  __TI_auto_init                 
20000018  __TI_cleanup_ptr               
00000d0d  __TI_decompress_lzss           
00000e95  __TI_decompress_none           
2000001c  __TI_dtors_ptr                 
20000020  __TI_enable_exit_profile_output
ffffffff  __TI_pprof_out_hndl            
ffffffff  __TI_prof_data_size            
ffffffff  __TI_prof_data_start           
00000000  __TI_static_base__             
00000b93  __aeabi_memcpy                 
00000b93  __aeabi_memcpy4                
00000b93  __aeabi_memcpy8                
ffffffff  __binit__                      
ffffffff  __c_args__                     
00000c2f  __mpu_init                     
2000fe00  __stack                        
00000e69  _args_main                     
00000d75  _c_int00                       
20000024  _lock                          
00000e8f  _nop                           
00000e87  _register_lock                 
00000e81  _register_unlock               
00000eb5  _system_post_cinit             
00000eb1  _system_pre_init               
20000028  _unlock                        
00000dcd  abort                          
ffffffff  binit                          
00000e1d  copy_in                        
000007ad  delay                          
00000dd5  exit                           
00000000  interruptVectors               
00000af5  main                           
2000002c  main_func_sp                   
00000b93  memcpy                         


GLOBAL SYMBOLS: SORTED BY Symbol Address 

address   name                           
-------   ----                           
00000000  __TI_static_base__             
00000000  interruptVectors               
000000e5  SystemCoreClockUpdate          
00000200  __STACK_SIZE                   
00000359  SystemInit                     
00000411  SysTick_Wait1us                
00000437  Motor_InitSimple               
000004b1  Motor_StopSimple               
000004d1  Motor_ForwardSimple            
00000535  Motor_BackwardSimple           
00000599  Motor_LeftSimple               
000005fd  Motor_RightSimple              
00000691  Clock_Init48MHz                
000007a7  Clock_GetFreq                  
000007ad  delay                          
000007bb  Clock_Delay1us                 
000007e5  Clock_Delay1ms                 
00000871  Bump_Init                      
000008d7  PORT4_IRQHandler               
000008d7  PORT4_IRQHandler               
00000931  Bump_Read                      
000009ed  LaunchPad_Init                 
00000a5d  LaunchPad_Input                
00000a77  LaunchPad_LED                  
00000a95  LaunchPad_Output               
00000ae1  Pause                          
00000af5  main                           
00000b93  __aeabi_memcpy                 
00000b93  __aeabi_memcpy4                
00000b93  __aeabi_memcpy8                
00000b93  memcpy                         
00000c2f  __mpu_init                     
00000c31  __TI_auto_init                 
00000ca1  SysTick_Init                   
00000cb1  SysTick_Wait                   
00000cd7  SysTick_Wait10ms               
00000d0d  __TI_decompress_lzss           
00000d75  _c_int00                       
00000dc9  C$$EXIT                        
00000dcd  abort                          
00000dd5  exit                           
00000e1d  copy_in                        
00000e69  _args_main                     
00000e81  _register_unlock               
00000e87  _register_lock                 
00000e8f  _nop                           
00000e95  __TI_decompress_none           
00000ea3  Reset_Handler                  
00000eaf  ADC14_IRQHandler               
00000eaf  AES256_IRQHandler              
00000eaf  BusFault_Handler               
00000eaf  COMP_E0_IRQHandler             
00000eaf  COMP_E1_IRQHandler             
00000eaf  CS_IRQHandler                  
00000eaf  DMA_ERR_IRQHandler             
00000eaf  DMA_INT0_IRQHandler            
00000eaf  DMA_INT1_IRQHandler            
00000eaf  DMA_INT2_IRQHandler            
00000eaf  DMA_INT3_IRQHandler            
00000eaf  DebugMon_Handler               
00000eaf  Default_Handler                
00000eaf  EUSCIA0_IRQHandler             
00000eaf  EUSCIA1_IRQHandler             
00000eaf  EUSCIA2_IRQHandler             
00000eaf  EUSCIA3_IRQHandler             
00000eaf  EUSCIB0_IRQHandler             
00000eaf  EUSCIB1_IRQHandler             
00000eaf  EUSCIB2_IRQHandler             
00000eaf  EUSCIB3_IRQHandler             
00000eaf  FLCTL_IRQHandler               
00000eaf  FPU_IRQHandler                 
00000eaf  HardFault_Handler              
00000eaf  MemManage_Handler              
00000eaf  NMI_Handler                    
00000eaf  PCM_IRQHandler                 
00000eaf  PORT1_IRQHandler               
00000eaf  PORT2_IRQHandler               
00000eaf  PORT3_IRQHandler               
00000eaf  PORT5_IRQHandler               
00000eaf  PORT6_IRQHandler               
00000eaf  PSS_IRQHandler                 
00000eaf  PendSV_Handler                 
00000eaf  RTC_C_IRQHandler               
00000eaf  SVC_Handler                    
00000eaf  SysTick_Handler                
00000eaf  T32_INT1_IRQHandler            
00000eaf  T32_INT2_IRQHandler            
00000eaf  T32_INTC_IRQHandler            
00000eaf  TA0_0_IRQHandler               
00000eaf  TA0_N_IRQHandler               
00000eaf  TA1_0_IRQHandler               
00000eaf  TA1_N_IRQHandler               
00000eaf  TA2_0_IRQHandler               
00000eaf  TA2_N_IRQHandler               
00000eaf  TA3_0_IRQHandler               
00000eaf  TA3_N_IRQHandler               
00000eaf  UsageFault_Handler             
00000eaf  WDT_A_IRQHandler               
00000eb1  _system_pre_init               
00000eb5  _system_post_cinit             
00000ed0  __TI_Handler_Table_Base        
00000ed8  __TI_CINIT_Base                
00000ed8  __TI_Handler_Table_Limit       
00000ee0  __TI_CINIT_Limit               
20000000  ClockFrequency                 
20000004  Prewait                        
20000008  CPMwait                        
2000000c  Postwait                       
20000010  IFlags                         
20000014  Crystalstable                  
20000018  __TI_cleanup_ptr               
2000001c  __TI_dtors_ptr                 
20000020  __TI_enable_exit_profile_output
20000024  _lock                          
20000028  _unlock                        
2000002c  main_func_sp                   
20000030  SystemCoreClock                
2000fe00  __stack                        
20010000  __STACK_END                    
4000480c  WDTCTL_SYM                     
ffffffff  __TI_pprof_out_hndl            
ffffffff  __TI_prof_data_size            
ffffffff  __TI_prof_data_start           
ffffffff  __binit__                      
ffffffff  __c_args__                     
ffffffff  binit                          
UNDEFED   SHT$$INIT_ARRAY$$Base          
UNDEFED   SHT$$INIT_ARRAY$$Limit         

[128 symbols]
