******************************************************************************
                  TI ARM Linker PC v16.9.6                     
******************************************************************************
>> Linked Thu Jun 27 16:48:29 2019

OUTPUT FILE NAME:   <Lab15_ADC.out>
ENTRY POINT SYMBOL: "_c_int00"  address: 00002d9d


MEMORY CONFIGURATION

         name            origin    length      used     unused   attr    fill
----------------------  --------  ---------  --------  --------  ----  --------
  MAIN                  00000000   00040000  00003170  0003ce90  R  X
  INFO                  00200000   00004000  00000000  00004000  R  X
  SRAM_CODE             01000000   00010000  00004694  0000b96c  RW X
  SRAM_DATA             20000000   00010000  00004694  0000b96c  RW  


SEGMENT ALLOCATION MAP

run origin  load origin   length   init length attrs members
----------  ----------- ---------- ----------- ----- -------
00000000    00000000    00003170   00003170    r-x
  00000000    00000000    000000e4   000000e4    r-- .intvecs
  000000e4    000000e4    00002f94   00002f94    r-x .text
  00003078    00003078    000000f8   000000f8    r-- .cinit
20000000    20000000    00004494   00000000    rw-
  20000000    20000000    00003e20   00000000    rw- .bss
  20003e20    20003e20    00000400   00000000    rw- .sysmem
  20004220    20004220    00000274   00000000    rw- .data
2000fe00    2000fe00    00000200   00000000    rw-
  2000fe00    2000fe00    00000200   00000000    rw- .stack


SECTION ALLOCATION MAP

 output                                  attributes/
section   page    origin      length       input sections
--------  ----  ----------  ----------   ----------------
.intvecs   0    00000000    000000e4     
                  00000000    000000e4     startup_msp432p401r_ccs.obj (.intvecs:retain)

.binit     0    00000000    00000000     

.text      0    000000e4    00002f94     
                  000000e4    00000798     Lab15_ADCmain.obj (.text)
                  0000087c    000006bc     UART0.obj (.text)
                  00000f38    00000408     IRDistance.obj (.text)
                  00001340    000003d0     rtsv7M4_T_le_v4SPD16_eabi.lib : memory.obj (.text)
                  00001710    0000032c     system_msp432p401r.obj (.text)
                  00001a3c    00000308     LPF.obj (.text)
                  00001d44    00000260     ADC14.obj (.text)
                  00001fa4    000001e0     Clock.obj (.text)
                  00002184    000001c4     rtsv7M4_T_le_v4SPD16_eabi.lib : fopen.obj (.text)
                  00002348    000000f4     LaunchPad.obj (.text)
                  0000243c    000000dc     rtsv7M4_T_le_v4SPD16_eabi.lib : setvbuf.obj (.text)
                  00002518    000000c8                                   : fflush.obj (.text)
                  000025e0    000000bc                                   : open.obj (.text)
                  0000269c    000000b8                                   : add_device.obj (.text)
                  00002754    000000ac     TimerA1.obj (.text)
                  00002800    0000009c     rtsv7M4_T_le_v4SPD16_eabi.lib : memcpy_t2.obj (.text)
                  0000289c    00000098                                   : fclose.obj (.text)
                  00002934    0000007a                                   : memset_t2.obj (.text)
                  000029ae    00000002                                   : mpu_init.obj (.text)
                  000029b0    00000070                                   : autoinit.obj (.text)
                  00002a20    00000070                                   : getdevice.obj (.text)
                  00002a90    00000068                                   : copy_decompress_lzss.obj (.text:decompress:lzss)
                  00002af8    00000068                                   : hostlseek.obj (.text)
                  00002b60    00000068                                   : hostrename.obj (.text)
                  00002bc8    00000068                                   : trgmsg.obj (.text)
                  00002c30    00000060                                   : hostopen.obj (.text)
                  00002c90    0000005c                                   : close.obj (.text)
                  00002cec    00000058                                   : hostread.obj (.text)
                  00002d44    00000058                                   : hostwrite.obj (.text)
                  00002d9c    00000054                                   : boot.obj (.text)
                  00002df0    00000054                                   : exit.obj (.text)
                  00002e44    0000004c                                   : cpy_tbl.obj (.text)
                  00002e90    00000044                                   : hostclose.obj (.text)
                  00002ed4    00000044                                   : hostunlink.obj (.text)
                  00002f18    00000036                                   : strncpy.obj (.text)
                  00002f4e    00000002                                   : startup.obj (.text)
                  00002f50    0000002c                                   : unlink.obj (.text)
                  00002f7c    00000028                                   : write.obj (.text)
                  00002fa4    00000024     CortexM.obj (.text)
                  00002fc8    00000018     rtsv7M4_T_le_v4SPD16_eabi.lib : args_main.obj (.text)
                  00002fe0    00000018                                   : strcmp.obj (.text)
                  00002ff8    00000016                                   : strchr.obj (.text)
                  0000300e    00000002     --HOLE-- [fill = 0]
                  00003010    00000014                                   : _lock.obj (.text)
                  00003024    00000014                                   : strcpy.obj (.text)
                  00003038    00000014                                   : strlen.obj (.text)
                  0000304c    0000000e                                   : copy_decompress_none.obj (.text:decompress:none)
                  0000305a    0000000e     startup_msp432p401r_ccs.obj (.text)
                  00003068    0000000c     rtsv7M4_T_le_v4SPD16_eabi.lib : copy_zero_init.obj (.text:decompress:ZI)
                  00003074    00000004                                   : pre_init.obj (.text)

.cinit     0    00003078    000000f8     
                  00003078    000000d0     (.cinit..data.load) [load image, compression = lzss]
                  00003148    0000000c     (__TI_handler_table)
                  00003154    00000004     --HOLE-- [fill = 0]
                  00003158    00000008     (.cinit..bss.load) [load image, compression = zero_init]
                  00003160    00000010     (__TI_cinit_table)

.init_array 
*          0    00000000    00000000     UNINITIALIZED

.bss       0    20000000    00003e20     UNINITIALIZED
                  20000000    00001000     (.common:x)
                  20001000    00001000     (.common:x2)
                  20002000    00001000     (.common:x3)
                  20003000    00000800     (.common:Histogram)
                  20003800    00000400     (.common:Data)
                  20003c00    00000120     rtsv7M4_T_le_v4SPD16_eabi.lib : trgmsg.obj (.bss:_CIOBUF_)
                  20003d20    000000a0     (.common:__TI_tmpnams)
                  20003dc0    00000008     (.common:Messageb)
                  20003dc8    00000008     (.common:parmbuf)
                  20003dd0    00000004     (.common:ADCflag)
                  20003dd4    00000004     (.common:ADCvalue)
                  20003dd8    00000004     (.common:Average)
                  20003ddc    00000004     (.common:I1)
                  20003de0    00000004     (.common:LPFSum)
                  20003de4    00000004     (.common:LPFSum2)
                  20003de8    00000004     (.common:LPFSum3)
                  20003dec    00000004     (.common:Messageindexb)
                  20003df0    00000004     (.common:Pt)
                  20003df4    00000004     (.common:Pt2)
                  20003df8    00000004     (.common:Pt3)
                  20003dfc    00000004     (.common:Sigma)
                  20003e00    00000004     (.common:Size)
                  20003e04    00000004     (.common:Sum)
                  20003e08    00000004     (.common:Sum2)
                  20003e0c    00000004     (.common:TimerA1Task)
                  20003e10    00000004     (.common:Variance)
                  20003e14    00000004     (.common:nc)
                  20003e18    00000004     (.common:nl)
                  20003e1c    00000004     (.common:nr)

.sysmem    0    20003e20    00000400     UNINITIALIZED
                  20003e20    00000008     rtsv7M4_T_le_v4SPD16_eabi.lib : memory.obj (.sysmem)
                  20003e28    000003f8     --HOLE--

.data      0    20004220    00000274     UNINITIALIZED
                  20004220    000000f0     rtsv7M4_T_le_v4SPD16_eabi.lib : defs.obj (.data:_ftable)
                  20004310    00000078                                   : write.obj (.data:_device)
                  20004388    00000050                                   : write.obj (.data:_stream)
                  200043d8    00000018     Clock.obj (.data)
                  200043f0    00000018     IRDistance.obj (.data:distance_tbl)
                  20004408    00000018     IRDistance.obj (.data:nc_tbl)
                  20004420    00000018     IRDistance.obj (.data:nl_tbl)
                  20004438    00000018     IRDistance.obj (.data:nr_tbl)
                  20004450    00000010     rtsv7M4_T_le_v4SPD16_eabi.lib : defs.obj (.data)
                  20004460    0000000c                                   : exit.obj (.data:$O1$$)
                  2000446c    0000000c                                   : memory.obj (.data:$O1$$)
                  20004478    00000008                                   : _lock.obj (.data:$O1$$)
                  20004480    00000004                                   : add_device.obj (.data)
                  20004484    00000004                                   : fopen.obj (.data)
                  20004488    00000004                                   : open.obj (.data)
                  2000448c    00000004                                   : stkdepth_vars.obj (.data)
                  20004490    00000004     system_msp432p401r.obj (.data)

.stack     0    2000fe00    00000200     UNINITIALIZED
                  2000fe00    00000200     --HOLE--

MODULE SUMMARY

       Module                        code    ro data   rw data
       ------                        ----    -------   -------
    .\
       LPF.obj                       776     0         24640  
       Lab15_ADCmain.obj             1944    0         6224   
       UART0.obj                     1724    0         24     
       IRDistance.obj                1032    0         192    
       system_msp432p401r.obj        812     0         8      
       ADC14.obj                     608     0         0      
       Clock.obj                     480     0         48     
       LaunchPad.obj                 244     0         0      
       startup_msp432p401r_ccs.obj   14      228       0      
       TimerA1.obj                   172     0         8      
       CortexM.obj                   36      0         0      
    +--+-----------------------------+-------+---------+---------+
       Total:                        7842    228       31144  
                                                              
    C:\ti\ccs740\ccsv7\tools\compiler\ti-cgt-arm_16.9.6.LTS\lib\rtsv7M4_T_le_v4SPD16_eabi.lib
       memory.obj                    976     0         24     
       defs.obj                      0       0         832    
       trgmsg.obj                    104     0         576    
       fopen.obj                     452     0         8      
       write.obj                     40      0         400    
       setvbuf.obj                   220     0         0      
       fflush.obj                    200     0         0      
       open.obj                      188     0         8      
       add_device.obj                184     0         8      
       memcpy_t2.obj                 156     0         0      
       fclose.obj                    152     0         0      
       memset_t2.obj                 122     0         0      
       autoinit.obj                  112     0         0      
       getdevice.obj                 112     0         0      
       hostopen.obj                  96      0         16     
       exit.obj                      84      0         24     
       copy_decompress_lzss.obj      104     0         0      
       hostlseek.obj                 104     0         0      
       hostrename.obj                104     0         0      
       close.obj                     92      0         0      
       hostread.obj                  88      0         0      
       hostwrite.obj                 88      0         0      
       boot.obj                      84      0         0      
       cpy_tbl.obj                   76      0         0      
       hostclose.obj                 68      0         0      
       hostunlink.obj                68      0         0      
       strncpy.obj                   54      0         0      
       unlink.obj                    44      0         0      
       _lock.obj                     20      0         16     
       args_main.obj                 24      0         0      
       strcmp.obj                    24      0         0      
       strchr.obj                    22      0         0      
       strcpy.obj                    20      0         0      
       strlen.obj                    20      0         0      
       copy_decompress_none.obj      14      0         0      
       copy_zero_init.obj            12      0         0      
       stkdepth_vars.obj             0       0         8      
       pre_init.obj                  4       0         0      
       mpu_init.obj                  2       0         0      
       startup.obj                   2       0         0      
    +--+-----------------------------+-------+---------+---------+
       Total:                        4336    0         1920   
                                                              
       Heap:                         0       0         2048   
       Stack:                        0       0         1024   
       Linker Generated:             0       244       0      
    +--+-----------------------------+-------+---------+---------+
       Grand Total:                  12178   472       36136  


LINKER GENERATED COPY TABLES

__TI_cinit_table @ 00003160 records: 2, size/record: 8, table size: 16
	.data: load addr=00003078, load size=000000d0 bytes, run addr=20004220, run size=00000274 bytes, compression=lzss
	.bss: load addr=00003158, load size=00000008 bytes, run addr=20000000, run size=00003e20 bytes, compression=zero_init


LINKER GENERATED HANDLER TABLE

__TI_handler_table @ 00003148 records: 3, size/record: 4, table size: 12
	index: 0, handler: __TI_decompress_lzss
	index: 1, handler: __TI_decompress_none
	index: 2, handler: __TI_zero_init


GLOBAL SYMBOLS: SORTED ALPHABETICALLY BY Name 

address   name                           
-------   ----                           
00001e41  ADC0_InitSWTriggerCh12         
00001eb1  ADC0_InitSWTriggerCh17_12_16   
00001d45  ADC0_InitSWTriggerCh6          
00001db5  ADC0_InitSWTriggerCh67         
00003067  ADC14_IRQHandler               
00001e91  ADC_In12                       
00001f21  ADC_In17_12_16                 
00001d95  ADC_In6                        
00001e0b  ADC_In67                       
20003dd0  ADCflag                        
20003dd4  ADCvalue                       
00003067  AES256_IRQHandler              
20003dd8  Average                        
00003067  BusFault_Handler               
00002df1  C$$EXIT                        
00002bf7  C$$IO$$                        
00003067  COMP_E0_IRQHandler             
00003067  COMP_E1_IRQHandler             
200043e0  CPMwait                        
00003067  CS_IRQHandler                  
00001069  CenterConvert                  
200043d8  ClockFrequency                 
000020f9  Clock_Delay1ms                 
000020cf  Clock_Delay1us                 
000020bb  Clock_GetFreq                  
00001fa5  Clock_Init48MHz                
200043ec  Crystalstable                  
00003067  DMA_ERR_IRQHandler             
00003067  DMA_INT0_IRQHandler            
00003067  DMA_INT1_IRQHandler            
00003067  DMA_INT2_IRQHandler            
00003067  DMA_INT3_IRQHandler            
20003800  Data                           
00003067  DebugMon_Handler               
00003067  Default_Handler                
00002fa5  DisableInterrupts              
00003067  EUSCIA0_IRQHandler             
00003067  EUSCIA1_IRQHandler             
00003067  EUSCIA2_IRQHandler             
00003067  EUSCIA3_IRQHandler             
00003067  EUSCIB0_IRQHandler             
00003067  EUSCIB1_IRQHandler             
00003067  EUSCIB2_IRQHandler             
00003067  EUSCIB3_IRQHandler             
00002fab  EnableInterrupts               
00002fbb  EndCritical                    
00003067  FLCTL_IRQHandler               
00003067  FPU_IRQHandler                 
00002e91  HOSTclose                      
00002af9  HOSTlseek                      
00002c31  HOSTopen                       
00002ced  HOSTread                       
00002b61  HOSTrename                     
00002ed5  HOSTunlink                     
00002d45  HOSTwrite                      
00003067  HardFault_Handler              
20003000  Histogram                      
20003ddc  I1                             
200043e8  IFlags                         
20003de0  LPFSum                         
20003de4  LPFSum2                        
20003de8  LPFSum3                        
00001b51  LPF_Calc                       
00001bf9  LPF_Calc2                      
00001cbd  LPF_Calc3                      
00001a91  LPF_Calc_old                   
00001af3  LPF_Init                       
00001ba5  LPF_Init2                      
00001c5b  LPF_Init3                      
00001a3d  LPF_Init_old                   
00002349  LaunchPad_Init                 
000023b9  LaunchPad_Input                
000023d3  LaunchPad_LED                  
000023f1  LaunchPad_Output               
00000f39  LeftConvert                    
00003067  MemManage_Handler              
20003dc0  Messageb                       
20003dec  Messageindexb                  
00003067  NMI_Handler                    
00003067  PCM_IRQHandler                 
00003067  PORT1_IRQHandler               
00003067  PORT2_IRQHandler               
00003067  PORT3_IRQHandler               
00003067  PORT4_IRQHandler               
00003067  PORT5_IRQHandler               
00003067  PORT6_IRQHandler               
00003067  PSS_IRQHandler                 
00003067  PendSV_Handler                 
200043e4  Postwait                       
200043dc  Prewait                        
00000161  Program15_1                    
000000e5  Program15_1_ISR                
00000579  Program15_2                    
0000051d  Program15_2_ISR                
20003df0  Pt                             
20003df4  Pt2                            
20003df8  Pt3                            
00003067  RTC_C_IRQHandler               
0000305b  Reset_Handler                  
000011b1  RightConvert                   
UNDEFED   SHT$$INIT_ARRAY$$Base          
UNDEFED   SHT$$INIT_ARRAY$$Limit         
00003067  SVC_Handler                    
20003dfc  Sigma                          
20003e00  Size                           
00002fb1  StartCritical                  
20003e04  Sum                            
20003e08  Sum2                           
00003067  SysTick_Handler                
20004490  SystemCoreClock                
00001711  SystemCoreClockUpdate          
00001985  SystemInit                     
00003067  T32_INT1_IRQHandler            
00003067  T32_INT2_IRQHandler            
00003067  T32_INTC_IRQHandler            
00003067  TA0_0_IRQHandler               
00003067  TA0_N_IRQHandler               
000027c7  TA1_0_IRQHandler               
000027c7  TA1_0_IRQHandler               
00003067  TA1_N_IRQHandler               
00003067  TA2_0_IRQHandler               
00003067  TA2_N_IRQHandler               
00003067  TA3_0_IRQHandler               
00003067  TA3_N_IRQHandler               
20003e0c  TimerA1Task                    
00002755  TimerA1_Init                   
000027b3  TimerA1_Stop                   
000008c3  UART0_InChar                   
00000d4d  UART0_InString                 
0000090d  UART0_InUDec                   
00000c01  UART0_InUHex                   
0000087d  UART0_Init                     
00000ead  UART0_Initprintf               
000008d3  UART0_OutChar                  
000008ef  UART0_OutString                
00000991  UART0_OutUDec                  
00000afd  UART0_OutUDec4                 
00000b51  UART0_OutUDec5                 
00000b8d  UART0_OutUFix1                 
00000bb5  UART0_OutUFix2                 
00000cc5  UART0_OutUHex                  
00000d31  UART0_OutUHex2                 
00003067  UsageFault_Handler             
20003e10  Variance                       
4000480c  WDTCTL_SYM                     
00003067  WDT_A_IRQHandler               
00002fc3  WaitForInterrupt               
20003c00  __CIOBUF_                      
20010000  __STACK_END                    
00000200  __STACK_SIZE                   
00000400  __SYSMEM_SIZE                  
00003160  __TI_CINIT_Base                
00003170  __TI_CINIT_Limit               
00003148  __TI_Handler_Table_Base        
00003154  __TI_Handler_Table_Limit       
000029b1  __TI_auto_init                 
0000224d  __TI_cleanup                   
20004460  __TI_cleanup_ptr               
0000289d  __TI_closefile                 
00002a91  __TI_decompress_lzss           
0000304d  __TI_decompress_none           
00002519  __TI_doflush                   
20004464  __TI_dtors_ptr                 
20004468  __TI_enable_exit_profile_output
20004450  __TI_ft_end                    
ffffffff  __TI_pprof_out_hndl            
ffffffff  __TI_prof_data_size            
ffffffff  __TI_prof_data_start           
00002bfb  __TI_readmsg                   
00000000  __TI_static_base__             
20003d20  __TI_tmpnams                   
00002bc9  __TI_writemsg                  
00003069  __TI_zero_init                 
00002935  __aeabi_memclr                 
00002935  __aeabi_memclr4                
00002935  __aeabi_memclr8                
00002801  __aeabi_memcpy                 
00002801  __aeabi_memcpy4                
00002801  __aeabi_memcpy8                
00002937  __aeabi_memset                 
00002937  __aeabi_memset4                
00002937  __aeabi_memset8                
2000445c  __aeabi_stderr                 
20004454  __aeabi_stdin                  
20004458  __aeabi_stdout                 
ffffffff  __binit__                      
ffffffff  __c_args__                     
000029af  __mpu_init                     
2000fe00  __stack                        
00002fc9  _args_main                     
00002d9d  _c_int00                       
20004310  _device                        
20004220  _ftable                        
20004478  _lock                          
0000301f  _nop                           
00003017  _register_lock                 
00003011  _register_unlock               
20004388  _stream                        
20003e20  _sys_memory                    
00002f4f  _system_post_cinit             
00003075  _system_pre_init               
2000447c  _unlock                        
00002df5  abort                          
0000269d  add_device                     
ffffffff  binit                          
000016e1  calloc                         
00002c91  close                          
00002e45  copy_in                        
000020c1  delay                          
200043f0  distance_tbl                   
00002dfd  exit                           
00002903  fclose                         
00000de7  ferror                         
00002565  fflush                         
00000dc7  fgetc                          
00002a21  finddevice                     
000022a3  fopen                          
0000142b  free                           
00002279  freopen                        
00002a4b  getdevice                      
00000000  interruptVectors               
00000681  main                           
2000448c  main_func_sp                   
000013c1  malloc                         
000015f5  memalign                       
00002801  memcpy                         
0000293d  memset                         
00001341  minit                          
20003e14  nc                             
20004408  nc_tbl                         
20003e18  nl                             
20004420  nl_tbl                         
20003e1c  nr                             
20004438  nr_tbl                         
000025e1  open                           
00000d09  outnibble                      
20003dc8  parmbuf                        
000014eb  realloc                        
00002f51  remove                         
0000243d  setvbuf                        
0000011d  sqrt                           
00002ff9  strchr                         
00002fe1  strcmp                         
00003025  strcpy                         
00003039  strlen                         
00002f19  strncpy                        
00000e05  uart_close                     
00000e83  uart_lseek                     
00000df5  uart_open                      
00000e17  uart_read                      
00000e9f  uart_rename                    
00000e93  uart_unlink                    
00000e41  uart_write                     
00002f51  unlink                         
00002f7d  write                          
20000000  x                              
20001000  x2                             
20002000  x3                             


GLOBAL SYMBOLS: SORTED BY Symbol Address 

address   name                           
-------   ----                           
00000000  __TI_static_base__             
00000000  interruptVectors               
000000e5  Program15_1_ISR                
0000011d  sqrt                           
00000161  Program15_1                    
00000200  __STACK_SIZE                   
00000400  __SYSMEM_SIZE                  
0000051d  Program15_2_ISR                
00000579  Program15_2                    
00000681  main                           
0000087d  UART0_Init                     
000008c3  UART0_InChar                   
000008d3  UART0_OutChar                  
000008ef  UART0_OutString                
0000090d  UART0_InUDec                   
00000991  UART0_OutUDec                  
00000afd  UART0_OutUDec4                 
00000b51  UART0_OutUDec5                 
00000b8d  UART0_OutUFix1                 
00000bb5  UART0_OutUFix2                 
00000c01  UART0_InUHex                   
00000cc5  UART0_OutUHex                  
00000d09  outnibble                      
00000d31  UART0_OutUHex2                 
00000d4d  UART0_InString                 
00000dc7  fgetc                          
00000de7  ferror                         
00000df5  uart_open                      
00000e05  uart_close                     
00000e17  uart_read                      
00000e41  uart_write                     
00000e83  uart_lseek                     
00000e93  uart_unlink                    
00000e9f  uart_rename                    
00000ead  UART0_Initprintf               
00000f39  LeftConvert                    
00001069  CenterConvert                  
000011b1  RightConvert                   
00001341  minit                          
000013c1  malloc                         
0000142b  free                           
000014eb  realloc                        
000015f5  memalign                       
000016e1  calloc                         
00001711  SystemCoreClockUpdate          
00001985  SystemInit                     
00001a3d  LPF_Init_old                   
00001a91  LPF_Calc_old                   
00001af3  LPF_Init                       
00001b51  LPF_Calc                       
00001ba5  LPF_Init2                      
00001bf9  LPF_Calc2                      
00001c5b  LPF_Init3                      
00001cbd  LPF_Calc3                      
00001d45  ADC0_InitSWTriggerCh6          
00001d95  ADC_In6                        
00001db5  ADC0_InitSWTriggerCh67         
00001e0b  ADC_In67                       
00001e41  ADC0_InitSWTriggerCh12         
00001e91  ADC_In12                       
00001eb1  ADC0_InitSWTriggerCh17_12_16   
00001f21  ADC_In17_12_16                 
00001fa5  Clock_Init48MHz                
000020bb  Clock_GetFreq                  
000020c1  delay                          
000020cf  Clock_Delay1us                 
000020f9  Clock_Delay1ms                 
0000224d  __TI_cleanup                   
00002279  freopen                        
000022a3  fopen                          
00002349  LaunchPad_Init                 
000023b9  LaunchPad_Input                
000023d3  LaunchPad_LED                  
000023f1  LaunchPad_Output               
0000243d  setvbuf                        
00002519  __TI_doflush                   
00002565  fflush                         
000025e1  open                           
0000269d  add_device                     
00002755  TimerA1_Init                   
000027b3  TimerA1_Stop                   
000027c7  TA1_0_IRQHandler               
000027c7  TA1_0_IRQHandler               
00002801  __aeabi_memcpy                 
00002801  __aeabi_memcpy4                
00002801  __aeabi_memcpy8                
00002801  memcpy                         
0000289d  __TI_closefile                 
00002903  fclose                         
00002935  __aeabi_memclr                 
00002935  __aeabi_memclr4                
00002935  __aeabi_memclr8                
00002937  __aeabi_memset                 
00002937  __aeabi_memset4                
00002937  __aeabi_memset8                
0000293d  memset                         
000029af  __mpu_init                     
000029b1  __TI_auto_init                 
00002a21  finddevice                     
00002a4b  getdevice                      
00002a91  __TI_decompress_lzss           
00002af9  HOSTlseek                      
00002b61  HOSTrename                     
00002bc9  __TI_writemsg                  
00002bf7  C$$IO$$                        
00002bfb  __TI_readmsg                   
00002c31  HOSTopen                       
00002c91  close                          
00002ced  HOSTread                       
00002d45  HOSTwrite                      
00002d9d  _c_int00                       
00002df1  C$$EXIT                        
00002df5  abort                          
00002dfd  exit                           
00002e45  copy_in                        
00002e91  HOSTclose                      
00002ed5  HOSTunlink                     
00002f19  strncpy                        
00002f4f  _system_post_cinit             
00002f51  remove                         
00002f51  unlink                         
00002f7d  write                          
00002fa5  DisableInterrupts              
00002fab  EnableInterrupts               
00002fb1  StartCritical                  
00002fbb  EndCritical                    
00002fc3  WaitForInterrupt               
00002fc9  _args_main                     
00002fe1  strcmp                         
00002ff9  strchr                         
00003011  _register_unlock               
00003017  _register_lock                 
0000301f  _nop                           
00003025  strcpy                         
00003039  strlen                         
0000304d  __TI_decompress_none           
0000305b  Reset_Handler                  
00003067  ADC14_IRQHandler               
00003067  AES256_IRQHandler              
00003067  BusFault_Handler               
00003067  COMP_E0_IRQHandler             
00003067  COMP_E1_IRQHandler             
00003067  CS_IRQHandler                  
00003067  DMA_ERR_IRQHandler             
00003067  DMA_INT0_IRQHandler            
00003067  DMA_INT1_IRQHandler            
00003067  DMA_INT2_IRQHandler            
00003067  DMA_INT3_IRQHandler            
00003067  DebugMon_Handler               
00003067  Default_Handler                
00003067  EUSCIA0_IRQHandler             
00003067  EUSCIA1_IRQHandler             
00003067  EUSCIA2_IRQHandler             
00003067  EUSCIA3_IRQHandler             
00003067  EUSCIB0_IRQHandler             
00003067  EUSCIB1_IRQHandler             
00003067  EUSCIB2_IRQHandler             
00003067  EUSCIB3_IRQHandler             
00003067  FLCTL_IRQHandler               
00003067  FPU_IRQHandler                 
00003067  HardFault_Handler              
00003067  MemManage_Handler              
00003067  NMI_Handler                    
00003067  PCM_IRQHandler                 
00003067  PORT1_IRQHandler               
00003067  PORT2_IRQHandler               
00003067  PORT3_IRQHandler               
00003067  PORT4_IRQHandler               
00003067  PORT5_IRQHandler               
00003067  PORT6_IRQHandler               
00003067  PSS_IRQHandler                 
00003067  PendSV_Handler                 
00003067  RTC_C_IRQHandler               
00003067  SVC_Handler                    
00003067  SysTick_Handler                
00003067  T32_INT1_IRQHandler            
00003067  T32_INT2_IRQHandler            
00003067  T32_INTC_IRQHandler            
00003067  TA0_0_IRQHandler               
00003067  TA0_N_IRQHandler               
00003067  TA1_N_IRQHandler               
00003067  TA2_0_IRQHandler               
00003067  TA2_N_IRQHandler               
00003067  TA3_0_IRQHandler               
00003067  TA3_N_IRQHandler               
00003067  UsageFault_Handler             
00003067  WDT_A_IRQHandler               
00003069  __TI_zero_init                 
00003075  _system_pre_init               
00003148  __TI_Handler_Table_Base        
00003154  __TI_Handler_Table_Limit       
00003160  __TI_CINIT_Base                
00003170  __TI_CINIT_Limit               
20000000  x                              
20001000  x2                             
20002000  x3                             
20003000  Histogram                      
20003800  Data                           
20003c00  __CIOBUF_                      
20003d20  __TI_tmpnams                   
20003dc0  Messageb                       
20003dc8  parmbuf                        
20003dd0  ADCflag                        
20003dd4  ADCvalue                       
20003dd8  Average                        
20003ddc  I1                             
20003de0  LPFSum                         
20003de4  LPFSum2                        
20003de8  LPFSum3                        
20003dec  Messageindexb                  
20003df0  Pt                             
20003df4  Pt2                            
20003df8  Pt3                            
20003dfc  Sigma                          
20003e00  Size                           
20003e04  Sum                            
20003e08  Sum2                           
20003e0c  TimerA1Task                    
20003e10  Variance                       
20003e14  nc                             
20003e18  nl                             
20003e1c  nr                             
20003e20  _sys_memory                    
20004220  _ftable                        
20004310  _device                        
20004388  _stream                        
200043d8  ClockFrequency                 
200043dc  Prewait                        
200043e0  CPMwait                        
200043e4  Postwait                       
200043e8  IFlags                         
200043ec  Crystalstable                  
200043f0  distance_tbl                   
20004408  nc_tbl                         
20004420  nl_tbl                         
20004438  nr_tbl                         
20004450  __TI_ft_end                    
20004454  __aeabi_stdin                  
20004458  __aeabi_stdout                 
2000445c  __aeabi_stderr                 
20004460  __TI_cleanup_ptr               
20004464  __TI_dtors_ptr                 
20004468  __TI_enable_exit_profile_output
20004478  _lock                          
2000447c  _unlock                        
2000448c  main_func_sp                   
20004490  SystemCoreClock                
2000fe00  __stack                        
20010000  __STACK_END                    
4000480c  WDTCTL_SYM                     
ffffffff  __TI_pprof_out_hndl            
ffffffff  __TI_prof_data_size            
ffffffff  __TI_prof_data_start           
ffffffff  __binit__                      
ffffffff  __c_args__                     
ffffffff  binit                          
UNDEFED   SHT$$INIT_ARRAY$$Base          
UNDEFED   SHT$$INIT_ARRAY$$Limit         

[258 symbols]
