******************************************************************************
                  TI ARM Linker PC v16.9.6                     
******************************************************************************
>> Linked Mon Oct 18 14:25:07 2021

OUTPUT FILE NAME:   <Lab4_ADC_IRSensors.out>
ENTRY POINT SYMBOL: "_c_int00"  address: 00003531


MEMORY CONFIGURATION

         name            origin    length      used     unused   attr    fill
----------------------  --------  ---------  --------  --------  ----  --------
  MAIN                  00000000   00040000  0000391c  0003c6e4  R  X
  INFO                  00200000   00004000  00000000  00004000  R  X
  SRAM_CODE             01000000   00010000  00003a1c  0000c5e4  RW X
  SRAM_DATA             20000000   00010000  00003a1c  0000c5e4  RW  


SEGMENT ALLOCATION MAP

run origin  load origin   length   init length attrs members
----------  ----------- ---------- ----------- ----- -------
00000000    00000000    00003920   00003920    r-x
  00000000    00000000    000000e4   000000e4    r-- .intvecs
  000000e4    000000e4    00003798   00003798    r-x .text
  00003880    00003880    000000a0   000000a0    r-- .cinit
20000000    20000000    0000381c   00000000    rw-
  20000000    20000000    00003208   00000000    rw- .bss
  20003208    20003208    00000400   00000000    rw- .sysmem
  20003608    20003608    00000214   00000000    rw- .data
2000fe00    2000fe00    00000200   00000000    rw-
  2000fe00    2000fe00    00000200   00000000    rw- .stack


SECTION ALLOCATION MAP

 output                                  attributes/
section   page    origin      length       input sections
--------  ----  ----------  ----------   ----------------
.intvecs   0    00000000    000000e4     
                  00000000    000000e4     startup_msp432p401r_ccs.obj (.intvecs:retain)

.binit     0    00000000    00000000     

.text      0    000000e4    00003798     
                  000000e4    00000dc6     IRDistance.obj (.text)
                  00000eaa    00000002     rtsv7M4_T_le_v4SPD16_eabi.lib : mpu_init.obj (.text)
                  00000eac    000006bc     UART0.obj (.text)
                  00001568    000003d0     rtsv7M4_T_le_v4SPD16_eabi.lib : memory.obj (.text)
                  00001938    0000032c     system_msp432p401r.obj (.text)
                  00001c64    00000308     LPF.obj (.text)
                  00001f6c    00000260     ADC14.obj (.text)
                  000021cc    000001e0     Clock.obj (.text)
                  000023ac    000001c4     rtsv7M4_T_le_v4SPD16_eabi.lib : fopen.obj (.text)
                  00002570    000001b6                                   : fd_add_t2.obj (.text)
                  00002726    00000002                                   : startup.obj (.text)
                  00002728    00000184     Lab4_ADCmain.obj (.text)
                  000028ac    00000136     rtsv7M4_T_le_v4SPD16_eabi.lib : fd_div_t2.obj (.text)
                  000029e2    000000fc                                   : fd_mul_t2.obj (.text)
                  00002ade    00000002     --HOLE-- [fill = 0]
                  00002ae0    000000f4     LaunchPad.obj (.text)
                  00002bd4    000000dc     rtsv7M4_T_le_v4SPD16_eabi.lib : setvbuf.obj (.text)
                  00002cb0    000000c8                                   : fflush.obj (.text)
                  00002d78    000000bc                                   : open.obj (.text)
                  00002e34    000000b8                                   : add_device.obj (.text)
                  00002eec    000000a8     TimerA1.obj (.text)
                  00002f94    0000009c     rtsv7M4_T_le_v4SPD16_eabi.lib : memcpy_t2.obj (.text)
                  00003030    00000098                                   : fclose.obj (.text)
                  000030c8    0000007a                                   : memset_t2.obj (.text)
                  00003142    00000002     --HOLE-- [fill = 0]
                  00003144    00000070                                   : autoinit.obj (.text)
                  000031b4    00000070                                   : getdevice.obj (.text)
                  00003224    00000068                                   : copy_decompress_lzss.obj (.text:decompress:lzss)
                  0000328c    00000068                                   : hostlseek.obj (.text)
                  000032f4    00000068                                   : hostrename.obj (.text)
                  0000335c    00000068                                   : trgmsg.obj (.text)
                  000033c4    00000060                                   : hostopen.obj (.text)
                  00003424    0000005c                                   : close.obj (.text)
                  00003480    00000058                                   : hostread.obj (.text)
                  000034d8    00000058                                   : hostwrite.obj (.text)
                  00003530    00000054                                   : boot.obj (.text)
                  00003584    00000054                                   : exit.obj (.text)
                  000035d8    0000004c                                   : cpy_tbl.obj (.text)
                  00003624    00000044                                   : fd_tou_t2.obj (.text)
                  00003668    00000044                                   : hostclose.obj (.text)
                  000036ac    00000044                                   : hostunlink.obj (.text)
                  000036f0    00000036                                   : strncpy.obj (.text)
                  00003726    0000002e                                   : i_tofd_t2.obj (.text)
                  00003754    0000002c                                   : unlink.obj (.text)
                  00003780    00000028                                   : write.obj (.text)
                  000037a8    00000024     CortexM.obj (.text)
                  000037cc    00000018     rtsv7M4_T_le_v4SPD16_eabi.lib : args_main.obj (.text)
                  000037e4    00000018                                   : strcmp.obj (.text)
                  000037fc    00000016                                   : strchr.obj (.text)
                  00003812    00000002     --HOLE-- [fill = 0]
                  00003814    00000014                                   : _lock.obj (.text)
                  00003828    00000014                                   : strcpy.obj (.text)
                  0000383c    00000014                                   : strlen.obj (.text)
                  00003850    0000000e                                   : copy_decompress_none.obj (.text:decompress:none)
                  0000385e    0000000e     startup_msp432p401r_ccs.obj (.text)
                  0000386c    0000000c     rtsv7M4_T_le_v4SPD16_eabi.lib : copy_zero_init.obj (.text:decompress:ZI)
                  00003878    00000004                                   : pre_init.obj (.text)

.cinit     0    00003880    000000a0     
                  00003880    00000077     (.cinit..data.load) [load image, compression = lzss]
                  000038f7    00000001     --HOLE-- [fill = 0]
                  000038f8    0000000c     (__TI_handler_table)
                  00003904    00000004     --HOLE-- [fill = 0]
                  00003908    00000008     (.cinit..bss.load) [load image, compression = zero_init]
                  00003910    00000010     (__TI_cinit_table)

.init_array 
*          0    00000000    00000000     UNINITIALIZED

.bss       0    20000000    00003208     UNINITIALIZED
                  20000000    00001000     (.common:x)
                  20001000    00001000     (.common:x2)
                  20002000    00001000     (.common:x3)
                  20003000    00000120     rtsv7M4_T_le_v4SPD16_eabi.lib : trgmsg.obj (.bss:_CIOBUF_)
                  20003120    000000a0     (.common:__TI_tmpnams)
                  200031c0    00000008     (.common:Messageb)
                  200031c8    00000008     (.common:parmbuf)
                  200031d0    00000004     (.common:ADCflag)
                  200031d4    00000004     (.common:I1)
                  200031d8    00000004     (.common:LPFSum)
                  200031dc    00000004     (.common:LPFSum2)
                  200031e0    00000004     (.common:LPFSum3)
                  200031e4    00000004     (.common:Messageindexb)
                  200031e8    00000004     (.common:Pt)
                  200031ec    00000004     (.common:Pt2)
                  200031f0    00000004     (.common:Pt3)
                  200031f4    00000004     (.common:Size)
                  200031f8    00000004     (.common:TimerA1Task)
                  200031fc    00000004     (.common:nc)
                  20003200    00000004     (.common:nl)
                  20003204    00000004     (.common:nr)

.sysmem    0    20003208    00000400     UNINITIALIZED
                  20003208    00000008     rtsv7M4_T_le_v4SPD16_eabi.lib : memory.obj (.sysmem)
                  20003210    000003f8     --HOLE--

.data      0    20003608    00000214     UNINITIALIZED
                  20003608    000000f0     rtsv7M4_T_le_v4SPD16_eabi.lib : defs.obj (.data:_ftable)
                  200036f8    00000078                                   : write.obj (.data:_device)
                  20003770    00000050                                   : write.obj (.data:_stream)
                  200037c0    00000018     Clock.obj (.data)
                  200037d8    00000010     rtsv7M4_T_le_v4SPD16_eabi.lib : defs.obj (.data)
                  200037e8    0000000c                                   : exit.obj (.data:$O1$$)
                  200037f4    0000000c                                   : memory.obj (.data:$O1$$)
                  20003800    00000008                                   : _lock.obj (.data:$O1$$)
                  20003808    00000004                                   : add_device.obj (.data)
                  2000380c    00000004                                   : fopen.obj (.data)
                  20003810    00000004                                   : open.obj (.data)
                  20003814    00000004                                   : stkdepth_vars.obj (.data)
                  20003818    00000004     system_msp432p401r.obj (.data)

.stack     0    2000fe00    00000200     UNINITIALIZED
                  2000fe00    00000200     --HOLE--

MODULE SUMMARY

       Module                        code    ro data   rw data
       ------                        ----    -------   -------
    .\
       LPF.obj                       776     0         24640  
       IRDistance.obj                3526    0         0      
       UART0.obj                     1724    0         24     
       system_msp432p401r.obj        812     0         8      
       ADC14.obj                     608     0         0      
       Clock.obj                     480     0         48     
       Lab4_ADCmain.obj              388     0         32     
       LaunchPad.obj                 244     0         0      
       startup_msp432p401r_ccs.obj   14      228       0      
       TimerA1.obj                   168     0         8      
       CortexM.obj                   36      0         0      
    +--+-----------------------------+-------+---------+---------+
       Total:                        8776    228       24760  
                                                              
    C:\ti\ccsv7\tools\compiler\ti-cgt-arm_16.9.6.LTS\lib\rtsv7M4_T_le_v4SPD16_eabi.lib
       memory.obj                    976     0         24     
       defs.obj                      0       0         832    
       trgmsg.obj                    104     0         576    
       fopen.obj                     452     0         8      
       write.obj                     40      0         400    
       fd_add_t2.obj                 438     0         0      
       fd_div_t2.obj                 310     0         0      
       fd_mul_t2.obj                 252     0         0      
       setvbuf.obj                   220     0         0      
       fflush.obj                    200     0         0      
       open.obj                      188     0         8      
       add_device.obj                184     0         8      
       memcpy_t2.obj                 156     0         0      
       fclose.obj                    152     0         0      
       memset_t2.obj                 122     0         0      
       autoinit.obj                  112     0         0      
       getdevice.obj                 112     0         0      
       hostopen.obj                  96      0         16     
       exit.obj                      84      0         24     
       copy_decompress_lzss.obj      104     0         0      
       hostlseek.obj                 104     0         0      
       hostrename.obj                104     0         0      
       close.obj                     92      0         0      
       hostread.obj                  88      0         0      
       hostwrite.obj                 88      0         0      
       boot.obj                      84      0         0      
       cpy_tbl.obj                   76      0         0      
       fd_tou_t2.obj                 68      0         0      
       hostclose.obj                 68      0         0      
       hostunlink.obj                68      0         0      
       strncpy.obj                   54      0         0      
       i_tofd_t2.obj                 46      0         0      
       unlink.obj                    44      0         0      
       _lock.obj                     20      0         16     
       args_main.obj                 24      0         0      
       strcmp.obj                    24      0         0      
       strchr.obj                    22      0         0      
       strcpy.obj                    20      0         0      
       strlen.obj                    20      0         0      
       copy_decompress_none.obj      14      0         0      
       copy_zero_init.obj            12      0         0      
       stkdepth_vars.obj             0       0         8      
       pre_init.obj                  4       0         0      
       mpu_init.obj                  2       0         0      
       startup.obj                   2       0         0      
    +--+-----------------------------+-------+---------+---------+
       Total:                        5450    0         1920   
                                                              
       Heap:                         0       0         2048   
       Stack:                        0       0         1024   
       Linker Generated:             0       155       0      
    +--+-----------------------------+-------+---------+---------+
       Grand Total:                  14226   383       29752  


LINKER GENERATED COPY TABLES

__TI_cinit_table @ 00003910 records: 2, size/record: 8, table size: 16
	.data: load addr=00003880, load size=00000077 bytes, run addr=20003608, run size=00000214 bytes, compression=lzss
	.bss: load addr=00003908, load size=00000008 bytes, run addr=20000000, run size=00003208 bytes, compression=zero_init


LINKER GENERATED HANDLER TABLE

__TI_handler_table @ 000038f8 records: 3, size/record: 4, table size: 12
	index: 0, handler: __TI_decompress_lzss
	index: 1, handler: __TI_decompress_none
	index: 2, handler: __TI_zero_init


GLOBAL SYMBOLS: SORTED ALPHABETICALLY BY Name 

address   name                           
-------   ----                           
00002069  ADC0_InitSWTriggerCh12         
000020d9  ADC0_InitSWTriggerCh17_12_16   
00001f6d  ADC0_InitSWTriggerCh6          
00001fdd  ADC0_InitSWTriggerCh67         
0000386b  ADC14_IRQHandler               
000020b9  ADC_In12                       
00002149  ADC_In17_12_16                 
00001fbd  ADC_In6                        
00002033  ADC_In67                       
200031d0  ADCflag                        
0000386b  AES256_IRQHandler              
0000386b  BusFault_Handler               
00003585  C$$EXIT                        
0000338b  C$$IO$$                        
0000386b  COMP_E0_IRQHandler             
0000386b  COMP_E1_IRQHandler             
200037c8  CPMwait                        
0000386b  CS_IRQHandler                  
00000591  CenterConvert                  
200037c0  ClockFrequency                 
00002321  Clock_Delay1ms                 
000022f7  Clock_Delay1us                 
000022e3  Clock_GetFreq                  
000021cd  Clock_Init48MHz                
200037d4  Crystalstable                  
0000386b  DMA_ERR_IRQHandler             
0000386b  DMA_INT0_IRQHandler            
0000386b  DMA_INT1_IRQHandler            
0000386b  DMA_INT2_IRQHandler            
0000386b  DMA_INT3_IRQHandler            
0000386b  DebugMon_Handler               
0000386b  Default_Handler                
000037a9  DisableInterrupts              
0000386b  EUSCIA0_IRQHandler             
0000386b  EUSCIA1_IRQHandler             
0000386b  EUSCIA2_IRQHandler             
0000386b  EUSCIA3_IRQHandler             
0000386b  EUSCIB0_IRQHandler             
0000386b  EUSCIB1_IRQHandler             
0000386b  EUSCIB2_IRQHandler             
0000386b  EUSCIB3_IRQHandler             
000037af  EnableInterrupts               
000037bf  EndCritical                    
0000386b  FLCTL_IRQHandler               
0000386b  FPU_IRQHandler                 
00003669  HOSTclose                      
0000328d  HOSTlseek                      
000033c5  HOSTopen                       
00003481  HOSTread                       
000032f5  HOSTrename                     
000036ad  HOSTunlink                     
000034d9  HOSTwrite                      
0000386b  HardFault_Handler              
200031d4  I1                             
200037d0  IFlags                         
200031d8  LPFSum                         
200031dc  LPFSum2                        
200031e0  LPFSum3                        
00001d79  LPF_Calc                       
00001e21  LPF_Calc2                      
00001ee5  LPF_Calc3                      
00001cb9  LPF_Calc_old                   
00001d1b  LPF_Init                       
00001dcd  LPF_Init2                      
00001e83  LPF_Init3                      
00001c65  LPF_Init_old                   
00002ae1  LaunchPad_Init                 
00002b51  LaunchPad_Input                
00002b6b  LaunchPad_LED                  
00002b89  LaunchPad_Output               
000000e5  LeftConvert                    
0000386b  MemManage_Handler              
200031c0  Messageb                       
200031e4  Messageindexb                  
0000386b  NMI_Handler                    
0000386b  PCM_IRQHandler                 
0000386b  PORT1_IRQHandler               
0000386b  PORT2_IRQHandler               
0000386b  PORT3_IRQHandler               
0000386b  PORT4_IRQHandler               
0000386b  PORT5_IRQHandler               
0000386b  PORT6_IRQHandler               
0000386b  PSS_IRQHandler                 
0000386b  PendSV_Handler                 
200037cc  Postwait                       
200037c4  Prewait                        
200031e8  Pt                             
200031ec  Pt2                            
200031f0  Pt3                            
0000386b  RTC_C_IRQHandler               
0000385f  Reset_Handler                  
00000a17  RightConvert                   
UNDEFED   SHT$$INIT_ARRAY$$Base          
UNDEFED   SHT$$INIT_ARRAY$$Limit         
0000386b  SVC_Handler                    
00002729  SensorRead_ISR                 
200031f4  Size                           
000037b5  StartCritical                  
0000386b  SysTick_Handler                
20003818  SystemCoreClock                
00001939  SystemCoreClockUpdate          
00001bad  SystemInit                     
0000386b  T32_INT1_IRQHandler            
0000386b  T32_INT2_IRQHandler            
0000386b  T32_INTC_IRQHandler            
0000386b  TA0_0_IRQHandler               
0000386b  TA0_N_IRQHandler               
00002f5f  TA1_0_IRQHandler               
00002f5f  TA1_0_IRQHandler               
0000386b  TA1_N_IRQHandler               
0000386b  TA2_0_IRQHandler               
0000386b  TA2_N_IRQHandler               
0000386b  TA3_0_IRQHandler               
0000386b  TA3_N_IRQHandler               
200031f8  TimerA1Task                    
00002eed  TimerA1_Init                   
00002f4b  TimerA1_Stop                   
00000ef3  UART0_InChar                   
0000137d  UART0_InString                 
00000f3d  UART0_InUDec                   
00001231  UART0_InUHex                   
00000ead  UART0_Init                     
000014dd  UART0_Initprintf               
00000f03  UART0_OutChar                  
00000f1f  UART0_OutString                
00000fc1  UART0_OutUDec                  
0000112d  UART0_OutUDec4                 
00001181  UART0_OutUDec5                 
000011bd  UART0_OutUFix1                 
000011e5  UART0_OutUFix2                 
000012f5  UART0_OutUHex                  
00001361  UART0_OutUHex2                 
0000386b  UsageFault_Handler             
4000480c  WDTCTL_SYM                     
0000386b  WDT_A_IRQHandler               
000037c7  WaitForInterrupt               
20003000  __CIOBUF_                      
20010000  __STACK_END                    
00000200  __STACK_SIZE                   
00000400  __SYSMEM_SIZE                  
00003910  __TI_CINIT_Base                
00003920  __TI_CINIT_Limit               
000038f8  __TI_Handler_Table_Base        
00003904  __TI_Handler_Table_Limit       
00003145  __TI_auto_init                 
00002475  __TI_cleanup                   
200037e8  __TI_cleanup_ptr               
00003031  __TI_closefile                 
00003225  __TI_decompress_lzss           
00003851  __TI_decompress_none           
00002cb1  __TI_doflush                   
200037ec  __TI_dtors_ptr                 
200037f0  __TI_enable_exit_profile_output
200037d8  __TI_ft_end                    
ffffffff  __TI_pprof_out_hndl            
ffffffff  __TI_prof_data_size            
ffffffff  __TI_prof_data_start           
0000338f  __TI_readmsg                   
00000000  __TI_static_base__             
20003120  __TI_tmpnams                   
0000335d  __TI_writemsg                  
0000386d  __TI_zero_init                 
00003625  __aeabi_d2uiz                  
0000257b  __aeabi_dadd                   
000028ad  __aeabi_ddiv                   
000029e3  __aeabi_dmul                   
00002571  __aeabi_dsub                   
00003727  __aeabi_i2d                    
000030c9  __aeabi_memclr                 
000030c9  __aeabi_memclr4                
000030c9  __aeabi_memclr8                
00002f95  __aeabi_memcpy                 
00002f95  __aeabi_memcpy4                
00002f95  __aeabi_memcpy8                
000030cb  __aeabi_memset                 
000030cb  __aeabi_memset4                
000030cb  __aeabi_memset8                
200037e4  __aeabi_stderr                 
200037dc  __aeabi_stdin                  
200037e0  __aeabi_stdout                 
ffffffff  __binit__                      
ffffffff  __c_args__                     
00000eab  __mpu_init                     
2000fe00  __stack                        
000037cd  _args_main                     
00003531  _c_int00                       
200036f8  _device                        
20003608  _ftable                        
20003800  _lock                          
00003823  _nop                           
0000381b  _register_lock                 
00003815  _register_unlock               
20003770  _stream                        
20003208  _sys_memory                    
00002727  _system_post_cinit             
00003879  _system_pre_init               
20003804  _unlock                        
00003589  abort                          
00002e35  add_device                     
ffffffff  binit                          
00001909  calloc                         
00003425  close                          
000035d9  copy_in                        
000022e9  delay                          
00003591  exit                           
00003097  fclose                         
00001417  ferror                         
00002cfd  fflush                         
000013f7  fgetc                          
000031b5  finddevice                     
000024cb  fopen                          
00001653  free                           
000024a1  freopen                        
000031df  getdevice                      
00000000  interruptVectors               
00002779  main                           
20003814  main_func_sp                   
000015e9  malloc                         
0000181d  memalign                       
00002f95  memcpy                         
000030d1  memset                         
00001569  minit                          
200031fc  nc                             
20003200  nl                             
20003204  nr                             
00002d79  open                           
00001339  outnibble                      
200031c8  parmbuf                        
00001713  realloc                        
00003755  remove                         
00002bd5  setvbuf                        
000037fd  strchr                         
000037e5  strcmp                         
00003829  strcpy                         
0000383d  strlen                         
000036f1  strncpy                        
00001435  uart_close                     
000014b3  uart_lseek                     
00001425  uart_open                      
00001447  uart_read                      
000014cf  uart_rename                    
000014c3  uart_unlink                    
00001471  uart_write                     
00003755  unlink                         
00003781  write                          
20000000  x                              
20001000  x2                             
20002000  x3                             


GLOBAL SYMBOLS: SORTED BY Symbol Address 

address   name                           
-------   ----                           
00000000  __TI_static_base__             
00000000  interruptVectors               
000000e5  LeftConvert                    
00000200  __STACK_SIZE                   
00000400  __SYSMEM_SIZE                  
00000591  CenterConvert                  
00000a17  RightConvert                   
00000eab  __mpu_init                     
00000ead  UART0_Init                     
00000ef3  UART0_InChar                   
00000f03  UART0_OutChar                  
00000f1f  UART0_OutString                
00000f3d  UART0_InUDec                   
00000fc1  UART0_OutUDec                  
0000112d  UART0_OutUDec4                 
00001181  UART0_OutUDec5                 
000011bd  UART0_OutUFix1                 
000011e5  UART0_OutUFix2                 
00001231  UART0_InUHex                   
000012f5  UART0_OutUHex                  
00001339  outnibble                      
00001361  UART0_OutUHex2                 
0000137d  UART0_InString                 
000013f7  fgetc                          
00001417  ferror                         
00001425  uart_open                      
00001435  uart_close                     
00001447  uart_read                      
00001471  uart_write                     
000014b3  uart_lseek                     
000014c3  uart_unlink                    
000014cf  uart_rename                    
000014dd  UART0_Initprintf               
00001569  minit                          
000015e9  malloc                         
00001653  free                           
00001713  realloc                        
0000181d  memalign                       
00001909  calloc                         
00001939  SystemCoreClockUpdate          
00001bad  SystemInit                     
00001c65  LPF_Init_old                   
00001cb9  LPF_Calc_old                   
00001d1b  LPF_Init                       
00001d79  LPF_Calc                       
00001dcd  LPF_Init2                      
00001e21  LPF_Calc2                      
00001e83  LPF_Init3                      
00001ee5  LPF_Calc3                      
00001f6d  ADC0_InitSWTriggerCh6          
00001fbd  ADC_In6                        
00001fdd  ADC0_InitSWTriggerCh67         
00002033  ADC_In67                       
00002069  ADC0_InitSWTriggerCh12         
000020b9  ADC_In12                       
000020d9  ADC0_InitSWTriggerCh17_12_16   
00002149  ADC_In17_12_16                 
000021cd  Clock_Init48MHz                
000022e3  Clock_GetFreq                  
000022e9  delay                          
000022f7  Clock_Delay1us                 
00002321  Clock_Delay1ms                 
00002475  __TI_cleanup                   
000024a1  freopen                        
000024cb  fopen                          
00002571  __aeabi_dsub                   
0000257b  __aeabi_dadd                   
00002727  _system_post_cinit             
00002729  SensorRead_ISR                 
00002779  main                           
000028ad  __aeabi_ddiv                   
000029e3  __aeabi_dmul                   
00002ae1  LaunchPad_Init                 
00002b51  LaunchPad_Input                
00002b6b  LaunchPad_LED                  
00002b89  LaunchPad_Output               
00002bd5  setvbuf                        
00002cb1  __TI_doflush                   
00002cfd  fflush                         
00002d79  open                           
00002e35  add_device                     
00002eed  TimerA1_Init                   
00002f4b  TimerA1_Stop                   
00002f5f  TA1_0_IRQHandler               
00002f5f  TA1_0_IRQHandler               
00002f95  __aeabi_memcpy                 
00002f95  __aeabi_memcpy4                
00002f95  __aeabi_memcpy8                
00002f95  memcpy                         
00003031  __TI_closefile                 
00003097  fclose                         
000030c9  __aeabi_memclr                 
000030c9  __aeabi_memclr4                
000030c9  __aeabi_memclr8                
000030cb  __aeabi_memset                 
000030cb  __aeabi_memset4                
000030cb  __aeabi_memset8                
000030d1  memset                         
00003145  __TI_auto_init                 
000031b5  finddevice                     
000031df  getdevice                      
00003225  __TI_decompress_lzss           
0000328d  HOSTlseek                      
000032f5  HOSTrename                     
0000335d  __TI_writemsg                  
0000338b  C$$IO$$                        
0000338f  __TI_readmsg                   
000033c5  HOSTopen                       
00003425  close                          
00003481  HOSTread                       
000034d9  HOSTwrite                      
00003531  _c_int00                       
00003585  C$$EXIT                        
00003589  abort                          
00003591  exit                           
000035d9  copy_in                        
00003625  __aeabi_d2uiz                  
00003669  HOSTclose                      
000036ad  HOSTunlink                     
000036f1  strncpy                        
00003727  __aeabi_i2d                    
00003755  remove                         
00003755  unlink                         
00003781  write                          
000037a9  DisableInterrupts              
000037af  EnableInterrupts               
000037b5  StartCritical                  
000037bf  EndCritical                    
000037c7  WaitForInterrupt               
000037cd  _args_main                     
000037e5  strcmp                         
000037fd  strchr                         
00003815  _register_unlock               
0000381b  _register_lock                 
00003823  _nop                           
00003829  strcpy                         
0000383d  strlen                         
00003851  __TI_decompress_none           
0000385f  Reset_Handler                  
0000386b  ADC14_IRQHandler               
0000386b  AES256_IRQHandler              
0000386b  BusFault_Handler               
0000386b  COMP_E0_IRQHandler             
0000386b  COMP_E1_IRQHandler             
0000386b  CS_IRQHandler                  
0000386b  DMA_ERR_IRQHandler             
0000386b  DMA_INT0_IRQHandler            
0000386b  DMA_INT1_IRQHandler            
0000386b  DMA_INT2_IRQHandler            
0000386b  DMA_INT3_IRQHandler            
0000386b  DebugMon_Handler               
0000386b  Default_Handler                
0000386b  EUSCIA0_IRQHandler             
0000386b  EUSCIA1_IRQHandler             
0000386b  EUSCIA2_IRQHandler             
0000386b  EUSCIA3_IRQHandler             
0000386b  EUSCIB0_IRQHandler             
0000386b  EUSCIB1_IRQHandler             
0000386b  EUSCIB2_IRQHandler             
0000386b  EUSCIB3_IRQHandler             
0000386b  FLCTL_IRQHandler               
0000386b  FPU_IRQHandler                 
0000386b  HardFault_Handler              
0000386b  MemManage_Handler              
0000386b  NMI_Handler                    
0000386b  PCM_IRQHandler                 
0000386b  PORT1_IRQHandler               
0000386b  PORT2_IRQHandler               
0000386b  PORT3_IRQHandler               
0000386b  PORT4_IRQHandler               
0000386b  PORT5_IRQHandler               
0000386b  PORT6_IRQHandler               
0000386b  PSS_IRQHandler                 
0000386b  PendSV_Handler                 
0000386b  RTC_C_IRQHandler               
0000386b  SVC_Handler                    
0000386b  SysTick_Handler                
0000386b  T32_INT1_IRQHandler            
0000386b  T32_INT2_IRQHandler            
0000386b  T32_INTC_IRQHandler            
0000386b  TA0_0_IRQHandler               
0000386b  TA0_N_IRQHandler               
0000386b  TA1_N_IRQHandler               
0000386b  TA2_0_IRQHandler               
0000386b  TA2_N_IRQHandler               
0000386b  TA3_0_IRQHandler               
0000386b  TA3_N_IRQHandler               
0000386b  UsageFault_Handler             
0000386b  WDT_A_IRQHandler               
0000386d  __TI_zero_init                 
00003879  _system_pre_init               
000038f8  __TI_Handler_Table_Base        
00003904  __TI_Handler_Table_Limit       
00003910  __TI_CINIT_Base                
00003920  __TI_CINIT_Limit               
20000000  x                              
20001000  x2                             
20002000  x3                             
20003000  __CIOBUF_                      
20003120  __TI_tmpnams                   
200031c0  Messageb                       
200031c8  parmbuf                        
200031d0  ADCflag                        
200031d4  I1                             
200031d8  LPFSum                         
200031dc  LPFSum2                        
200031e0  LPFSum3                        
200031e4  Messageindexb                  
200031e8  Pt                             
200031ec  Pt2                            
200031f0  Pt3                            
200031f4  Size                           
200031f8  TimerA1Task                    
200031fc  nc                             
20003200  nl                             
20003204  nr                             
20003208  _sys_memory                    
20003608  _ftable                        
200036f8  _device                        
20003770  _stream                        
200037c0  ClockFrequency                 
200037c4  Prewait                        
200037c8  CPMwait                        
200037cc  Postwait                       
200037d0  IFlags                         
200037d4  Crystalstable                  
200037d8  __TI_ft_end                    
200037dc  __aeabi_stdin                  
200037e0  __aeabi_stdout                 
200037e4  __aeabi_stderr                 
200037e8  __TI_cleanup_ptr               
200037ec  __TI_dtors_ptr                 
200037f0  __TI_enable_exit_profile_output
20003800  _lock                          
20003804  _unlock                        
20003814  main_func_sp                   
20003818  SystemCoreClock                
2000fe00  __stack                        
20010000  __STACK_END                    
4000480c  WDTCTL_SYM                     
ffffffff  __TI_pprof_out_hndl            
ffffffff  __TI_prof_data_size            
ffffffff  __TI_prof_data_start           
ffffffff  __binit__                      
ffffffff  __c_args__                     
ffffffff  binit                          
UNDEFED   SHT$$INIT_ARRAY$$Base          
UNDEFED   SHT$$INIT_ARRAY$$Limit         

[248 symbols]
