<?xml version="1.0"?>
<link_info>
   <banner>TI ARM Linker PC v16.9.6.LTS</banner>
   <copyright>Copyright (c) 1996-2017 Texas Instruments Incorporated</copyright>
   <link_time>0x613712b3</link_time>
   <link_errors>0x0</link_errors>
   <output_file>Lab2_ReflectanceGPIO.out</output_file>
   <entry_point>
      <name>_c_int00</name>
      <address>0xf71</address>
   </entry_point>
   <input_file_list>
      <input_file id="fl-2">
         <path>.\</path>
         <kind>object</kind>
         <file>Clock.obj</file>
         <name>Clock.obj</name>
      </input_file>
      <input_file id="fl-3">
         <path>.\</path>
         <kind>object</kind>
         <file>Lab2_GPIOmain.obj</file>
         <name>Lab2_GPIOmain.obj</name>
      </input_file>
      <input_file id="fl-4">
         <path>.\</path>
         <kind>object</kind>
         <file>Reflectance.obj</file>
         <name>Reflectance.obj</name>
      </input_file>
      <input_file id="fl-5">
         <path>.\</path>
         <kind>object</kind>
         <file>TExaS.obj</file>
         <name>TExaS.obj</name>
      </input_file>
      <input_file id="fl-6">
         <path>.\</path>
         <kind>object</kind>
         <file>startup_msp432p401r_ccs.obj</file>
         <name>startup_msp432p401r_ccs.obj</name>
      </input_file>
      <input_file id="fl-7">
         <path>.\</path>
         <kind>object</kind>
         <file>system_msp432p401r.obj</file>
         <name>system_msp432p401r.obj</name>
      </input_file>
      <input_file id="fl-b">
         <kind>object</kind>
         <file>&lt;internal&gt;</file>
         <name>&lt;internal&gt;</name>
      </input_file>
      <input_file id="fl-c1">
         <path>C:\ti\ccsv7\tools\compiler\ti-cgt-arm_16.9.6.LTS\lib\</path>
         <kind>archive</kind>
         <file>rtsv7M4_T_le_v4SPD16_eabi.lib</file>
         <name>boot.obj</name>
      </input_file>
      <input_file id="fl-c2">
         <path>C:\ti\ccsv7\tools\compiler\ti-cgt-arm_16.9.6.LTS\lib\</path>
         <kind>archive</kind>
         <file>rtsv7M4_T_le_v4SPD16_eabi.lib</file>
         <name>copy_decompress_lzss.obj</name>
      </input_file>
      <input_file id="fl-c3">
         <path>C:\ti\ccsv7\tools\compiler\ti-cgt-arm_16.9.6.LTS\lib\</path>
         <kind>archive</kind>
         <file>rtsv7M4_T_le_v4SPD16_eabi.lib</file>
         <name>copy_decompress_none.obj</name>
      </input_file>
      <input_file id="fl-c4">
         <path>C:\ti\ccsv7\tools\compiler\ti-cgt-arm_16.9.6.LTS\lib\</path>
         <kind>archive</kind>
         <file>rtsv7M4_T_le_v4SPD16_eabi.lib</file>
         <name>copy_zero_init.obj</name>
      </input_file>
      <input_file id="fl-c5">
         <path>C:\ti\ccsv7\tools\compiler\ti-cgt-arm_16.9.6.LTS\lib\</path>
         <kind>archive</kind>
         <file>rtsv7M4_T_le_v4SPD16_eabi.lib</file>
         <name>exit.obj</name>
      </input_file>
      <input_file id="fl-c6">
         <path>C:\ti\ccsv7\tools\compiler\ti-cgt-arm_16.9.6.LTS\lib\</path>
         <kind>archive</kind>
         <file>rtsv7M4_T_le_v4SPD16_eabi.lib</file>
         <name>memcpy_t2.obj</name>
      </input_file>
      <input_file id="fl-c7">
         <path>C:\ti\ccsv7\tools\compiler\ti-cgt-arm_16.9.6.LTS\lib\</path>
         <kind>archive</kind>
         <file>rtsv7M4_T_le_v4SPD16_eabi.lib</file>
         <name>memset_t2.obj</name>
      </input_file>
      <input_file id="fl-c8">
         <path>C:\ti\ccsv7\tools\compiler\ti-cgt-arm_16.9.6.LTS\lib\</path>
         <kind>archive</kind>
         <file>rtsv7M4_T_le_v4SPD16_eabi.lib</file>
         <name>mpu_init.obj</name>
      </input_file>
      <input_file id="fl-c9">
         <path>C:\ti\ccsv7\tools\compiler\ti-cgt-arm_16.9.6.LTS\lib\</path>
         <kind>archive</kind>
         <file>rtsv7M4_T_le_v4SPD16_eabi.lib</file>
         <name>pre_init.obj</name>
      </input_file>
      <input_file id="fl-ca">
         <path>C:\ti\ccsv7\tools\compiler\ti-cgt-arm_16.9.6.LTS\lib\</path>
         <kind>archive</kind>
         <file>rtsv7M4_T_le_v4SPD16_eabi.lib</file>
         <name>stkdepth_vars.obj</name>
      </input_file>
      <input_file id="fl-cb">
         <path>C:\ti\ccsv7\tools\compiler\ti-cgt-arm_16.9.6.LTS\lib\</path>
         <kind>archive</kind>
         <file>rtsv7M4_T_le_v4SPD16_eabi.lib</file>
         <name>_lock.obj</name>
      </input_file>
      <input_file id="fl-cc">
         <path>C:\ti\ccsv7\tools\compiler\ti-cgt-arm_16.9.6.LTS\lib\</path>
         <kind>archive</kind>
         <file>rtsv7M4_T_le_v4SPD16_eabi.lib</file>
         <name>args_main.obj</name>
      </input_file>
      <input_file id="fl-cd">
         <path>C:\ti\ccsv7\tools\compiler\ti-cgt-arm_16.9.6.LTS\lib\</path>
         <kind>archive</kind>
         <file>rtsv7M4_T_le_v4SPD16_eabi.lib</file>
         <name>autoinit.obj</name>
      </input_file>
      <input_file id="fl-ce">
         <path>C:\ti\ccsv7\tools\compiler\ti-cgt-arm_16.9.6.LTS\lib\</path>
         <kind>archive</kind>
         <file>rtsv7M4_T_le_v4SPD16_eabi.lib</file>
         <name>cpy_tbl.obj</name>
      </input_file>
      <input_file id="fl-cf">
         <path>C:\ti\ccsv7\tools\compiler\ti-cgt-arm_16.9.6.LTS\lib\</path>
         <kind>archive</kind>
         <file>rtsv7M4_T_le_v4SPD16_eabi.lib</file>
         <name>startup.obj</name>
      </input_file>
   </input_file_list>
   <object_component_list>
      <object_component id="oc-2c">
         <name>.intvecs:retain</name>
         <load_address>0x0</load_address>
         <run_address>0x0</run_address>
         <size>0xe4</size>
         <input_file_ref idref="fl-6"/>
      </object_component>
      <object_component id="oc-7b">
         <name>.text</name>
         <load_address>0xe4</load_address>
         <run_address>0xe4</run_address>
         <size>0x630</size>
         <input_file_ref idref="fl-5"/>
      </object_component>
      <object_component id="oc-bd">
         <name>.text</name>
         <load_address>0x714</load_address>
         <run_address>0x714</run_address>
         <size>0x32c</size>
         <input_file_ref idref="fl-7"/>
      </object_component>
      <object_component id="oc-e9">
         <name>.text</name>
         <load_address>0xa40</load_address>
         <run_address>0xa40</run_address>
         <size>0x1e0</size>
         <input_file_ref idref="fl-2"/>
      </object_component>
      <object_component id="oc-ef">
         <name>.text</name>
         <load_address>0xc20</load_address>
         <run_address>0xc20</run_address>
         <size>0x160</size>
         <input_file_ref idref="fl-4"/>
      </object_component>
      <object_component id="oc-3b">
         <name>.text</name>
         <load_address>0xd80</load_address>
         <run_address>0xd80</run_address>
         <size>0x9c</size>
         <input_file_ref idref="fl-c6"/>
      </object_component>
      <object_component id="oc-47">
         <name>.text</name>
         <load_address>0xe1c</load_address>
         <run_address>0xe1c</run_address>
         <size>0x7a</size>
         <input_file_ref idref="fl-c7"/>
      </object_component>
      <object_component id="oc-53">
         <name>.text</name>
         <load_address>0xe96</load_address>
         <run_address>0xe96</run_address>
         <size>0x2</size>
         <input_file_ref idref="fl-c8"/>
      </object_component>
      <object_component id="oc-5f">
         <name>.text</name>
         <load_address>0xe98</load_address>
         <run_address>0xe98</run_address>
         <size>0x70</size>
         <input_file_ref idref="fl-cd"/>
      </object_component>
      <object_component id="oc-14">
         <name>.text:decompress:lzss</name>
         <load_address>0xf08</load_address>
         <run_address>0xf08</run_address>
         <size>0x68</size>
         <input_file_ref idref="fl-c2"/>
      </object_component>
      <object_component id="oc-26">
         <name>.text</name>
         <load_address>0xf70</load_address>
         <run_address>0xf70</run_address>
         <size>0x54</size>
         <input_file_ref idref="fl-c1"/>
      </object_component>
      <object_component id="oc-6b">
         <name>.text</name>
         <load_address>0xfc4</load_address>
         <run_address>0xfc4</run_address>
         <size>0x54</size>
         <input_file_ref idref="fl-c5"/>
      </object_component>
      <object_component id="oc-9c">
         <name>.text</name>
         <load_address>0x1018</load_address>
         <run_address>0x1018</run_address>
         <size>0x4c</size>
         <input_file_ref idref="fl-ce"/>
      </object_component>
      <object_component id="oc-aa">
         <name>.text</name>
         <load_address>0x1064</load_address>
         <run_address>0x1064</run_address>
         <size>0x38</size>
         <input_file_ref idref="fl-3"/>
      </object_component>
      <object_component id="oc-65">
         <name>.text</name>
         <load_address>0x109c</load_address>
         <run_address>0x109c</run_address>
         <size>0x18</size>
         <input_file_ref idref="fl-cc"/>
      </object_component>
      <object_component id="oc-103">
         <name>.text</name>
         <load_address>0x10b4</load_address>
         <run_address>0x10b4</run_address>
         <size>0x14</size>
         <input_file_ref idref="fl-cb"/>
      </object_component>
      <object_component id="oc-1a">
         <name>.text:decompress:none</name>
         <load_address>0x10c8</load_address>
         <run_address>0x10c8</run_address>
         <size>0xe</size>
         <input_file_ref idref="fl-c3"/>
      </object_component>
      <object_component id="oc-75">
         <name>.text</name>
         <load_address>0x10d6</load_address>
         <run_address>0x10d6</run_address>
         <size>0xe</size>
         <input_file_ref idref="fl-6"/>
      </object_component>
      <object_component id="oc-20">
         <name>.text:decompress:ZI</name>
         <load_address>0x10e4</load_address>
         <run_address>0x10e4</run_address>
         <size>0xc</size>
         <input_file_ref idref="fl-c4"/>
      </object_component>
      <object_component id="oc-59">
         <name>.text</name>
         <load_address>0x10f0</load_address>
         <run_address>0x10f0</run_address>
         <size>0x4</size>
         <input_file_ref idref="fl-c9"/>
      </object_component>
      <object_component id="oc-a2">
         <name>.text</name>
         <load_address>0x10f4</load_address>
         <run_address>0x10f4</run_address>
         <size>0x2</size>
         <input_file_ref idref="fl-cf"/>
      </object_component>
      <object_component id="oc-131">
         <name>.const:$P$T0$1</name>
         <load_address>0x10f8</load_address>
         <run_address>0x10f8</run_address>
         <size>0x20</size>
         <input_file_ref idref="fl-4"/>
      </object_component>
      <object_component id="oc-177">
         <name>.cinit..data.load</name>
         <load_address>0x1118</load_address>
         <run_address>0x1118</run_address>
         <size>0x17</size>
      </object_component>
      <object_component id="oc-175">
         <name>__TI_handler_table</name>
         <load_address>0x1130</load_address>
         <run_address>0x1130</run_address>
         <size>0xc</size>
      </object_component>
      <object_component id="oc-178">
         <name>.cinit..bss.load</name>
         <load_address>0x1140</load_address>
         <run_address>0x1140</run_address>
         <size>0x8</size>
      </object_component>
      <object_component id="oc-176">
         <name>__TI_cinit_table</name>
         <load_address>0x1148</load_address>
         <run_address>0x1148</run_address>
         <size>0x10</size>
      </object_component>
      <object_component id="oc-152">
         <name>.binit</name>
         <load_address>0x0</load_address>
         <run_address>0x0</run_address>
         <size>0x0</size>
      </object_component>
      <object_component id="oc-12d">
         <name>.data</name>
         <load_address>0x20000000</load_address>
         <run_address>0x20000000</run_address>
         <size>0x18</size>
         <input_file_ref idref="fl-2"/>
      </object_component>
      <object_component id="oc-c7">
         <name>.data</name>
         <load_address>0x20000024</load_address>
         <run_address>0x20000024</run_address>
         <size>0xc</size>
         <input_file_ref idref="fl-5"/>
      </object_component>
      <object_component id="oc-10f">
         <name>.data</name>
         <load_address>0x2000003c</load_address>
         <run_address>0x2000003c</run_address>
         <size>0x4</size>
         <input_file_ref idref="fl-7"/>
      </object_component>
      <object_component id="oc-b2">
         <name>.data:$O1$$</name>
         <load_address>0x20000018</load_address>
         <run_address>0x20000018</run_address>
         <size>0xc</size>
         <input_file_ref idref="fl-c5"/>
      </object_component>
      <object_component id="oc-71">
         <name>.data</name>
         <load_address>0x20000038</load_address>
         <run_address>0x20000038</run_address>
         <size>0x4</size>
         <input_file_ref idref="fl-ca"/>
      </object_component>
      <object_component id="oc-b5">
         <name>.data:$O1$$</name>
         <load_address>0x20000030</load_address>
         <run_address>0x20000030</run_address>
         <size>0x8</size>
         <input_file_ref idref="fl-cb"/>
      </object_component>
      <object_component id="oc-f5">
         <name>.common:Data</name>
         <uninitialized>true</uninitialized>
         <run_address>0x20000048</run_address>
         <size>0x1</size>
      </object_component>
      <object_component id="oc-f8">
         <name>.common:Position</name>
         <uninitialized>true</uninitialized>
         <run_address>0x20000044</run_address>
         <size>0x4</size>
      </object_component>
      <object_component id="oc-c4">
         <name>.common:LogicData</name>
         <uninitialized>true</uninitialized>
         <run_address>0x20000049</run_address>
         <size>0x1</size>
      </object_component>
      <object_component id="oc-ca">
         <name>.common:PeriodicTask2</name>
         <uninitialized>true</uninitialized>
         <run_address>0x20000040</run_address>
         <size>0x4</size>
      </object_component>
      <object_component id="oc-2f">
         <name>.stack</name>
         <uninitialized>true</uninitialized>
         <run_address>0x2000fe00</run_address>
         <size>0x0</size>
         <input_file_ref idref="fl-c1"/>
      </object_component>
      <object_component id="oc-179">
         <name>.stack</name>
         <uninitialized>true</uninitialized>
         <run_address>0x2000fe00</run_address>
         <size>0x0</size>
      </object_component>
      <object_component id="oc-13d">
         <name>.debug_info</name>
         <load_address>0x0</load_address>
         <run_address>0x0</run_address>
         <size>0x55e</size>
         <input_file_ref idref="fl-2"/>
      </object_component>
      <object_component id="oc-12e">
         <name>.debug_info</name>
         <load_address>0x55e</load_address>
         <run_address>0x55e</run_address>
         <size>0x1cc</size>
         <input_file_ref idref="fl-2"/>
      </object_component>
      <object_component id="oc-ea">
         <name>.debug_info</name>
         <load_address>0x72a</load_address>
         <run_address>0x72a</run_address>
         <size>0x4da</size>
         <input_file_ref idref="fl-2"/>
      </object_component>
      <object_component id="oc-14b">
         <name>.debug_info</name>
         <load_address>0xc04</load_address>
         <run_address>0xc04</run_address>
         <size>0x37e2</size>
         <input_file_ref idref="fl-2"/>
      </object_component>
      <object_component id="oc-11a">
         <name>.debug_info</name>
         <load_address>0x43e6</load_address>
         <run_address>0x43e6</run_address>
         <size>0x1055</size>
         <input_file_ref idref="fl-2"/>
      </object_component>
      <object_component id="oc-36">
         <name>.debug_info</name>
         <load_address>0x543b</load_address>
         <run_address>0x543b</run_address>
         <size>0x84</size>
         <input_file_ref idref="fl-2"/>
      </object_component>
      <object_component id="oc-cc">
         <name>.debug_info</name>
         <load_address>0x54bf</load_address>
         <run_address>0x54bf</run_address>
         <size>0x18b</size>
         <input_file_ref idref="fl-2"/>
      </object_component>
      <object_component id="oc-f6">
         <name>.debug_info</name>
         <load_address>0x564a</load_address>
         <run_address>0x564a</run_address>
         <size>0x685</size>
         <input_file_ref idref="fl-3"/>
      </object_component>
      <object_component id="oc-ac">
         <name>.debug_info</name>
         <load_address>0x5ccf</load_address>
         <run_address>0x5ccf</run_address>
         <size>0x1a7</size>
         <input_file_ref idref="fl-3"/>
      </object_component>
      <object_component id="oc-115">
         <name>.debug_info</name>
         <load_address>0x5e76</load_address>
         <run_address>0x5e76</run_address>
         <size>0x37e2</size>
         <input_file_ref idref="fl-3"/>
      </object_component>
      <object_component id="oc-d1">
         <name>.debug_info</name>
         <load_address>0x9658</load_address>
         <run_address>0x9658</run_address>
         <size>0xb4</size>
         <input_file_ref idref="fl-3"/>
      </object_component>
      <object_component id="oc-135">
         <name>.debug_info</name>
         <load_address>0x970c</load_address>
         <run_address>0x970c</run_address>
         <size>0x5b3</size>
         <input_file_ref idref="fl-4"/>
      </object_component>
      <object_component id="oc-132">
         <name>.debug_info</name>
         <load_address>0x9cbf</load_address>
         <run_address>0x9cbf</run_address>
         <size>0x11c</size>
         <input_file_ref idref="fl-4"/>
      </object_component>
      <object_component id="oc-f2">
         <name>.debug_info</name>
         <load_address>0x9ddb</load_address>
         <run_address>0x9ddb</run_address>
         <size>0xa26</size>
         <input_file_ref idref="fl-4"/>
      </object_component>
      <object_component id="oc-144">
         <name>.debug_info</name>
         <load_address>0xa801</load_address>
         <run_address>0xa801</run_address>
         <size>0x37e2</size>
         <input_file_ref idref="fl-4"/>
      </object_component>
      <object_component id="oc-c5">
         <name>.debug_info</name>
         <load_address>0xdfe3</load_address>
         <run_address>0xdfe3</run_address>
         <size>0x5b9</size>
         <input_file_ref idref="fl-5"/>
      </object_component>
      <object_component id="oc-c8">
         <name>.debug_info</name>
         <load_address>0xe59c</load_address>
         <run_address>0xe59c</run_address>
         <size>0x1af</size>
         <input_file_ref idref="fl-5"/>
      </object_component>
      <object_component id="oc-7c">
         <name>.debug_info</name>
         <load_address>0xe74b</load_address>
         <run_address>0xe74b</run_address>
         <size>0x23d0</size>
         <input_file_ref idref="fl-5"/>
      </object_component>
      <object_component id="oc-83">
         <name>.debug_info</name>
         <load_address>0x10b1b</load_address>
         <run_address>0x10b1b</run_address>
         <size>0x2cc</size>
         <input_file_ref idref="fl-6"/>
      </object_component>
      <object_component id="oc-2d">
         <name>.debug_info</name>
         <load_address>0x10de7</load_address>
         <run_address>0x10de7</run_address>
         <size>0x10a</size>
         <input_file_ref idref="fl-6"/>
      </object_component>
      <object_component id="oc-77">
         <name>.debug_info</name>
         <load_address>0x10ef1</load_address>
         <run_address>0x10ef1</run_address>
         <size>0x1d1</size>
         <input_file_ref idref="fl-6"/>
      </object_component>
      <object_component id="oc-110">
         <name>.debug_info</name>
         <load_address>0x110c2</load_address>
         <run_address>0x110c2</run_address>
         <size>0x103</size>
         <input_file_ref idref="fl-7"/>
      </object_component>
      <object_component id="oc-bf">
         <name>.debug_info</name>
         <load_address>0x111c5</load_address>
         <run_address>0x111c5</run_address>
         <size>0x275</size>
         <input_file_ref idref="fl-7"/>
      </object_component>
      <object_component id="oc-29">
         <name>.debug_info</name>
         <load_address>0x1143a</load_address>
         <run_address>0x1143a</run_address>
         <size>0x160</size>
         <input_file_ref idref="fl-c1"/>
      </object_component>
      <object_component id="oc-89">
         <name>.debug_info</name>
         <load_address>0x1159a</load_address>
         <run_address>0x1159a</run_address>
         <size>0x293</size>
         <input_file_ref idref="fl-c2"/>
      </object_component>
      <object_component id="oc-16">
         <name>.debug_info</name>
         <load_address>0x1182d</load_address>
         <run_address>0x1182d</run_address>
         <size>0x245</size>
         <input_file_ref idref="fl-c2"/>
      </object_component>
      <object_component id="oc-31">
         <name>.debug_info</name>
         <load_address>0x11a72</load_address>
         <run_address>0x11a72</run_address>
         <size>0x60</size>
         <input_file_ref idref="fl-c2"/>
      </object_component>
      <object_component id="oc-84">
         <name>.debug_info</name>
         <load_address>0x11ad2</load_address>
         <run_address>0x11ad2</run_address>
         <size>0x46</size>
         <input_file_ref idref="fl-c2"/>
      </object_component>
      <object_component id="oc-46">
         <name>.debug_info</name>
         <load_address>0x11b18</load_address>
         <run_address>0x11b18</run_address>
         <size>0x2da</size>
         <input_file_ref idref="fl-c3"/>
      </object_component>
      <object_component id="oc-1c">
         <name>.debug_info</name>
         <load_address>0x11df2</load_address>
         <run_address>0x11df2</run_address>
         <size>0x1df</size>
         <input_file_ref idref="fl-c3"/>
      </object_component>
      <object_component id="oc-41">
         <name>.debug_info</name>
         <load_address>0x11fd1</load_address>
         <run_address>0x11fd1</run_address>
         <size>0x46</size>
         <input_file_ref idref="fl-c3"/>
      </object_component>
      <object_component id="oc-8b">
         <name>.debug_info</name>
         <load_address>0x12017</load_address>
         <run_address>0x12017</run_address>
         <size>0x2c</size>
         <input_file_ref idref="fl-c3"/>
      </object_component>
      <object_component id="oc-52">
         <name>.debug_info</name>
         <load_address>0x12043</load_address>
         <run_address>0x12043</run_address>
         <size>0x2c9</size>
         <input_file_ref idref="fl-c4"/>
      </object_component>
      <object_component id="oc-23">
         <name>.debug_info</name>
         <load_address>0x1230c</load_address>
         <run_address>0x1230c</run_address>
         <size>0x1aa</size>
         <input_file_ref idref="fl-c4"/>
      </object_component>
      <object_component id="oc-4d">
         <name>.debug_info</name>
         <load_address>0x124b6</load_address>
         <run_address>0x124b6</run_address>
         <size>0x46</size>
         <input_file_ref idref="fl-c4"/>
      </object_component>
      <object_component id="oc-93">
         <name>.debug_info</name>
         <load_address>0x124fc</load_address>
         <run_address>0x124fc</run_address>
         <size>0x2c</size>
         <input_file_ref idref="fl-c4"/>
      </object_component>
      <object_component id="oc-b9">
         <name>.debug_info</name>
         <load_address>0x12528</load_address>
         <run_address>0x12528</run_address>
         <size>0x3ce</size>
         <input_file_ref idref="fl-c5"/>
      </object_component>
      <object_component id="oc-b3">
         <name>.debug_info</name>
         <load_address>0x128f6</load_address>
         <run_address>0x128f6</run_address>
         <size>0x185</size>
         <input_file_ref idref="fl-c5"/>
      </object_component>
      <object_component id="oc-6c">
         <name>.debug_info</name>
         <load_address>0x12a7b</load_address>
         <run_address>0x12a7b</run_address>
         <size>0x214</size>
         <input_file_ref idref="fl-c5"/>
      </object_component>
      <object_component id="oc-3c">
         <name>.debug_info</name>
         <load_address>0x12c8f</load_address>
         <run_address>0x12c8f</run_address>
         <size>0x111</size>
         <input_file_ref idref="fl-c6"/>
      </object_component>
      <object_component id="oc-48">
         <name>.debug_info</name>
         <load_address>0x12da0</load_address>
         <run_address>0x12da0</run_address>
         <size>0x13f</size>
         <input_file_ref idref="fl-c7"/>
      </object_component>
      <object_component id="oc-57">
         <name>.debug_info</name>
         <load_address>0x12edf</load_address>
         <run_address>0x12edf</run_address>
         <size>0x138</size>
         <input_file_ref idref="fl-c8"/>
      </object_component>
      <object_component id="oc-5b">
         <name>.debug_info</name>
         <load_address>0x13017</load_address>
         <run_address>0x13017</run_address>
         <size>0x148</size>
         <input_file_ref idref="fl-c9"/>
      </object_component>
      <object_component id="oc-72">
         <name>.debug_info</name>
         <load_address>0x1315f</load_address>
         <run_address>0x1315f</run_address>
         <size>0x109</size>
         <input_file_ref idref="fl-ca"/>
      </object_component>
      <object_component id="oc-10b">
         <name>.debug_info</name>
         <load_address>0x13268</load_address>
         <run_address>0x13268</run_address>
         <size>0x2be</size>
         <input_file_ref idref="fl-cb"/>
      </object_component>
      <object_component id="oc-b6">
         <name>.debug_info</name>
         <load_address>0x13526</load_address>
         <run_address>0x13526</run_address>
         <size>0x113</size>
         <input_file_ref idref="fl-cb"/>
      </object_component>
      <object_component id="oc-104">
         <name>.debug_info</name>
         <load_address>0x13639</load_address>
         <run_address>0x13639</run_address>
         <size>0x21f</size>
         <input_file_ref idref="fl-cb"/>
      </object_component>
      <object_component id="oc-b1">
         <name>.debug_info</name>
         <load_address>0x13858</load_address>
         <run_address>0x13858</run_address>
         <size>0x300</size>
         <input_file_ref idref="fl-cc"/>
      </object_component>
      <object_component id="oc-68">
         <name>.debug_info</name>
         <load_address>0x13b58</load_address>
         <run_address>0x13b58</run_address>
         <size>0x167</size>
         <input_file_ref idref="fl-cc"/>
      </object_component>
      <object_component id="oc-fc">
         <name>.debug_info</name>
         <load_address>0x13cbf</load_address>
         <run_address>0x13cbf</run_address>
         <size>0x5e</size>
         <input_file_ref idref="fl-cc"/>
      </object_component>
      <object_component id="oc-a9">
         <name>.debug_info</name>
         <load_address>0x13d1d</load_address>
         <run_address>0x13d1d</run_address>
         <size>0x483</size>
         <input_file_ref idref="fl-cd"/>
      </object_component>
      <object_component id="oc-60">
         <name>.debug_info</name>
         <load_address>0x141a0</load_address>
         <run_address>0x141a0</run_address>
         <size>0x190</size>
         <input_file_ref idref="fl-cd"/>
      </object_component>
      <object_component id="oc-df">
         <name>.debug_info</name>
         <load_address>0x14330</load_address>
         <run_address>0x14330</run_address>
         <size>0x39</size>
         <input_file_ref idref="fl-cd"/>
      </object_component>
      <object_component id="oc-128">
         <name>.debug_info</name>
         <load_address>0x14369</load_address>
         <run_address>0x14369</run_address>
         <size>0x39</size>
         <input_file_ref idref="fl-cd"/>
      </object_component>
      <object_component id="oc-e4">
         <name>.debug_info</name>
         <load_address>0x143a2</load_address>
         <run_address>0x143a2</run_address>
         <size>0xcd</size>
         <input_file_ref idref="fl-cd"/>
      </object_component>
      <object_component id="oc-db">
         <name>.debug_info</name>
         <load_address>0x1446f</load_address>
         <run_address>0x1446f</run_address>
         <size>0x37a</size>
         <input_file_ref idref="fl-ce"/>
      </object_component>
      <object_component id="oc-9e">
         <name>.debug_info</name>
         <load_address>0x147e9</load_address>
         <run_address>0x147e9</run_address>
         <size>0x183</size>
         <input_file_ref idref="fl-ce"/>
      </object_component>
      <object_component id="oc-123">
         <name>.debug_info</name>
         <load_address>0x1496c</load_address>
         <run_address>0x1496c</run_address>
         <size>0x2c</size>
         <input_file_ref idref="fl-ce"/>
      </object_component>
      <object_component id="oc-a3">
         <name>.debug_info</name>
         <load_address>0x14998</load_address>
         <run_address>0x14998</run_address>
         <size>0x145</size>
         <input_file_ref idref="fl-cf"/>
      </object_component>
      <object_component id="oc-17a">
         <name>.debug_info</name>
         <load_address>0x14add</load_address>
         <run_address>0x14add</run_address>
         <size>0xb9</size>
      </object_component>
      <object_component id="oc-14a">
         <name>.debug_line</name>
         <load_address>0x0</load_address>
         <run_address>0x0</run_address>
         <size>0x20</size>
         <input_file_ref idref="fl-2"/>
      </object_component>
      <object_component id="oc-13f">
         <name>.debug_line</name>
         <load_address>0x20</load_address>
         <run_address>0x20</run_address>
         <size>0x5f</size>
         <input_file_ref idref="fl-2"/>
      </object_component>
      <object_component id="oc-ed">
         <name>.debug_line</name>
         <load_address>0x7f</load_address>
         <run_address>0x7f</run_address>
         <size>0x12c</size>
         <input_file_ref idref="fl-2"/>
      </object_component>
      <object_component id="oc-14e">
         <name>.debug_line</name>
         <load_address>0x1ab</load_address>
         <run_address>0x1ab</run_address>
         <size>0x52</size>
         <input_file_ref idref="fl-2"/>
      </object_component>
      <object_component id="oc-11d">
         <name>.debug_line</name>
         <load_address>0x1fd</load_address>
         <run_address>0x1fd</run_address>
         <size>0x55</size>
         <input_file_ref idref="fl-2"/>
      </object_component>
      <object_component id="oc-39">
         <name>.debug_line</name>
         <load_address>0x252</load_address>
         <run_address>0x252</run_address>
         <size>0x20</size>
         <input_file_ref idref="fl-2"/>
      </object_component>
      <object_component id="oc-cf">
         <name>.debug_line</name>
         <load_address>0x272</load_address>
         <run_address>0x272</run_address>
         <size>0x65</size>
         <input_file_ref idref="fl-2"/>
      </object_component>
      <object_component id="oc-137">
         <name>.debug_line</name>
         <load_address>0x2d7</load_address>
         <run_address>0x2d7</run_address>
         <size>0x7b</size>
         <input_file_ref idref="fl-3"/>
      </object_component>
      <object_component id="oc-ab">
         <name>.debug_line</name>
         <load_address>0x352</load_address>
         <run_address>0x352</run_address>
         <size>0x58</size>
         <input_file_ref idref="fl-3"/>
      </object_component>
      <object_component id="oc-118">
         <name>.debug_line</name>
         <load_address>0x3aa</load_address>
         <run_address>0x3aa</run_address>
         <size>0x52</size>
         <input_file_ref idref="fl-3"/>
      </object_component>
      <object_component id="oc-d4">
         <name>.debug_line</name>
         <load_address>0x3fc</load_address>
         <run_address>0x3fc</run_address>
         <size>0x35</size>
         <input_file_ref idref="fl-3"/>
      </object_component>
      <object_component id="oc-143">
         <name>.debug_line</name>
         <load_address>0x431</load_address>
         <run_address>0x431</run_address>
         <size>0x66</size>
         <input_file_ref idref="fl-4"/>
      </object_component>
      <object_component id="oc-141">
         <name>.debug_line</name>
         <load_address>0x497</load_address>
         <run_address>0x497</run_address>
         <size>0x65</size>
         <input_file_ref idref="fl-4"/>
      </object_component>
      <object_component id="oc-f0">
         <name>.debug_line</name>
         <load_address>0x4fc</load_address>
         <run_address>0x4fc</run_address>
         <size>0x1a0</size>
         <input_file_ref idref="fl-4"/>
      </object_component>
      <object_component id="oc-147">
         <name>.debug_line</name>
         <load_address>0x69c</load_address>
         <run_address>0x69c</run_address>
         <size>0x52</size>
         <input_file_ref idref="fl-4"/>
      </object_component>
      <object_component id="oc-114">
         <name>.debug_line</name>
         <load_address>0x6ee</load_address>
         <run_address>0x6ee</run_address>
         <size>0x5f</size>
         <input_file_ref idref="fl-5"/>
      </object_component>
      <object_component id="oc-120">
         <name>.debug_line</name>
         <load_address>0x74d</load_address>
         <run_address>0x74d</run_address>
         <size>0x5f</size>
         <input_file_ref idref="fl-5"/>
      </object_component>
      <object_component id="oc-7f">
         <name>.debug_line</name>
         <load_address>0x7ac</load_address>
         <run_address>0x7ac</run_address>
         <size>0x607</size>
         <input_file_ref idref="fl-5"/>
      </object_component>
      <object_component id="oc-d7">
         <name>.debug_line</name>
         <load_address>0xdb3</load_address>
         <run_address>0xdb3</run_address>
         <size>0x40</size>
         <input_file_ref idref="fl-6"/>
      </object_component>
      <object_component id="oc-82">
         <name>.debug_line</name>
         <load_address>0xdf3</load_address>
         <run_address>0xdf3</run_address>
         <size>0x40</size>
         <input_file_ref idref="fl-6"/>
      </object_component>
      <object_component id="oc-76">
         <name>.debug_line</name>
         <load_address>0xe33</load_address>
         <run_address>0xe33</run_address>
         <size>0x71</size>
         <input_file_ref idref="fl-6"/>
      </object_component>
      <object_component id="oc-13c">
         <name>.debug_line</name>
         <load_address>0xea4</load_address>
         <run_address>0xea4</run_address>
         <size>0x3b</size>
         <input_file_ref idref="fl-7"/>
      </object_component>
      <object_component id="oc-c2">
         <name>.debug_line</name>
         <load_address>0xedf</load_address>
         <run_address>0xedf</run_address>
         <size>0x146</size>
         <input_file_ref idref="fl-7"/>
      </object_component>
      <object_component id="oc-27">
         <name>.debug_line</name>
         <load_address>0x1025</load_address>
         <run_address>0x1025</run_address>
         <size>0x53</size>
         <input_file_ref idref="fl-c1"/>
      </object_component>
      <object_component id="oc-d9">
         <name>.debug_line</name>
         <load_address>0x1078</load_address>
         <run_address>0x1078</run_address>
         <size>0x20</size>
         <input_file_ref idref="fl-c2"/>
      </object_component>
      <object_component id="oc-15">
         <name>.debug_line</name>
         <load_address>0x1098</load_address>
         <run_address>0x1098</run_address>
         <size>0xa9</size>
         <input_file_ref idref="fl-c2"/>
      </object_component>
      <object_component id="oc-34">
         <name>.debug_line</name>
         <load_address>0x1141</load_address>
         <run_address>0x1141</run_address>
         <size>0x3a</size>
         <input_file_ref idref="fl-c2"/>
      </object_component>
      <object_component id="oc-87">
         <name>.debug_line</name>
         <load_address>0x117b</load_address>
         <run_address>0x117b</run_address>
         <size>0x8a</size>
         <input_file_ref idref="fl-c2"/>
      </object_component>
      <object_component id="oc-91">
         <name>.debug_line</name>
         <load_address>0x1205</load_address>
         <run_address>0x1205</run_address>
         <size>0x8a</size>
         <input_file_ref idref="fl-c3"/>
      </object_component>
      <object_component id="oc-1b">
         <name>.debug_line</name>
         <load_address>0x128f</load_address>
         <run_address>0x128f</run_address>
         <size>0x55</size>
         <input_file_ref idref="fl-c3"/>
      </object_component>
      <object_component id="oc-44">
         <name>.debug_line</name>
         <load_address>0x12e4</load_address>
         <run_address>0x12e4</run_address>
         <size>0x3a</size>
         <input_file_ref idref="fl-c3"/>
      </object_component>
      <object_component id="oc-8e">
         <name>.debug_line</name>
         <load_address>0x131e</load_address>
         <run_address>0x131e</run_address>
         <size>0x8a</size>
         <input_file_ref idref="fl-c3"/>
      </object_component>
      <object_component id="oc-99">
         <name>.debug_line</name>
         <load_address>0x13a8</load_address>
         <run_address>0x13a8</run_address>
         <size>0x8a</size>
         <input_file_ref idref="fl-c4"/>
      </object_component>
      <object_component id="oc-21">
         <name>.debug_line</name>
         <load_address>0x1432</load_address>
         <run_address>0x1432</run_address>
         <size>0x4f</size>
         <input_file_ref idref="fl-c4"/>
      </object_component>
      <object_component id="oc-50">
         <name>.debug_line</name>
         <load_address>0x1481</load_address>
         <run_address>0x1481</run_address>
         <size>0x34</size>
         <input_file_ref idref="fl-c4"/>
      </object_component>
      <object_component id="oc-96">
         <name>.debug_line</name>
         <load_address>0x14b5</load_address>
         <run_address>0x14b5</run_address>
         <size>0x8a</size>
         <input_file_ref idref="fl-c4"/>
      </object_component>
      <object_component id="oc-10e">
         <name>.debug_line</name>
         <load_address>0x153f</load_address>
         <run_address>0x153f</run_address>
         <size>0xf2</size>
         <input_file_ref idref="fl-c5"/>
      </object_component>
      <object_component id="oc-102">
         <name>.debug_line</name>
         <load_address>0x1631</load_address>
         <run_address>0x1631</run_address>
         <size>0x2a</size>
         <input_file_ref idref="fl-c5"/>
      </object_component>
      <object_component id="oc-6f">
         <name>.debug_line</name>
         <load_address>0x165b</load_address>
         <run_address>0x165b</run_address>
         <size>0x86</size>
         <input_file_ref idref="fl-c5"/>
      </object_component>
      <object_component id="oc-3f">
         <name>.debug_line</name>
         <load_address>0x16e1</load_address>
         <run_address>0x16e1</run_address>
         <size>0x88</size>
         <input_file_ref idref="fl-c6"/>
      </object_component>
      <object_component id="oc-4b">
         <name>.debug_line</name>
         <load_address>0x1769</load_address>
         <run_address>0x1769</run_address>
         <size>0x79</size>
         <input_file_ref idref="fl-c7"/>
      </object_component>
      <object_component id="oc-55">
         <name>.debug_line</name>
         <load_address>0x17e2</load_address>
         <run_address>0x17e2</run_address>
         <size>0x3d</size>
         <input_file_ref idref="fl-c8"/>
      </object_component>
      <object_component id="oc-5a">
         <name>.debug_line</name>
         <load_address>0x181f</load_address>
         <run_address>0x181f</run_address>
         <size>0x40</size>
         <input_file_ref idref="fl-c9"/>
      </object_component>
      <object_component id="oc-bc">
         <name>.debug_line</name>
         <load_address>0x185f</load_address>
         <run_address>0x185f</run_address>
         <size>0x33</size>
         <input_file_ref idref="fl-ca"/>
      </object_component>
      <object_component id="oc-13a">
         <name>.debug_line</name>
         <load_address>0x1892</load_address>
         <run_address>0x1892</run_address>
         <size>0x20</size>
         <input_file_ref idref="fl-cb"/>
      </object_component>
      <object_component id="oc-10a">
         <name>.debug_line</name>
         <load_address>0x18b2</load_address>
         <run_address>0x18b2</run_address>
         <size>0x2b</size>
         <input_file_ref idref="fl-cb"/>
      </object_component>
      <object_component id="oc-107">
         <name>.debug_line</name>
         <load_address>0x18dd</load_address>
         <run_address>0x18dd</run_address>
         <size>0x68</size>
         <input_file_ref idref="fl-cb"/>
      </object_component>
      <object_component id="oc-fb">
         <name>.debug_line</name>
         <load_address>0x1945</load_address>
         <run_address>0x1945</run_address>
         <size>0x2b</size>
         <input_file_ref idref="fl-cc"/>
      </object_component>
      <object_component id="oc-67">
         <name>.debug_line</name>
         <load_address>0x1970</load_address>
         <run_address>0x1970</run_address>
         <size>0x4a</size>
         <input_file_ref idref="fl-cc"/>
      </object_component>
      <object_component id="oc-ff">
         <name>.debug_line</name>
         <load_address>0x19ba</load_address>
         <run_address>0x19ba</run_address>
         <size>0x2b</size>
         <input_file_ref idref="fl-cc"/>
      </object_component>
      <object_component id="oc-de">
         <name>.debug_line</name>
         <load_address>0x19e5</load_address>
         <run_address>0x19e5</run_address>
         <size>0xa9</size>
         <input_file_ref idref="fl-cd"/>
      </object_component>
      <object_component id="oc-63">
         <name>.debug_line</name>
         <load_address>0x1a8e</load_address>
         <run_address>0x1a8e</run_address>
         <size>0x8b</size>
         <input_file_ref idref="fl-cd"/>
      </object_component>
      <object_component id="oc-e2">
         <name>.debug_line</name>
         <load_address>0x1b19</load_address>
         <run_address>0x1b19</run_address>
         <size>0x2e</size>
         <input_file_ref idref="fl-cd"/>
      </object_component>
      <object_component id="oc-12b">
         <name>.debug_line</name>
         <load_address>0x1b47</load_address>
         <run_address>0x1b47</run_address>
         <size>0x8a</size>
         <input_file_ref idref="fl-cd"/>
      </object_component>
      <object_component id="oc-e7">
         <name>.debug_line</name>
         <load_address>0x1bd1</load_address>
         <run_address>0x1bd1</run_address>
         <size>0x8b</size>
         <input_file_ref idref="fl-cd"/>
      </object_component>
      <object_component id="oc-122">
         <name>.debug_line</name>
         <load_address>0x1c5c</load_address>
         <run_address>0x1c5c</run_address>
         <size>0x98</size>
         <input_file_ref idref="fl-ce"/>
      </object_component>
      <object_component id="oc-a1">
         <name>.debug_line</name>
         <load_address>0x1cf4</load_address>
         <run_address>0x1cf4</run_address>
         <size>0x68</size>
         <input_file_ref idref="fl-ce"/>
      </object_component>
      <object_component id="oc-126">
         <name>.debug_line</name>
         <load_address>0x1d5c</load_address>
         <run_address>0x1d5c</run_address>
         <size>0x2e</size>
         <input_file_ref idref="fl-ce"/>
      </object_component>
      <object_component id="oc-a6">
         <name>.debug_line</name>
         <load_address>0x1d8a</load_address>
         <run_address>0x1d8a</run_address>
         <size>0x3c</size>
         <input_file_ref idref="fl-cf"/>
      </object_component>
      <object_component id="oc-ee">
         <name>.debug_frame</name>
         <load_address>0x0</load_address>
         <run_address>0x0</run_address>
         <size>0xb0</size>
         <input_file_ref idref="fl-2"/>
      </object_component>
      <object_component id="oc-af">
         <name>.debug_frame</name>
         <load_address>0xb0</load_address>
         <run_address>0xb0</run_address>
         <size>0x58</size>
         <input_file_ref idref="fl-3"/>
      </object_component>
      <object_component id="oc-f1">
         <name>.debug_frame</name>
         <load_address>0x108</load_address>
         <run_address>0x108</run_address>
         <size>0x128</size>
         <input_file_ref idref="fl-4"/>
      </object_component>
      <object_component id="oc-80">
         <name>.debug_frame</name>
         <load_address>0x230</load_address>
         <run_address>0x230</run_address>
         <size>0x3f8</size>
         <input_file_ref idref="fl-5"/>
      </object_component>
      <object_component id="oc-7a">
         <name>.debug_frame</name>
         <load_address>0x628</load_address>
         <run_address>0x628</run_address>
         <size>0x6c</size>
         <input_file_ref idref="fl-6"/>
      </object_component>
      <object_component id="oc-be">
         <name>.debug_frame</name>
         <load_address>0x694</load_address>
         <run_address>0x694</run_address>
         <size>0x70</size>
         <input_file_ref idref="fl-7"/>
      </object_component>
      <object_component id="oc-19">
         <name>.debug_frame</name>
         <load_address>0x704</load_address>
         <run_address>0x704</run_address>
         <size>0x60</size>
         <input_file_ref idref="fl-c2"/>
      </object_component>
      <object_component id="oc-1f">
         <name>.debug_frame</name>
         <load_address>0x764</load_address>
         <run_address>0x764</run_address>
         <size>0x54</size>
         <input_file_ref idref="fl-c3"/>
      </object_component>
      <object_component id="oc-22">
         <name>.debug_frame</name>
         <load_address>0x7b8</load_address>
         <run_address>0x7b8</run_address>
         <size>0x54</size>
         <input_file_ref idref="fl-c4"/>
      </object_component>
      <object_component id="oc-70">
         <name>.debug_frame</name>
         <load_address>0x80c</load_address>
         <run_address>0x80c</run_address>
         <size>0x88</size>
         <input_file_ref idref="fl-c5"/>
      </object_component>
      <object_component id="oc-56">
         <name>.debug_frame</name>
         <load_address>0x894</load_address>
         <run_address>0x894</run_address>
         <size>0x54</size>
         <input_file_ref idref="fl-c8"/>
      </object_component>
      <object_component id="oc-5e">
         <name>.debug_frame</name>
         <load_address>0x8e8</load_address>
         <run_address>0x8e8</run_address>
         <size>0x54</size>
         <input_file_ref idref="fl-c9"/>
      </object_component>
      <object_component id="oc-108">
         <name>.debug_frame</name>
         <load_address>0x93c</load_address>
         <run_address>0x93c</run_address>
         <size>0x7c</size>
         <input_file_ref idref="fl-cb"/>
      </object_component>
      <object_component id="oc-66">
         <name>.debug_frame</name>
         <load_address>0x9b8</load_address>
         <run_address>0x9b8</run_address>
         <size>0x54</size>
         <input_file_ref idref="fl-cc"/>
      </object_component>
      <object_component id="oc-64">
         <name>.debug_frame</name>
         <load_address>0xa0c</load_address>
         <run_address>0xa0c</run_address>
         <size>0x5c</size>
         <input_file_ref idref="fl-cd"/>
      </object_component>
      <object_component id="oc-9d">
         <name>.debug_frame</name>
         <load_address>0xa68</load_address>
         <run_address>0xa68</run_address>
         <size>0x60</size>
         <input_file_ref idref="fl-ce"/>
      </object_component>
      <object_component id="oc-a7">
         <name>.debug_frame</name>
         <load_address>0xac8</load_address>
         <run_address>0xac8</run_address>
         <size>0x54</size>
         <input_file_ref idref="fl-cf"/>
      </object_component>
      <object_component id="oc-149">
         <name>.debug_abbrev</name>
         <load_address>0x0</load_address>
         <run_address>0x0</run_address>
         <size>0x68</size>
         <input_file_ref idref="fl-2"/>
      </object_component>
      <object_component id="oc-13e">
         <name>.debug_abbrev</name>
         <load_address>0x68</load_address>
         <run_address>0x68</run_address>
         <size>0x29</size>
         <input_file_ref idref="fl-2"/>
      </object_component>
      <object_component id="oc-130">
         <name>.debug_abbrev</name>
         <load_address>0x91</load_address>
         <run_address>0x91</run_address>
         <size>0xa9</size>
         <input_file_ref idref="fl-2"/>
      </object_component>
      <object_component id="oc-14d">
         <name>.debug_abbrev</name>
         <load_address>0x13a</load_address>
         <run_address>0x13a</run_address>
         <size>0xbd</size>
         <input_file_ref idref="fl-2"/>
      </object_component>
      <object_component id="oc-11c">
         <name>.debug_abbrev</name>
         <load_address>0x1f7</load_address>
         <run_address>0x1f7</run_address>
         <size>0x97</size>
         <input_file_ref idref="fl-2"/>
      </object_component>
      <object_component id="oc-38">
         <name>.debug_abbrev</name>
         <load_address>0x28e</load_address>
         <run_address>0x28e</run_address>
         <size>0x1f</size>
         <input_file_ref idref="fl-2"/>
      </object_component>
      <object_component id="oc-ce">
         <name>.debug_abbrev</name>
         <load_address>0x2ad</load_address>
         <run_address>0x2ad</run_address>
         <size>0x35</size>
         <input_file_ref idref="fl-2"/>
      </object_component>
      <object_component id="oc-136">
         <name>.debug_abbrev</name>
         <load_address>0x2e2</load_address>
         <run_address>0x2e2</run_address>
         <size>0xc7</size>
         <input_file_ref idref="fl-3"/>
      </object_component>
      <object_component id="oc-f9">
         <name>.debug_abbrev</name>
         <load_address>0x3a9</load_address>
         <run_address>0x3a9</run_address>
         <size>0x54</size>
         <input_file_ref idref="fl-3"/>
      </object_component>
      <object_component id="oc-117">
         <name>.debug_abbrev</name>
         <load_address>0x3fd</load_address>
         <run_address>0x3fd</run_address>
         <size>0xbd</size>
         <input_file_ref idref="fl-3"/>
      </object_component>
      <object_component id="oc-d3">
         <name>.debug_abbrev</name>
         <load_address>0x4ba</load_address>
         <run_address>0x4ba</run_address>
         <size>0x33</size>
         <input_file_ref idref="fl-3"/>
      </object_component>
      <object_component id="oc-142">
         <name>.debug_abbrev</name>
         <load_address>0x4ed</load_address>
         <run_address>0x4ed</run_address>
         <size>0x85</size>
         <input_file_ref idref="fl-4"/>
      </object_component>
      <object_component id="oc-140">
         <name>.debug_abbrev</name>
         <load_address>0x572</load_address>
         <run_address>0x572</run_address>
         <size>0x27</size>
         <input_file_ref idref="fl-4"/>
      </object_component>
      <object_component id="oc-134">
         <name>.debug_abbrev</name>
         <load_address>0x599</load_address>
         <run_address>0x599</run_address>
         <size>0xa9</size>
         <input_file_ref idref="fl-4"/>
      </object_component>
      <object_component id="oc-146">
         <name>.debug_abbrev</name>
         <load_address>0x642</load_address>
         <run_address>0x642</run_address>
         <size>0xbd</size>
         <input_file_ref idref="fl-4"/>
      </object_component>
      <object_component id="oc-113">
         <name>.debug_abbrev</name>
         <load_address>0x6ff</load_address>
         <run_address>0x6ff</run_address>
         <size>0x8e</size>
         <input_file_ref idref="fl-5"/>
      </object_component>
      <object_component id="oc-11f">
         <name>.debug_abbrev</name>
         <load_address>0x78d</load_address>
         <run_address>0x78d</run_address>
         <size>0x29</size>
         <input_file_ref idref="fl-5"/>
      </object_component>
      <object_component id="oc-cb">
         <name>.debug_abbrev</name>
         <load_address>0x7b6</load_address>
         <run_address>0x7b6</run_address>
         <size>0x112</size>
         <input_file_ref idref="fl-5"/>
      </object_component>
      <object_component id="oc-d6">
         <name>.debug_abbrev</name>
         <load_address>0x8c8</load_address>
         <run_address>0x8c8</run_address>
         <size>0x73</size>
         <input_file_ref idref="fl-6"/>
      </object_component>
      <object_component id="oc-81">
         <name>.debug_abbrev</name>
         <load_address>0x93b</load_address>
         <run_address>0x93b</run_address>
         <size>0x29</size>
         <input_file_ref idref="fl-6"/>
      </object_component>
      <object_component id="oc-c3">
         <name>.debug_abbrev</name>
         <load_address>0x964</load_address>
         <run_address>0x964</run_address>
         <size>0x89</size>
         <input_file_ref idref="fl-6"/>
      </object_component>
      <object_component id="oc-13b">
         <name>.debug_abbrev</name>
         <load_address>0x9ed</load_address>
         <run_address>0x9ed</run_address>
         <size>0x29</size>
         <input_file_ref idref="fl-7"/>
      </object_component>
      <object_component id="oc-112">
         <name>.debug_abbrev</name>
         <load_address>0xa16</load_address>
         <run_address>0xa16</run_address>
         <size>0x8b</size>
         <input_file_ref idref="fl-7"/>
      </object_component>
      <object_component id="oc-74">
         <name>.debug_abbrev</name>
         <load_address>0xaa1</load_address>
         <run_address>0xaa1</run_address>
         <size>0x3e</size>
         <input_file_ref idref="fl-c1"/>
      </object_component>
      <object_component id="oc-d8">
         <name>.debug_abbrev</name>
         <load_address>0xadf</load_address>
         <run_address>0xadf</run_address>
         <size>0x37</size>
         <input_file_ref idref="fl-c2"/>
      </object_component>
      <object_component id="oc-30">
         <name>.debug_abbrev</name>
         <load_address>0xb16</load_address>
         <run_address>0xb16</run_address>
         <size>0x6f</size>
         <input_file_ref idref="fl-c2"/>
      </object_component>
      <object_component id="oc-33">
         <name>.debug_abbrev</name>
         <load_address>0xb85</load_address>
         <run_address>0xb85</run_address>
         <size>0x24</size>
         <input_file_ref idref="fl-c2"/>
      </object_component>
      <object_component id="oc-86">
         <name>.debug_abbrev</name>
         <load_address>0xba9</load_address>
         <run_address>0xba9</run_address>
         <size>0x35</size>
         <input_file_ref idref="fl-c2"/>
      </object_component>
      <object_component id="oc-90">
         <name>.debug_abbrev</name>
         <load_address>0xbde</load_address>
         <run_address>0xbde</run_address>
         <size>0x5d</size>
         <input_file_ref idref="fl-c3"/>
      </object_component>
      <object_component id="oc-40">
         <name>.debug_abbrev</name>
         <load_address>0xc3b</load_address>
         <run_address>0xc3b</run_address>
         <size>0x74</size>
         <input_file_ref idref="fl-c3"/>
      </object_component>
      <object_component id="oc-43">
         <name>.debug_abbrev</name>
         <load_address>0xcaf</load_address>
         <run_address>0xcaf</run_address>
         <size>0x24</size>
         <input_file_ref idref="fl-c3"/>
      </object_component>
      <object_component id="oc-8d">
         <name>.debug_abbrev</name>
         <load_address>0xcd3</load_address>
         <run_address>0xcd3</run_address>
         <size>0x24</size>
         <input_file_ref idref="fl-c3"/>
      </object_component>
      <object_component id="oc-98">
         <name>.debug_abbrev</name>
         <load_address>0xcf7</load_address>
         <run_address>0xcf7</run_address>
         <size>0x5d</size>
         <input_file_ref idref="fl-c4"/>
      </object_component>
      <object_component id="oc-4c">
         <name>.debug_abbrev</name>
         <load_address>0xd54</load_address>
         <run_address>0xd54</run_address>
         <size>0x74</size>
         <input_file_ref idref="fl-c4"/>
      </object_component>
      <object_component id="oc-4f">
         <name>.debug_abbrev</name>
         <load_address>0xdc8</load_address>
         <run_address>0xdc8</run_address>
         <size>0x24</size>
         <input_file_ref idref="fl-c4"/>
      </object_component>
      <object_component id="oc-95">
         <name>.debug_abbrev</name>
         <load_address>0xdec</load_address>
         <run_address>0xdec</run_address>
         <size>0x24</size>
         <input_file_ref idref="fl-c4"/>
      </object_component>
      <object_component id="oc-10d">
         <name>.debug_abbrev</name>
         <load_address>0xe10</load_address>
         <run_address>0xe10</run_address>
         <size>0xb3</size>
         <input_file_ref idref="fl-c5"/>
      </object_component>
      <object_component id="oc-101">
         <name>.debug_abbrev</name>
         <load_address>0xec3</load_address>
         <run_address>0xec3</run_address>
         <size>0x29</size>
         <input_file_ref idref="fl-c5"/>
      </object_component>
      <object_component id="oc-b8">
         <name>.debug_abbrev</name>
         <load_address>0xeec</load_address>
         <run_address>0xeec</run_address>
         <size>0xba</size>
         <input_file_ref idref="fl-c5"/>
      </object_component>
      <object_component id="oc-8a">
         <name>.debug_abbrev</name>
         <load_address>0xfa6</load_address>
         <run_address>0xfa6</run_address>
         <size>0x3e</size>
         <input_file_ref idref="fl-c6"/>
      </object_component>
      <object_component id="oc-92">
         <name>.debug_abbrev</name>
         <load_address>0xfe4</load_address>
         <run_address>0xfe4</run_address>
         <size>0x4f</size>
         <input_file_ref idref="fl-c7"/>
      </object_component>
      <object_component id="oc-9a">
         <name>.debug_abbrev</name>
         <load_address>0x1033</load_address>
         <run_address>0x1033</run_address>
         <size>0x53</size>
         <input_file_ref idref="fl-c8"/>
      </object_component>
      <object_component id="oc-9b">
         <name>.debug_abbrev</name>
         <load_address>0x1086</load_address>
         <run_address>0x1086</run_address>
         <size>0x55</size>
         <input_file_ref idref="fl-c9"/>
      </object_component>
      <object_component id="oc-bb">
         <name>.debug_abbrev</name>
         <load_address>0x10db</load_address>
         <run_address>0x10db</run_address>
         <size>0x27</size>
         <input_file_ref idref="fl-ca"/>
      </object_component>
      <object_component id="oc-139">
         <name>.debug_abbrev</name>
         <load_address>0x1102</load_address>
         <run_address>0x1102</run_address>
         <size>0x50</size>
         <input_file_ref idref="fl-cb"/>
      </object_component>
      <object_component id="oc-109">
         <name>.debug_abbrev</name>
         <load_address>0x1152</load_address>
         <run_address>0x1152</run_address>
         <size>0x29</size>
         <input_file_ref idref="fl-cb"/>
      </object_component>
      <object_component id="oc-138">
         <name>.debug_abbrev</name>
         <load_address>0x117b</load_address>
         <run_address>0x117b</run_address>
         <size>0x6f</size>
         <input_file_ref idref="fl-cb"/>
      </object_component>
      <object_component id="oc-fa">
         <name>.debug_abbrev</name>
         <load_address>0x11ea</load_address>
         <run_address>0x11ea</run_address>
         <size>0x99</size>
         <input_file_ref idref="fl-cc"/>
      </object_component>
      <object_component id="oc-b0">
         <name>.debug_abbrev</name>
         <load_address>0x1283</load_address>
         <run_address>0x1283</run_address>
         <size>0x68</size>
         <input_file_ref idref="fl-cc"/>
      </object_component>
      <object_component id="oc-fe">
         <name>.debug_abbrev</name>
         <load_address>0x12eb</load_address>
         <run_address>0x12eb</run_address>
         <size>0x49</size>
         <input_file_ref idref="fl-cc"/>
      </object_component>
      <object_component id="oc-dd">
         <name>.debug_abbrev</name>
         <load_address>0x1334</load_address>
         <run_address>0x1334</run_address>
         <size>0xb9</size>
         <input_file_ref idref="fl-cd"/>
      </object_component>
      <object_component id="oc-a8">
         <name>.debug_abbrev</name>
         <load_address>0x13ed</load_address>
         <run_address>0x13ed</run_address>
         <size>0x7e</size>
         <input_file_ref idref="fl-cd"/>
      </object_component>
      <object_component id="oc-e1">
         <name>.debug_abbrev</name>
         <load_address>0x146b</load_address>
         <run_address>0x146b</run_address>
         <size>0x24</size>
         <input_file_ref idref="fl-cd"/>
      </object_component>
      <object_component id="oc-12a">
         <name>.debug_abbrev</name>
         <load_address>0x148f</load_address>
         <run_address>0x148f</run_address>
         <size>0x24</size>
         <input_file_ref idref="fl-cd"/>
      </object_component>
      <object_component id="oc-e6">
         <name>.debug_abbrev</name>
         <load_address>0x14b3</load_address>
         <run_address>0x14b3</run_address>
         <size>0x4b</size>
         <input_file_ref idref="fl-cd"/>
      </object_component>
      <object_component id="oc-121">
         <name>.debug_abbrev</name>
         <load_address>0x14fe</load_address>
         <run_address>0x14fe</run_address>
         <size>0xa7</size>
         <input_file_ref idref="fl-ce"/>
      </object_component>
      <object_component id="oc-da">
         <name>.debug_abbrev</name>
         <load_address>0x15a5</load_address>
         <run_address>0x15a5</run_address>
         <size>0x8c</size>
         <input_file_ref idref="fl-ce"/>
      </object_component>
      <object_component id="oc-125">
         <name>.debug_abbrev</name>
         <load_address>0x1631</load_address>
         <run_address>0x1631</run_address>
         <size>0x24</size>
         <input_file_ref idref="fl-ce"/>
      </object_component>
      <object_component id="oc-dc">
         <name>.debug_abbrev</name>
         <load_address>0x1655</load_address>
         <run_address>0x1655</run_address>
         <size>0x53</size>
         <input_file_ref idref="fl-cf"/>
      </object_component>
      <object_component id="oc-17b">
         <name>.debug_abbrev</name>
         <load_address>0x16a8</load_address>
         <run_address>0x16a8</run_address>
         <size>0xf</size>
      </object_component>
      <object_component id="oc-14f">
         <name>.debug_str</name>
         <load_address>0x0</load_address>
         <run_address>0x0</run_address>
         <size>0x15da</size>
         <input_file_ref idref="fl-2"/>
      </object_component>
      <object_component id="oc-11e">
         <name>.debug_str</name>
         <load_address>0x15da</load_address>
         <run_address>0x15da</run_address>
         <size>0x496</size>
         <input_file_ref idref="fl-2"/>
      </object_component>
      <object_component id="oc-3a">
         <name>.debug_str</name>
         <load_address>0x1a70</load_address>
         <run_address>0x1a70</run_address>
         <size>0xfa</size>
         <input_file_ref idref="fl-2"/>
      </object_component>
      <object_component id="oc-d0">
         <name>.debug_str</name>
         <load_address>0x1b6a</load_address>
         <run_address>0x1b6a</run_address>
         <size>0x230</size>
         <input_file_ref idref="fl-2"/>
      </object_component>
      <object_component id="oc-119">
         <name>.debug_str</name>
         <load_address>0x1d9a</load_address>
         <run_address>0x1d9a</run_address>
         <size>0x15da</size>
         <input_file_ref idref="fl-3"/>
      </object_component>
      <object_component id="oc-d5">
         <name>.debug_str</name>
         <load_address>0x3374</load_address>
         <run_address>0x3374</run_address>
         <size>0x1cb</size>
         <input_file_ref idref="fl-3"/>
      </object_component>
      <object_component id="oc-148">
         <name>.debug_str</name>
         <load_address>0x353f</load_address>
         <run_address>0x353f</run_address>
         <size>0x15db</size>
         <input_file_ref idref="fl-4"/>
      </object_component>
      <object_component id="oc-35">
         <name>.debug_str</name>
         <load_address>0x4b1a</load_address>
         <run_address>0x4b1a</run_address>
         <size>0x10d</size>
         <input_file_ref idref="fl-c2"/>
      </object_component>
      <object_component id="oc-88">
         <name>.debug_str</name>
         <load_address>0x4c27</load_address>
         <run_address>0x4c27</run_address>
         <size>0x14a</size>
         <input_file_ref idref="fl-c2"/>
      </object_component>
      <object_component id="oc-45">
         <name>.debug_str</name>
         <load_address>0x4d71</load_address>
         <run_address>0x4d71</run_address>
         <size>0x100</size>
         <input_file_ref idref="fl-c3"/>
      </object_component>
      <object_component id="oc-8f">
         <name>.debug_str</name>
         <load_address>0x4e71</load_address>
         <run_address>0x4e71</run_address>
         <size>0x12d</size>
         <input_file_ref idref="fl-c3"/>
      </object_component>
      <object_component id="oc-51">
         <name>.debug_str</name>
         <load_address>0x4f9e</load_address>
         <run_address>0x4f9e</run_address>
         <size>0xfa</size>
         <input_file_ref idref="fl-c4"/>
      </object_component>
      <object_component id="oc-97">
         <name>.debug_str</name>
         <load_address>0x5098</load_address>
         <run_address>0x5098</run_address>
         <size>0x12d</size>
         <input_file_ref idref="fl-c4"/>
      </object_component>
      <object_component id="oc-100">
         <name>.debug_str</name>
         <load_address>0x51c5</load_address>
         <run_address>0x51c5</run_address>
         <size>0xd6</size>
         <input_file_ref idref="fl-cc"/>
      </object_component>
      <object_component id="oc-e3">
         <name>.debug_str</name>
         <load_address>0x529b</load_address>
         <run_address>0x529b</run_address>
         <size>0xe2</size>
         <input_file_ref idref="fl-cd"/>
      </object_component>
      <object_component id="oc-12c">
         <name>.debug_str</name>
         <load_address>0x537d</load_address>
         <run_address>0x537d</run_address>
         <size>0x138</size>
         <input_file_ref idref="fl-cd"/>
      </object_component>
      <object_component id="oc-e8">
         <name>.debug_str</name>
         <load_address>0x54b5</load_address>
         <run_address>0x54b5</run_address>
         <size>0x184</size>
         <input_file_ref idref="fl-cd"/>
      </object_component>
      <object_component id="oc-127">
         <name>.debug_str</name>
         <load_address>0x5639</load_address>
         <run_address>0x5639</run_address>
         <size>0xd7</size>
         <input_file_ref idref="fl-ce"/>
      </object_component>
      <object_component id="oc-eb">
         <name>.debug_aranges</name>
         <load_address>0x0</load_address>
         <run_address>0x0</run_address>
         <size>0x40</size>
         <input_file_ref idref="fl-2"/>
      </object_component>
      <object_component id="oc-ae">
         <name>.debug_aranges</name>
         <load_address>0x40</load_address>
         <run_address>0x40</run_address>
         <size>0x20</size>
         <input_file_ref idref="fl-3"/>
      </object_component>
      <object_component id="oc-f3">
         <name>.debug_aranges</name>
         <load_address>0x60</load_address>
         <run_address>0x60</run_address>
         <size>0x68</size>
         <input_file_ref idref="fl-4"/>
      </object_component>
      <object_component id="oc-7d">
         <name>.debug_aranges</name>
         <load_address>0xc8</load_address>
         <run_address>0xc8</run_address>
         <size>0x188</size>
         <input_file_ref idref="fl-5"/>
      </object_component>
      <object_component id="oc-79">
         <name>.debug_aranges</name>
         <load_address>0x250</load_address>
         <run_address>0x250</run_address>
         <size>0x28</size>
         <input_file_ref idref="fl-6"/>
      </object_component>
      <object_component id="oc-c1">
         <name>.debug_aranges</name>
         <load_address>0x278</load_address>
         <run_address>0x278</run_address>
         <size>0x28</size>
         <input_file_ref idref="fl-7"/>
      </object_component>
      <object_component id="oc-28">
         <name>.debug_aranges</name>
         <load_address>0x2a0</load_address>
         <run_address>0x2a0</run_address>
         <size>0x20</size>
         <input_file_ref idref="fl-c1"/>
      </object_component>
      <object_component id="oc-17">
         <name>.debug_aranges</name>
         <load_address>0x2c0</load_address>
         <run_address>0x2c0</run_address>
         <size>0x20</size>
         <input_file_ref idref="fl-c2"/>
      </object_component>
      <object_component id="oc-1e">
         <name>.debug_aranges</name>
         <load_address>0x2e0</load_address>
         <run_address>0x2e0</run_address>
         <size>0x20</size>
         <input_file_ref idref="fl-c3"/>
      </object_component>
      <object_component id="oc-25">
         <name>.debug_aranges</name>
         <load_address>0x300</load_address>
         <run_address>0x300</run_address>
         <size>0x20</size>
         <input_file_ref idref="fl-c4"/>
      </object_component>
      <object_component id="oc-6e">
         <name>.debug_aranges</name>
         <load_address>0x320</load_address>
         <run_address>0x320</run_address>
         <size>0x30</size>
         <input_file_ref idref="fl-c5"/>
      </object_component>
      <object_component id="oc-3d">
         <name>.debug_aranges</name>
         <load_address>0x350</load_address>
         <run_address>0x350</run_address>
         <size>0x20</size>
         <input_file_ref idref="fl-c6"/>
      </object_component>
      <object_component id="oc-4a">
         <name>.debug_aranges</name>
         <load_address>0x370</load_address>
         <run_address>0x370</run_address>
         <size>0x28</size>
         <input_file_ref idref="fl-c7"/>
      </object_component>
      <object_component id="oc-54">
         <name>.debug_aranges</name>
         <load_address>0x398</load_address>
         <run_address>0x398</run_address>
         <size>0x20</size>
         <input_file_ref idref="fl-c8"/>
      </object_component>
      <object_component id="oc-5d">
         <name>.debug_aranges</name>
         <load_address>0x3b8</load_address>
         <run_address>0x3b8</run_address>
         <size>0x20</size>
         <input_file_ref idref="fl-c9"/>
      </object_component>
      <object_component id="oc-106">
         <name>.debug_aranges</name>
         <load_address>0x3d8</load_address>
         <run_address>0x3d8</run_address>
         <size>0x30</size>
         <input_file_ref idref="fl-cb"/>
      </object_component>
      <object_component id="oc-69">
         <name>.debug_aranges</name>
         <load_address>0x408</load_address>
         <run_address>0x408</run_address>
         <size>0x20</size>
         <input_file_ref idref="fl-cc"/>
      </object_component>
      <object_component id="oc-62">
         <name>.debug_aranges</name>
         <load_address>0x428</load_address>
         <run_address>0x428</run_address>
         <size>0x20</size>
         <input_file_ref idref="fl-cd"/>
      </object_component>
      <object_component id="oc-9f">
         <name>.debug_aranges</name>
         <load_address>0x448</load_address>
         <run_address>0x448</run_address>
         <size>0x20</size>
         <input_file_ref idref="fl-ce"/>
      </object_component>
      <object_component id="oc-a4">
         <name>.debug_aranges</name>
         <load_address>0x468</load_address>
         <run_address>0x468</run_address>
         <size>0x20</size>
         <input_file_ref idref="fl-cf"/>
      </object_component>
      <object_component id="oc-12f">
         <name>.debug_pubnames</name>
         <load_address>0x0</load_address>
         <run_address>0x0</run_address>
         <size>0x67</size>
         <input_file_ref idref="fl-2"/>
      </object_component>
      <object_component id="oc-ec">
         <name>.debug_pubnames</name>
         <load_address>0x67</load_address>
         <run_address>0x67</run_address>
         <size>0x68</size>
         <input_file_ref idref="fl-2"/>
      </object_component>
      <object_component id="oc-f7">
         <name>.debug_pubnames</name>
         <load_address>0xcf</load_address>
         <run_address>0xcf</run_address>
         <size>0x28</size>
         <input_file_ref idref="fl-3"/>
      </object_component>
      <object_component id="oc-ad">
         <name>.debug_pubnames</name>
         <load_address>0xf7</load_address>
         <run_address>0xf7</run_address>
         <size>0x1b</size>
         <input_file_ref idref="fl-3"/>
      </object_component>
      <object_component id="oc-133">
         <name>.debug_pubnames</name>
         <load_address>0x112</load_address>
         <run_address>0x112</run_address>
         <size>0x1e</size>
         <input_file_ref idref="fl-4"/>
      </object_component>
      <object_component id="oc-f4">
         <name>.debug_pubnames</name>
         <load_address>0x130</load_address>
         <run_address>0x130</run_address>
         <size>0xd5</size>
         <input_file_ref idref="fl-4"/>
      </object_component>
      <object_component id="oc-c6">
         <name>.debug_pubnames</name>
         <load_address>0x205</load_address>
         <run_address>0x205</run_address>
         <size>0x32</size>
         <input_file_ref idref="fl-5"/>
      </object_component>
      <object_component id="oc-c9">
         <name>.debug_pubnames</name>
         <load_address>0x237</load_address>
         <run_address>0x237</run_address>
         <size>0x63</size>
         <input_file_ref idref="fl-5"/>
      </object_component>
      <object_component id="oc-7e">
         <name>.debug_pubnames</name>
         <load_address>0x29a</load_address>
         <run_address>0x29a</run_address>
         <size>0x351</size>
         <input_file_ref idref="fl-5"/>
      </object_component>
      <object_component id="oc-2e">
         <name>.debug_pubnames</name>
         <load_address>0x5eb</load_address>
         <run_address>0x5eb</run_address>
         <size>0x27</size>
         <input_file_ref idref="fl-6"/>
      </object_component>
      <object_component id="oc-78">
         <name>.debug_pubnames</name>
         <load_address>0x612</load_address>
         <run_address>0x612</run_address>
         <size>0x38</size>
         <input_file_ref idref="fl-6"/>
      </object_component>
      <object_component id="oc-111">
         <name>.debug_pubnames</name>
         <load_address>0x64a</load_address>
         <run_address>0x64a</run_address>
         <size>0x26</size>
         <input_file_ref idref="fl-7"/>
      </object_component>
      <object_component id="oc-c0">
         <name>.debug_pubnames</name>
         <load_address>0x670</load_address>
         <run_address>0x670</run_address>
         <size>0x3b</size>
         <input_file_ref idref="fl-7"/>
      </object_component>
      <object_component id="oc-2a">
         <name>.debug_pubnames</name>
         <load_address>0x6ab</load_address>
         <run_address>0x6ab</run_address>
         <size>0x1f</size>
         <input_file_ref idref="fl-c1"/>
      </object_component>
      <object_component id="oc-18">
         <name>.debug_pubnames</name>
         <load_address>0x6ca</load_address>
         <run_address>0x6ca</run_address>
         <size>0x2b</size>
         <input_file_ref idref="fl-c2"/>
      </object_component>
      <object_component id="oc-1d">
         <name>.debug_pubnames</name>
         <load_address>0x6f5</load_address>
         <run_address>0x6f5</run_address>
         <size>0x2b</size>
         <input_file_ref idref="fl-c3"/>
      </object_component>
      <object_component id="oc-24">
         <name>.debug_pubnames</name>
         <load_address>0x720</load_address>
         <run_address>0x720</run_address>
         <size>0x25</size>
         <input_file_ref idref="fl-c4"/>
      </object_component>
      <object_component id="oc-b4">
         <name>.debug_pubnames</name>
         <load_address>0x745</load_address>
         <run_address>0x745</run_address>
         <size>0x5e</size>
         <input_file_ref idref="fl-c5"/>
      </object_component>
      <object_component id="oc-6d">
         <name>.debug_pubnames</name>
         <load_address>0x7a3</load_address>
         <run_address>0x7a3</run_address>
         <size>0x35</size>
         <input_file_ref idref="fl-c5"/>
      </object_component>
      <object_component id="oc-3e">
         <name>.debug_pubnames</name>
         <load_address>0x7d8</load_address>
         <run_address>0x7d8</run_address>
         <size>0x1d</size>
         <input_file_ref idref="fl-c6"/>
      </object_component>
      <object_component id="oc-49">
         <name>.debug_pubnames</name>
         <load_address>0x7f5</load_address>
         <run_address>0x7f5</run_address>
         <size>0x37</size>
         <input_file_ref idref="fl-c7"/>
      </object_component>
      <object_component id="oc-58">
         <name>.debug_pubnames</name>
         <load_address>0x82c</load_address>
         <run_address>0x82c</run_address>
         <size>0x21</size>
         <input_file_ref idref="fl-c8"/>
      </object_component>
      <object_component id="oc-5c">
         <name>.debug_pubnames</name>
         <load_address>0x84d</load_address>
         <run_address>0x84d</run_address>
         <size>0x27</size>
         <input_file_ref idref="fl-c9"/>
      </object_component>
      <object_component id="oc-73">
         <name>.debug_pubnames</name>
         <load_address>0x874</load_address>
         <run_address>0x874</run_address>
         <size>0x23</size>
         <input_file_ref idref="fl-ca"/>
      </object_component>
      <object_component id="oc-b7">
         <name>.debug_pubnames</name>
         <load_address>0x897</load_address>
         <run_address>0x897</run_address>
         <size>0x28</size>
[...]
         <value>0x445</value>
         <object_component_ref idref="oc-7b"/>
      </symbol>
      <symbol id="sm-182">
         <name>TExaS_Clear4</name>
         <value>0x443</value>
         <object_component_ref idref="oc-7b"/>
      </symbol>
      <symbol id="sm-183">
         <name>TExaS_Clear6</name>
         <value>0x451</value>
         <object_component_ref idref="oc-7b"/>
      </symbol>
      <symbol id="sm-184">
         <name>TExaS_Clear1</name>
         <value>0x41f</value>
         <object_component_ref idref="oc-7b"/>
      </symbol>
      <symbol id="sm-185">
         <name>TExaS_Clear0</name>
         <value>0x413</value>
         <object_component_ref idref="oc-7b"/>
      </symbol>
      <symbol id="sm-186">
         <name>TExaS_Clear3</name>
         <value>0x437</value>
         <object_component_ref idref="oc-7b"/>
      </symbol>
      <symbol id="sm-187">
         <name>TExaS_Clear2</name>
         <value>0x42b</value>
         <object_component_ref idref="oc-7b"/>
      </symbol>
      <symbol id="sm-188">
         <name>TExaS_Stop</name>
         <value>0x6b1</value>
         <object_component_ref idref="oc-7b"/>
      </symbol>
      <symbol id="sm-189">
         <name>TExaS_ScopeErrConflict</name>
         <value>0x20000028</value>
         <object_component_ref idref="oc-c7"/>
      </symbol>
      <symbol id="sm-18a">
         <name>ADC_Init</name>
         <value>0x475</value>
         <object_component_ref idref="oc-7b"/>
      </symbol>
      <symbol id="sm-18b">
         <name>LogicAnalyzer_P4_765432</name>
         <value>0x137</value>
         <object_component_ref idref="oc-7b"/>
      </symbol>
      <symbol id="sm-18c">
         <name>PeriodicTask2_Init</name>
         <value>0x257</value>
         <object_component_ref idref="oc-7b"/>
      </symbol>
      <symbol id="sm-18d">
         <name>LogicAnalyzer_P1</name>
         <value>0xef</value>
         <object_component_ref idref="oc-7b"/>
      </symbol>
      <symbol id="sm-18e">
         <name>LogicAnalyzer_P3</name>
         <value>0x11b</value>
         <object_component_ref idref="oc-7b"/>
      </symbol>
      <symbol id="sm-18f">
         <name>LogicAnalyzer_P2</name>
         <value>0xfd</value>
         <object_component_ref idref="oc-7b"/>
      </symbol>
      <symbol id="sm-190">
         <name>LogicAnalyzer_P5</name>
         <value>0x17f</value>
         <object_component_ref idref="oc-7b"/>
      </symbol>
      <symbol id="sm-191">
         <name>LogicAnalyzer_P4</name>
         <value>0x129</value>
         <object_component_ref idref="oc-7b"/>
      </symbol>
      <symbol id="sm-192">
         <name>LogicAnalyzer_P7</name>
         <value>0x19b</value>
         <object_component_ref idref="oc-7b"/>
      </symbol>
      <symbol id="sm-193">
         <name>LogicAnalyzer_P6</name>
         <value>0x18d</value>
         <object_component_ref idref="oc-7b"/>
      </symbol>
      <symbol id="sm-194">
         <name>LogicAnalyzer_P9</name>
         <value>0x1b7</value>
         <object_component_ref idref="oc-7b"/>
      </symbol>
      <symbol id="sm-195">
         <name>LogicAnalyzer_P8</name>
         <value>0x1a9</value>
         <object_component_ref idref="oc-7b"/>
      </symbol>
      <symbol id="sm-196">
         <name>TExaS_ScopeWrnReconfig</name>
         <value>0x2000002c</value>
         <object_component_ref idref="oc-c7"/>
      </symbol>
      <symbol id="sm-197">
         <name>TExaS_Task0</name>
         <value>0x367</value>
         <object_component_ref idref="oc-7b"/>
      </symbol>
      <symbol id="sm-198">
         <name>TExaS_Task1</name>
         <value>0x373</value>
         <object_component_ref idref="oc-7b"/>
      </symbol>
      <symbol id="sm-199">
         <name>TExaS_Task2</name>
         <value>0x37f</value>
         <object_component_ref idref="oc-7b"/>
      </symbol>
      <symbol id="sm-19a">
         <name>TExaS_Task3</name>
         <value>0x38b</value>
         <object_component_ref idref="oc-7b"/>
      </symbol>
      <symbol id="sm-19b">
         <name>TExaS_Task4</name>
         <value>0x397</value>
         <object_component_ref idref="oc-7b"/>
      </symbol>
      <symbol id="sm-19c">
         <name>TExaS_Task5</name>
         <value>0x399</value>
         <object_component_ref idref="oc-7b"/>
      </symbol>
      <symbol id="sm-19d">
         <name>TExaS_Task6</name>
         <value>0x3a5</value>
         <object_component_ref idref="oc-7b"/>
      </symbol>
      <symbol id="sm-19e">
         <name>Scope</name>
         <value>0x1d3</value>
         <object_component_ref idref="oc-7b"/>
      </symbol>
      <symbol id="sm-19f">
         <name>TExaS_Set0</name>
         <value>0x3c9</value>
         <object_component_ref idref="oc-7b"/>
      </symbol>
      <symbol id="sm-1a0">
         <name>TExaS_Set1</name>
         <value>0x3d5</value>
         <object_component_ref idref="oc-7b"/>
      </symbol>
      <symbol id="sm-1a1">
         <name>TExaS_Set2</name>
         <value>0x3e1</value>
         <object_component_ref idref="oc-7b"/>
      </symbol>
      <symbol id="sm-1a2">
         <name>TExaS_Set3</name>
         <value>0x3ed</value>
         <object_component_ref idref="oc-7b"/>
      </symbol>
      <symbol id="sm-1a3">
         <name>TExaS_Set4</name>
         <value>0x3f9</value>
         <object_component_ref idref="oc-7b"/>
      </symbol>
      <symbol id="sm-1a4">
         <name>TExaS_Set5</name>
         <value>0x3fb</value>
         <object_component_ref idref="oc-7b"/>
      </symbol>
      <symbol id="sm-1a5">
         <name>TExaS_Set6</name>
         <value>0x407</value>
         <object_component_ref idref="oc-7b"/>
      </symbol>
      <symbol id="sm-1a6">
         <name>TExaS_ScopeErrLostData</name>
         <value>0x20000024</value>
         <object_component_ref idref="oc-c7"/>
      </symbol>
      <symbol id="sm-1a7">
         <name>PeriodicTask2_Stop</name>
         <value>0x2d1</value>
         <object_component_ref idref="oc-7b"/>
      </symbol>
      <symbol id="sm-1a8">
         <name>LogicAnalyzer_P10</name>
         <value>0x1c5</value>
         <object_component_ref idref="oc-7b"/>
      </symbol>
      <symbol id="sm-1a9">
         <name>TExaS_Init</name>
         <value>0x551</value>
         <object_component_ref idref="oc-7b"/>
      </symbol>
      <symbol id="sm-1aa">
         <name>UART_InChar</name>
         <value>0x33b</value>
         <object_component_ref idref="oc-7b"/>
      </symbol>
      <symbol id="sm-1ab">
         <name>LogicAnalyzer</name>
         <value>0xe5</value>
         <object_component_ref idref="oc-7b"/>
      </symbol>
      <symbol id="sm-1ac">
         <name>LogicAnalyzer_P4_765320</name>
         <value>0x147</value>
         <object_component_ref idref="oc-7b"/>
      </symbol>
      <symbol id="sm-1ad">
         <name>T32_INT1_IRQHandler</name>
         <value>0x2c1</value>
         <object_component_ref idref="oc-7b"/>
      </symbol>
      <symbol id="sm-1ae">
         <name>UART_Init</name>
         <value>0x2e1</value>
         <object_component_ref idref="oc-7b"/>
      </symbol>
      <symbol id="sm-1af">
         <name>LogicAnalyzer_P2_7654</name>
         <value>0x10b</value>
         <object_component_ref idref="oc-7b"/>
      </symbol>
      <symbol id="sm-1b0">
         <name>UART_OutChar</name>
         <value>0x34b</value>
         <object_component_ref idref="oc-7b"/>
      </symbol>
      <symbol id="sm-1b1">
         <name>TExaS_Set</name>
         <value>0x3b1</value>
         <object_component_ref idref="oc-7b"/>
      </symbol>
      <symbol id="sm-1c6">
         <name>Reset_Handler</name>
         <value>0x10d7</value>
         <object_component_ref idref="oc-75"/>
      </symbol>
      <symbol id="sm-1c7">
         <name>Default_Handler</name>
         <value>0x10e3</value>
         <object_component_ref idref="oc-75"/>
      </symbol>
      <symbol id="sm-1c8">
         <name>interruptVectors</name>
         <value>0x0</value>
         <object_component_ref idref="oc-2c"/>
      </symbol>
      <symbol id="sm-20e">
         <name>SystemInit</name>
         <value>0x989</value>
         <object_component_ref idref="oc-bd"/>
      </symbol>
      <symbol id="sm-20f">
         <name>SystemCoreClockUpdate</name>
         <value>0x715</value>
         <object_component_ref idref="oc-bd"/>
      </symbol>
      <symbol id="sm-210">
         <name>SystemCoreClock</name>
         <value>0x2000003c</value>
         <object_component_ref idref="oc-10f"/>
      </symbol>
      <symbol id="sm-221">
         <name>_c_int00</name>
         <value>0xf71</value>
         <object_component_ref idref="oc-26"/>
      </symbol>
      <symbol id="sm-222">
         <name>__stack</name>
         <value>0x2000fe00</value>
         <object_component_ref idref="oc-2f"/>
      </symbol>
      <symbol id="sm-240">
         <name>__TI_decompress_lzss</name>
         <value>0xf09</value>
         <object_component_ref idref="oc-14"/>
      </symbol>
      <symbol id="sm-257">
         <name>__TI_decompress_none</name>
         <value>0x10c9</value>
         <object_component_ref idref="oc-1a"/>
      </symbol>
      <symbol id="sm-26e">
         <name>__TI_zero_init</name>
         <value>0x10e5</value>
         <object_component_ref idref="oc-20"/>
      </symbol>
      <symbol id="sm-28f">
         <name>C$$EXIT</name>
         <value>0xfc5</value>
         <object_component_ref idref="oc-6b"/>
      </symbol>
      <symbol id="sm-290">
         <name>abort</name>
         <value>0xfc9</value>
         <object_component_ref idref="oc-6b"/>
      </symbol>
      <symbol id="sm-291">
         <name>exit</name>
         <value>0xfd1</value>
         <object_component_ref idref="oc-6b"/>
      </symbol>
      <symbol id="sm-292">
         <name>__TI_dtors_ptr</name>
         <value>0x2000001c</value>
         <object_component_ref idref="oc-b2"/>
      </symbol>
      <symbol id="sm-293">
         <name>__TI_cleanup_ptr</name>
         <value>0x20000018</value>
         <object_component_ref idref="oc-b2"/>
      </symbol>
      <symbol id="sm-294">
         <name>__TI_enable_exit_profile_output</name>
         <value>0x20000020</value>
         <object_component_ref idref="oc-b2"/>
      </symbol>
      <symbol id="sm-2af">
         <name>memcpy</name>
         <value>0xd81</value>
         <object_component_ref idref="oc-3b"/>
      </symbol>
      <symbol id="sm-2b0">
         <name>__aeabi_memcpy</name>
         <value>0xd81</value>
         <object_component_ref idref="oc-3b"/>
      </symbol>
      <symbol id="sm-2b1">
         <name>__aeabi_memcpy8</name>
         <value>0xd81</value>
         <object_component_ref idref="oc-3b"/>
      </symbol>
      <symbol id="sm-2b2">
         <name>__aeabi_memcpy4</name>
         <value>0xd81</value>
         <object_component_ref idref="oc-3b"/>
      </symbol>
      <symbol id="sm-2c1">
         <name>__aeabi_memset</name>
         <value>0xe1f</value>
         <object_component_ref idref="oc-47"/>
      </symbol>
      <symbol id="sm-2c2">
         <name>memset</name>
         <value>0xe25</value>
         <object_component_ref idref="oc-47"/>
      </symbol>
      <symbol id="sm-2c3">
         <name>__aeabi_memset8</name>
         <value>0xe1f</value>
         <object_component_ref idref="oc-47"/>
      </symbol>
      <symbol id="sm-2c4">
         <name>__aeabi_memset4</name>
         <value>0xe1f</value>
         <object_component_ref idref="oc-47"/>
      </symbol>
      <symbol id="sm-2c5">
         <name>__aeabi_memclr8</name>
         <value>0xe1d</value>
         <object_component_ref idref="oc-47"/>
      </symbol>
      <symbol id="sm-2c6">
         <name>__aeabi_memclr4</name>
         <value>0xe1d</value>
         <object_component_ref idref="oc-47"/>
      </symbol>
      <symbol id="sm-2c7">
         <name>__aeabi_memclr</name>
         <value>0xe1d</value>
         <object_component_ref idref="oc-47"/>
      </symbol>
      <symbol id="sm-2d1">
         <name>__mpu_init</name>
         <value>0xe97</value>
         <object_component_ref idref="oc-53"/>
      </symbol>
      <symbol id="sm-2db">
         <name>_system_pre_init</name>
         <value>0x10f1</value>
         <object_component_ref idref="oc-59"/>
      </symbol>
      <symbol id="sm-2e3">
         <name>main_func_sp</name>
         <value>0x20000038</value>
         <object_component_ref idref="oc-71"/>
      </symbol>
      <symbol id="sm-2fc">
         <name>_nop</name>
         <value>0x10c3</value>
         <object_component_ref idref="oc-103"/>
      </symbol>
      <symbol id="sm-2fd">
         <name>_lock</name>
         <value>0x20000030</value>
         <object_component_ref idref="oc-b5"/>
      </symbol>
      <symbol id="sm-2fe">
         <name>_unlock</name>
         <value>0x20000034</value>
         <object_component_ref idref="oc-b5"/>
      </symbol>
      <symbol id="sm-2ff">
         <name>_register_lock</name>
         <value>0x10bb</value>
         <object_component_ref idref="oc-103"/>
      </symbol>
      <symbol id="sm-300">
         <name>_register_unlock</name>
         <value>0x10b5</value>
         <object_component_ref idref="oc-103"/>
      </symbol>
      <symbol id="sm-314">
         <name>_args_main</name>
         <value>0x109d</value>
         <object_component_ref idref="oc-65"/>
      </symbol>
      <symbol id="sm-33e">
         <name>__TI_auto_init</name>
         <value>0xe99</value>
         <object_component_ref idref="oc-5f"/>
      </symbol>
      <symbol id="sm-358">
         <name>copy_in</name>
         <value>0x1019</value>
         <object_component_ref idref="oc-9c"/>
      </symbol>
      <symbol id="sm-362">
         <name>_system_post_cinit</name>
         <value>0x10f5</value>
         <object_component_ref idref="oc-a2"/>
      </symbol>
      <symbol id="sm-363">
         <name>__TI_static_base__</name>
         <value>0x0</value>
      </symbol>
      <symbol id="sm-366">
         <name>SHT$$INIT_ARRAY$$Limit</name>
         <value>0x0</value>
      </symbol>
      <symbol id="sm-367">
         <name>SHT$$INIT_ARRAY$$Base</name>
         <value>0x0</value>
      </symbol>
      <symbol id="sm-368">
         <name>NMI_Handler</name>
         <value>0x10e3</value>
      </symbol>
      <symbol id="sm-369">
         <name>HardFault_Handler</name>
         <value>0x10e3</value>
      </symbol>
      <symbol id="sm-36a">
         <name>MemManage_Handler</name>
         <value>0x10e3</value>
      </symbol>
      <symbol id="sm-36b">
         <name>BusFault_Handler</name>
         <value>0x10e3</value>
      </symbol>
      <symbol id="sm-36c">
         <name>UsageFault_Handler</name>
         <value>0x10e3</value>
      </symbol>
      <symbol id="sm-36d">
         <name>SVC_Handler</name>
         <value>0x10e3</value>
      </symbol>
      <symbol id="sm-36e">
         <name>DebugMon_Handler</name>
         <value>0x10e3</value>
      </symbol>
      <symbol id="sm-36f">
         <name>PendSV_Handler</name>
         <value>0x10e3</value>
      </symbol>
      <symbol id="sm-370">
         <name>SysTick_Handler</name>
         <value>0x10e3</value>
      </symbol>
      <symbol id="sm-371">
         <name>PSS_IRQHandler</name>
         <value>0x10e3</value>
      </symbol>
      <symbol id="sm-372">
         <name>CS_IRQHandler</name>
         <value>0x10e3</value>
      </symbol>
      <symbol id="sm-373">
         <name>PCM_IRQHandler</name>
         <value>0x10e3</value>
      </symbol>
      <symbol id="sm-374">
         <name>WDT_A_IRQHandler</name>
         <value>0x10e3</value>
      </symbol>
      <symbol id="sm-375">
         <name>FPU_IRQHandler</name>
         <value>0x10e3</value>
      </symbol>
      <symbol id="sm-376">
         <name>FLCTL_IRQHandler</name>
         <value>0x10e3</value>
      </symbol>
      <symbol id="sm-377">
         <name>COMP_E0_IRQHandler</name>
         <value>0x10e3</value>
      </symbol>
      <symbol id="sm-378">
         <name>COMP_E1_IRQHandler</name>
         <value>0x10e3</value>
      </symbol>
      <symbol id="sm-379">
         <name>TA0_0_IRQHandler</name>
         <value>0x10e3</value>
      </symbol>
      <symbol id="sm-37a">
         <name>TA0_N_IRQHandler</name>
         <value>0x10e3</value>
      </symbol>
      <symbol id="sm-37b">
         <name>TA1_0_IRQHandler</name>
         <value>0x10e3</value>
      </symbol>
      <symbol id="sm-37c">
         <name>TA1_N_IRQHandler</name>
         <value>0x10e3</value>
      </symbol>
      <symbol id="sm-37d">
         <name>TA2_0_IRQHandler</name>
         <value>0x10e3</value>
      </symbol>
      <symbol id="sm-37e">
         <name>TA2_N_IRQHandler</name>
         <value>0x10e3</value>
      </symbol>
      <symbol id="sm-37f">
         <name>TA3_0_IRQHandler</name>
         <value>0x10e3</value>
      </symbol>
      <symbol id="sm-380">
         <name>TA3_N_IRQHandler</name>
         <value>0x10e3</value>
      </symbol>
      <symbol id="sm-381">
         <name>EUSCIA0_IRQHandler</name>
         <value>0x10e3</value>
      </symbol>
      <symbol id="sm-382">
         <name>EUSCIA1_IRQHandler</name>
         <value>0x10e3</value>
      </symbol>
      <symbol id="sm-383">
         <name>EUSCIA2_IRQHandler</name>
         <value>0x10e3</value>
      </symbol>
      <symbol id="sm-384">
         <name>EUSCIA3_IRQHandler</name>
         <value>0x10e3</value>
      </symbol>
      <symbol id="sm-385">
         <name>EUSCIB0_IRQHandler</name>
         <value>0x10e3</value>
      </symbol>
      <symbol id="sm-386">
         <name>EUSCIB1_IRQHandler</name>
         <value>0x10e3</value>
      </symbol>
      <symbol id="sm-387">
         <name>EUSCIB2_IRQHandler</name>
         <value>0x10e3</value>
      </symbol>
      <symbol id="sm-388">
         <name>EUSCIB3_IRQHandler</name>
         <value>0x10e3</value>
      </symbol>
      <symbol id="sm-389">
         <name>ADC14_IRQHandler</name>
         <value>0x10e3</value>
      </symbol>
      <symbol id="sm-38a">
         <name>T32_INT1_IRQHandler</name>
         <value>0x2c1</value>
      </symbol>
      <symbol id="sm-38b">
         <name>T32_INT2_IRQHandler</name>
         <value>0x10e3</value>
      </symbol>
      <symbol id="sm-38c">
         <name>T32_INTC_IRQHandler</name>
         <value>0x10e3</value>
      </symbol>
      <symbol id="sm-38d">
         <name>AES256_IRQHandler</name>
         <value>0x10e3</value>
      </symbol>
      <symbol id="sm-38e">
         <name>RTC_C_IRQHandler</name>
         <value>0x10e3</value>
      </symbol>
      <symbol id="sm-38f">
         <name>DMA_ERR_IRQHandler</name>
         <value>0x10e3</value>
      </symbol>
      <symbol id="sm-390">
         <name>DMA_INT3_IRQHandler</name>
         <value>0x10e3</value>
      </symbol>
      <symbol id="sm-391">
         <name>DMA_INT2_IRQHandler</name>
         <value>0x10e3</value>
      </symbol>
      <symbol id="sm-392">
         <name>DMA_INT1_IRQHandler</name>
         <value>0x10e3</value>
      </symbol>
      <symbol id="sm-393">
         <name>DMA_INT0_IRQHandler</name>
         <value>0x10e3</value>
      </symbol>
      <symbol id="sm-394">
         <name>PORT1_IRQHandler</name>
         <value>0x10e3</value>
      </symbol>
      <symbol id="sm-395">
         <name>PORT2_IRQHandler</name>
         <value>0x10e3</value>
      </symbol>
      <symbol id="sm-396">
         <name>PORT3_IRQHandler</name>
         <value>0x10e3</value>
      </symbol>
      <symbol id="sm-397">
         <name>PORT4_IRQHandler</name>
         <value>0x10e3</value>
      </symbol>
      <symbol id="sm-398">
         <name>PORT5_IRQHandler</name>
         <value>0x10e3</value>
      </symbol>
      <symbol id="sm-399">
         <name>PORT6_IRQHandler</name>
         <value>0x10e3</value>
      </symbol>
   </symbol_table>
   <title>Link successful</title>
</link_info>
