******************************************************************************
                  TI ARM Linker PC v16.9.6                     
******************************************************************************
>> Linked Wed Oct 20 14:08:45 2021

OUTPUT FILE NAME:   <Lab3_InterruptBased_System.out>
ENTRY POINT SYMBOL: "_c_int00"  address: 00001569


MEMORY CONFIGURATION

         name            origin    length      used     unused   attr    fill
----------------------  --------  ---------  --------  --------  ----  --------
  MAIN                  00000000   00040000  0000171a  0003e8e6  R  X
  INFO                  00200000   00004000  00000000  00004000  R  X
  SRAM_CODE             01000000   00010000  0000024f  0000fdb1  RW X
  SRAM_DATA             20000000   00010000  0000024f  0000fdb1  RW  


SEGMENT ALLOCATION MAP

run origin  load origin   length   init length attrs members
----------  ----------- ---------- ----------- ----- -------
00000000    00000000    00001720   00001720    r-x
  00000000    00000000    000000e4   000000e4    r-- .intvecs
  000000e4    000000e4    000015f6   000015f6    r-x .text
  000016e0    000016e0    00000040   00000040    r-- .cinit
20000000    20000000    0000004f   00000000    rw-
  20000000    20000000    00000040   00000000    rw- .data
  20000040    20000040    0000000f   00000000    rw- .bss
2000fe00    2000fe00    00000200   00000000    rw-
  2000fe00    2000fe00    00000200   00000000    rw- .stack


SECTION ALLOCATION MAP

 output                                  attributes/
section   page    origin      length       input sections
--------  ----  ----------  ----------   ----------------
.intvecs   0    00000000    000000e4     
                  00000000    000000e4     startup_msp432p401r_ccs.obj (.intvecs:retain)

.binit     0    00000000    00000000     

.text      0    000000e4    000015f6     
                  000000e4    00000630     TExaS.obj (.text)
                  00000714    0000032c     system_msp432p401r.obj (.text)
                  00000a40    00000228     PWM.obj (.text)
                  00000c68    000001e0     Clock.obj (.text)
                  00000e48    000001b0     Motor.obj (.text)
                  00000ff8    00000148     BumpInt.obj (.text)
                  00001140    000000f4     LaunchPad.obj (.text)
                  00001234    000000a8     TimerA1.obj (.text)
                  000012dc    0000009c     Lab3_EdgeInterruptsmain.obj (.text)
                  00001378    0000009c     rtsv7M4_T_le_v4SPD16_eabi.lib : memcpy_t2.obj (.text)
                  00001414    0000007a                                   : memset_t2.obj (.text)
                  0000148e    00000002                                   : mpu_init.obj (.text)
                  00001490    00000070                                   : autoinit.obj (.text)
                  00001500    00000068                                   : copy_decompress_lzss.obj (.text:decompress:lzss)
                  00001568    00000054                                   : boot.obj (.text)
                  000015bc    00000054                                   : exit.obj (.text)
                  00001610    0000004c                                   : cpy_tbl.obj (.text)
                  0000165c    00000024     CortexM.obj (.text)
                  00001680    00000018     rtsv7M4_T_le_v4SPD16_eabi.lib : args_main.obj (.text)
                  00001698    00000014                                   : _lock.obj (.text)
                  000016ac    0000000e                                   : copy_decompress_none.obj (.text:decompress:none)
                  000016ba    0000000e     startup_msp432p401r_ccs.obj (.text)
                  000016c8    0000000c     rtsv7M4_T_le_v4SPD16_eabi.lib : copy_zero_init.obj (.text:decompress:ZI)
                  000016d4    00000004                                   : pre_init.obj (.text)
                  000016d8    00000002                                   : startup.obj (.text)

.cinit     0    000016e0    00000040     
                  000016e0    00000017     (.cinit..data.load) [load image, compression = lzss]
                  000016f7    00000001     --HOLE-- [fill = 0]
                  000016f8    0000000c     (__TI_handler_table)
                  00001704    00000004     --HOLE-- [fill = 0]
                  00001708    00000008     (.cinit..bss.load) [load image, compression = zero_init]
                  00001710    00000010     (__TI_cinit_table)

.init_array 
*          0    00000000    00000000     UNINITIALIZED

.data      0    20000000    00000040     UNINITIALIZED
                  20000000    00000018     Clock.obj (.data)
                  20000018    0000000c     rtsv7M4_T_le_v4SPD16_eabi.lib : exit.obj (.data:$O1$$)
                  20000024    0000000c     TExaS.obj (.data)
                  20000030    00000008     rtsv7M4_T_le_v4SPD16_eabi.lib : _lock.obj (.data:$O1$$)
                  20000038    00000004                                   : stkdepth_vars.obj (.data)
                  2000003c    00000004     system_msp432p401r.obj (.data)

.bss       0    20000040    0000000f     UNINITIALIZED
                  20000040    00000004     (.common:PeriodicTask2)
                  20000044    00000004     (.common:Port4Task)
                  20000048    00000004     (.common:TimerA1Task)
                  2000004c    00000001     (.common:CollisionData)
                  2000004d    00000001     (.common:CollisionFlag)
                  2000004e    00000001     (.common:LogicData)

.stack     0    2000fe00    00000200     UNINITIALIZED
                  2000fe00    00000200     --HOLE--

MODULE SUMMARY

       Module                        code   ro data   rw data
       ------                        ----   -------   -------
    .\
       TExaS.obj                     1584   0         34     
       system_msp432p401r.obj        812    0         8      
       PWM.obj                       552    0         0      
       Clock.obj                     480    0         48     
       Motor.obj                     432    0         0      
       BumpInt.obj                   328    0         8      
       LaunchPad.obj                 244    0         0      
       startup_msp432p401r_ccs.obj   14     228       0      
       TimerA1.obj                   168    0         8      
       Lab3_EdgeInterruptsmain.obj   156    0         4      
       CortexM.obj                   36     0         0      
    +--+-----------------------------+------+---------+---------+
       Total:                        4806   228       110    
                                                             
    C:\ti\ccsv7\tools\compiler\ti-cgt-arm_16.9.6.LTS\lib\rtsv7M4_T_le_v4SPD16_eabi.lib
       memcpy_t2.obj                 156    0         0      
       memset_t2.obj                 122    0         0      
       autoinit.obj                  112    0         0      
       exit.obj                      84     0         24     
       copy_decompress_lzss.obj      104    0         0      
       boot.obj                      84     0         0      
       cpy_tbl.obj                   76     0         0      
       _lock.obj                     20     0         16     
       args_main.obj                 24     0         0      
       copy_decompress_none.obj      14     0         0      
       copy_zero_init.obj            12     0         0      
       stkdepth_vars.obj             0      0         8      
       pre_init.obj                  4      0         0      
       mpu_init.obj                  2      0         0      
       startup.obj                   2      0         0      
    +--+-----------------------------+------+---------+---------+
       Total:                        816    0         48     
                                                             
       Stack:                        0      0         1024   
       Linker Generated:             0      59        0      
    +--+-----------------------------+------+---------+---------+
       Grand Total:                  5622   287       1182   


LINKER GENERATED COPY TABLES

__TI_cinit_table @ 00001710 records: 2, size/record: 8, table size: 16
	.data: load addr=000016e0, load size=00000017 bytes, run addr=20000000, run size=00000040 bytes, compression=lzss
	.bss: load addr=00001708, load size=00000008 bytes, run addr=20000040, run size=0000000f bytes, compression=zero_init


LINKER GENERATED HANDLER TABLE

__TI_handler_table @ 000016f8 records: 3, size/record: 4, table size: 12
	index: 0, handler: __TI_decompress_lzss
	index: 1, handler: __TI_decompress_none
	index: 2, handler: __TI_zero_init


GLOBAL SYMBOLS: SORTED ALPHABETICALLY BY Name 

address   name                           
-------   ----                           
000016c7  ADC14_IRQHandler               
00000475  ADC_Init                       
000016c7  AES256_IRQHandler              
00000ff9  BumpInt_Init                   
00001077  Bump_Read                      
000016c7  BusFault_Handler               
000015bd  C$$EXIT                        
000016c7  COMP_E0_IRQHandler             
000016c7  COMP_E1_IRQHandler             
20000008  CPMwait                        
000016c7  CS_IRQHandler                  
20000000  ClockFrequency                 
00000dbd  Clock_Delay1ms                 
00000d93  Clock_Delay1us                 
00000d7f  Clock_GetFreq                  
00000c69  Clock_Init48MHz                
2000004c  CollisionData                  
2000004d  CollisionFlag                  
20000014  Crystalstable                  
000016c7  DMA_ERR_IRQHandler             
000016c7  DMA_INT0_IRQHandler            
000016c7  DMA_INT1_IRQHandler            
000016c7  DMA_INT2_IRQHandler            
000016c7  DMA_INT3_IRQHandler            
000016c7  DebugMon_Handler               
000016c7  Default_Handler                
0000165d  DisableInterrupts              
000016c7  EUSCIA0_IRQHandler             
000016c7  EUSCIA1_IRQHandler             
000016c7  EUSCIA2_IRQHandler             
000016c7  EUSCIA3_IRQHandler             
000016c7  EUSCIB0_IRQHandler             
000016c7  EUSCIB1_IRQHandler             
000016c7  EUSCIB2_IRQHandler             
000016c7  EUSCIB3_IRQHandler             
00001663  EnableInterrupts               
00001673  EndCritical                    
000016c7  FLCTL_IRQHandler               
000016c7  FPU_IRQHandler                 
000012fd  HandleCollision                
000016c7  HardFault_Handler              
20000010  IFlags                         
00001141  LaunchPad_Init                 
000011b1  LaunchPad_Input                
000011cb  LaunchPad_LED                  
000011e9  LaunchPad_Output               
000000e5  LogicAnalyzer                  
000000ef  LogicAnalyzer_P1               
000001c5  LogicAnalyzer_P10              
000000fd  LogicAnalyzer_P2               
0000010b  LogicAnalyzer_P2_7654          
0000011b  LogicAnalyzer_P3               
00000129  LogicAnalyzer_P4               
00000147  LogicAnalyzer_P4_765320        
00000137  LogicAnalyzer_P4_765432        
0000017f  LogicAnalyzer_P5               
0000018d  LogicAnalyzer_P6               
0000019b  LogicAnalyzer_P7               
000001a9  LogicAnalyzer_P8               
000001b7  LogicAnalyzer_P9               
2000004e  LogicData                      
000016c7  MemManage_Handler              
00001321  MotorMovt                      
00000f99  Motor_Backward                 
00000ef5  Motor_Forward                  
00000e49  Motor_Init                     
00000f5f  Motor_Left                     
00000f25  Motor_Right                    
00000ed1  Motor_Stop                     
000016c7  NMI_Handler                    
000016c7  PCM_IRQHandler                 
000016c7  PORT1_IRQHandler               
000016c7  PORT2_IRQHandler               
000016c7  PORT3_IRQHandler               
000010ff  PORT4_IRQHandler               
000010ff  PORT4_IRQHandler               
000016c7  PORT5_IRQHandler               
000016c7  PORT6_IRQHandler               
000016c7  PSS_IRQHandler                 
00000b2b  PWM_Duty1                      
00000b4b  PWM_Duty2                      
00000bef  PWM_Duty3                      
00000c0f  PWM_Duty4                      
00000a41  PWM_Init1                      
00000aa7  PWM_Init12                     
00000b6b  PWM_Init34                     
000016c7  PendSV_Handler                 
20000040  PeriodicTask2                  
00000257  PeriodicTask2_Init             
000002d1  PeriodicTask2_Stop             
20000044  Port4Task                      
2000000c  Postwait                       
20000004  Prewait                        
000016c7  RTC_C_IRQHandler               
000016bb  Reset_Handler                  
UNDEFED   SHT$$INIT_ARRAY$$Base          
UNDEFED   SHT$$INIT_ARRAY$$Limit         
000016c7  SVC_Handler                    
000001d3  Scope                          
00001669  StartCritical                  
000016c7  SysTick_Handler                
2000003c  SystemCoreClock                
00000715  SystemCoreClockUpdate          
00000989  SystemInit                     
000002c1  T32_INT1_IRQHandler            
000002c1  T32_INT1_IRQHandler            
000016c7  T32_INT2_IRQHandler            
000016c7  T32_INTC_IRQHandler            
000016c7  TA0_0_IRQHandler               
000016c7  TA0_N_IRQHandler               
000012a7  TA1_0_IRQHandler               
000012a7  TA1_0_IRQHandler               
000016c7  TA1_N_IRQHandler               
000016c7  TA2_0_IRQHandler               
000016c7  TA2_N_IRQHandler               
000016c7  TA3_0_IRQHandler               
000016c7  TA3_N_IRQHandler               
00000413  TExaS_Clear0                   
0000041f  TExaS_Clear1                   
0000042b  TExaS_Clear2                   
00000437  TExaS_Clear3                   
00000443  TExaS_Clear4                   
00000445  TExaS_Clear5                   
00000451  TExaS_Clear6                   
00000551  TExaS_Init                     
20000028  TExaS_ScopeErrConflict         
20000024  TExaS_ScopeErrLostData         
2000002c  TExaS_ScopeWrnReconfig         
000003b1  TExaS_Set                      
000003c9  TExaS_Set0                     
000003d5  TExaS_Set1                     
000003e1  TExaS_Set2                     
000003ed  TExaS_Set3                     
000003f9  TExaS_Set4                     
000003fb  TExaS_Set5                     
00000407  TExaS_Set6                     
000006b1  TExaS_Stop                     
00000367  TExaS_Task0                    
00000373  TExaS_Task1                    
0000037f  TExaS_Task2                    
0000038b  TExaS_Task3                    
00000397  TExaS_Task4                    
00000399  TExaS_Task5                    
000003a5  TExaS_Task6                    
000012dd  TimedPause                     
20000048  TimerA1Task                    
00001235  TimerA1_Init                   
00001293  TimerA1_Stop                   
0000033b  UART_InChar                    
000002e1  UART_Init                      
0000034b  UART_OutChar                   
000016c7  UsageFault_Handler             
4000480c  WDTCTL_SYM                     
000016c7  WDT_A_IRQHandler               
0000167b  WaitForInterrupt               
20010000  __STACK_END                    
00000200  __STACK_SIZE                   
00001710  __TI_CINIT_Base                
00001720  __TI_CINIT_Limit               
000016f8  __TI_Handler_Table_Base        
00001704  __TI_Handler_Table_Limit       
00001491  __TI_auto_init                 
20000018  __TI_cleanup_ptr               
00001501  __TI_decompress_lzss           
000016ad  __TI_decompress_none           
2000001c  __TI_dtors_ptr                 
20000020  __TI_enable_exit_profile_output
ffffffff  __TI_pprof_out_hndl            
ffffffff  __TI_prof_data_size            
ffffffff  __TI_prof_data_start           
00000000  __TI_static_base__             
000016c9  __TI_zero_init                 
00001415  __aeabi_memclr                 
00001415  __aeabi_memclr4                
00001415  __aeabi_memclr8                
00001379  __aeabi_memcpy                 
00001379  __aeabi_memcpy4                
00001379  __aeabi_memcpy8                
00001417  __aeabi_memset                 
00001417  __aeabi_memset4                
00001417  __aeabi_memset8                
ffffffff  __binit__                      
ffffffff  __c_args__                     
0000148f  __mpu_init                     
2000fe00  __stack                        
00001681  _args_main                     
00001569  _c_int00                       
20000030  _lock                          
000016a7  _nop                           
0000169f  _register_lock                 
00001699  _register_unlock               
000016d9  _system_post_cinit             
000016d5  _system_pre_init               
20000034  _unlock                        
000015c1  abort                          
ffffffff  binit                          
00001611  copy_in                        
00000d85  delay                          
000015c9  exit                           
00000000  interruptVectors               
00001323  main                           
20000038  main_func_sp                   
00001379  memcpy                         
0000141d  memset                         


GLOBAL SYMBOLS: SORTED BY Symbol Address 

address   name                           
-------   ----                           
00000000  __TI_static_base__             
00000000  interruptVectors               
000000e5  LogicAnalyzer                  
000000ef  LogicAnalyzer_P1               
000000fd  LogicAnalyzer_P2               
0000010b  LogicAnalyzer_P2_7654          
0000011b  LogicAnalyzer_P3               
00000129  LogicAnalyzer_P4               
00000137  LogicAnalyzer_P4_765432        
00000147  LogicAnalyzer_P4_765320        
0000017f  LogicAnalyzer_P5               
0000018d  LogicAnalyzer_P6               
0000019b  LogicAnalyzer_P7               
000001a9  LogicAnalyzer_P8               
000001b7  LogicAnalyzer_P9               
000001c5  LogicAnalyzer_P10              
000001d3  Scope                          
00000200  __STACK_SIZE                   
00000257  PeriodicTask2_Init             
000002c1  T32_INT1_IRQHandler            
000002c1  T32_INT1_IRQHandler            
000002d1  PeriodicTask2_Stop             
000002e1  UART_Init                      
0000033b  UART_InChar                    
0000034b  UART_OutChar                   
00000367  TExaS_Task0                    
00000373  TExaS_Task1                    
0000037f  TExaS_Task2                    
0000038b  TExaS_Task3                    
00000397  TExaS_Task4                    
00000399  TExaS_Task5                    
000003a5  TExaS_Task6                    
000003b1  TExaS_Set                      
000003c9  TExaS_Set0                     
000003d5  TExaS_Set1                     
000003e1  TExaS_Set2                     
000003ed  TExaS_Set3                     
000003f9  TExaS_Set4                     
000003fb  TExaS_Set5                     
00000407  TExaS_Set6                     
00000413  TExaS_Clear0                   
0000041f  TExaS_Clear1                   
0000042b  TExaS_Clear2                   
00000437  TExaS_Clear3                   
00000443  TExaS_Clear4                   
00000445  TExaS_Clear5                   
00000451  TExaS_Clear6                   
00000475  ADC_Init                       
00000551  TExaS_Init                     
000006b1  TExaS_Stop                     
00000715  SystemCoreClockUpdate          
00000989  SystemInit                     
00000a41  PWM_Init1                      
00000aa7  PWM_Init12                     
00000b2b  PWM_Duty1                      
00000b4b  PWM_Duty2                      
00000b6b  PWM_Init34                     
00000bef  PWM_Duty3                      
00000c0f  PWM_Duty4                      
00000c69  Clock_Init48MHz                
00000d7f  Clock_GetFreq                  
00000d85  delay                          
00000d93  Clock_Delay1us                 
00000dbd  Clock_Delay1ms                 
00000e49  Motor_Init                     
00000ed1  Motor_Stop                     
00000ef5  Motor_Forward                  
00000f25  Motor_Right                    
00000f5f  Motor_Left                     
00000f99  Motor_Backward                 
00000ff9  BumpInt_Init                   
00001077  Bump_Read                      
000010ff  PORT4_IRQHandler               
000010ff  PORT4_IRQHandler               
00001141  LaunchPad_Init                 
000011b1  LaunchPad_Input                
000011cb  LaunchPad_LED                  
000011e9  LaunchPad_Output               
00001235  TimerA1_Init                   
00001293  TimerA1_Stop                   
000012a7  TA1_0_IRQHandler               
000012a7  TA1_0_IRQHandler               
000012dd  TimedPause                     
000012fd  HandleCollision                
00001321  MotorMovt                      
00001323  main                           
00001379  __aeabi_memcpy                 
00001379  __aeabi_memcpy4                
00001379  __aeabi_memcpy8                
00001379  memcpy                         
00001415  __aeabi_memclr                 
00001415  __aeabi_memclr4                
00001415  __aeabi_memclr8                
00001417  __aeabi_memset                 
00001417  __aeabi_memset4                
00001417  __aeabi_memset8                
0000141d  memset                         
0000148f  __mpu_init                     
00001491  __TI_auto_init                 
00001501  __TI_decompress_lzss           
00001569  _c_int00                       
000015bd  C$$EXIT                        
000015c1  abort                          
000015c9  exit                           
00001611  copy_in                        
0000165d  DisableInterrupts              
00001663  EnableInterrupts               
00001669  StartCritical                  
00001673  EndCritical                    
0000167b  WaitForInterrupt               
00001681  _args_main                     
00001699  _register_unlock               
0000169f  _register_lock                 
000016a7  _nop                           
000016ad  __TI_decompress_none           
000016bb  Reset_Handler                  
000016c7  ADC14_IRQHandler               
000016c7  AES256_IRQHandler              
000016c7  BusFault_Handler               
000016c7  COMP_E0_IRQHandler             
000016c7  COMP_E1_IRQHandler             
000016c7  CS_IRQHandler                  
000016c7  DMA_ERR_IRQHandler             
000016c7  DMA_INT0_IRQHandler            
000016c7  DMA_INT1_IRQHandler            
000016c7  DMA_INT2_IRQHandler            
000016c7  DMA_INT3_IRQHandler            
000016c7  DebugMon_Handler               
000016c7  Default_Handler                
000016c7  EUSCIA0_IRQHandler             
000016c7  EUSCIA1_IRQHandler             
000016c7  EUSCIA2_IRQHandler             
000016c7  EUSCIA3_IRQHandler             
000016c7  EUSCIB0_IRQHandler             
000016c7  EUSCIB1_IRQHandler             
000016c7  EUSCIB2_IRQHandler             
000016c7  EUSCIB3_IRQHandler             
000016c7  FLCTL_IRQHandler               
000016c7  FPU_IRQHandler                 
000016c7  HardFault_Handler              
000016c7  MemManage_Handler              
000016c7  NMI_Handler                    
000016c7  PCM_IRQHandler                 
000016c7  PORT1_IRQHandler               
000016c7  PORT2_IRQHandler               
000016c7  PORT3_IRQHandler               
000016c7  PORT5_IRQHandler               
000016c7  PORT6_IRQHandler               
000016c7  PSS_IRQHandler                 
000016c7  PendSV_Handler                 
000016c7  RTC_C_IRQHandler               
000016c7  SVC_Handler                    
000016c7  SysTick_Handler                
000016c7  T32_INT2_IRQHandler            
000016c7  T32_INTC_IRQHandler            
000016c7  TA0_0_IRQHandler               
000016c7  TA0_N_IRQHandler               
000016c7  TA1_N_IRQHandler               
000016c7  TA2_0_IRQHandler               
000016c7  TA2_N_IRQHandler               
000016c7  TA3_0_IRQHandler               
000016c7  TA3_N_IRQHandler               
000016c7  UsageFault_Handler             
000016c7  WDT_A_IRQHandler               
000016c9  __TI_zero_init                 
000016d5  _system_pre_init               
000016d9  _system_post_cinit             
000016f8  __TI_Handler_Table_Base        
00001704  __TI_Handler_Table_Limit       
00001710  __TI_CINIT_Base                
00001720  __TI_CINIT_Limit               
20000000  ClockFrequency                 
20000004  Prewait                        
20000008  CPMwait                        
2000000c  Postwait                       
20000010  IFlags                         
20000014  Crystalstable                  
20000018  __TI_cleanup_ptr               
2000001c  __TI_dtors_ptr                 
20000020  __TI_enable_exit_profile_output
20000024  TExaS_ScopeErrLostData         
20000028  TExaS_ScopeErrConflict         
2000002c  TExaS_ScopeWrnReconfig         
20000030  _lock                          
20000034  _unlock                        
20000038  main_func_sp                   
2000003c  SystemCoreClock                
20000040  PeriodicTask2                  
20000044  Port4Task                      
20000048  TimerA1Task                    
2000004c  CollisionData                  
2000004d  CollisionFlag                  
2000004e  LogicData                      
2000fe00  __stack                        
20010000  __STACK_END                    
4000480c  WDTCTL_SYM                     
ffffffff  __TI_pprof_out_hndl            
ffffffff  __TI_prof_data_size            
ffffffff  __TI_prof_data_start           
ffffffff  __binit__                      
ffffffff  __c_args__                     
ffffffff  binit                          
UNDEFED   SHT$$INIT_ARRAY$$Base          
UNDEFED   SHT$$INIT_ARRAY$$Limit         

[204 symbols]
