******************************************************************************
                  TI ARM Linker PC v16.9.6                     
******************************************************************************
>> Linked Wed Oct 20 17:02:03 2021

OUTPUT FILE NAME:   <Lab5_UARTComms.out>
ENTRY POINT SYMBOL: "_c_int00"  address: 00005815


MEMORY CONFIGURATION

         name            origin    length      used     unused   attr    fill
----------------------  --------  ---------  --------  --------  ----  --------
  MAIN                  00000000   00040000  00005c68  0003a398  R  X
  INFO                  00200000   00004000  00000000  00004000  R  X
  SRAM_CODE             01000000   00010000  00003da4  0000c25c  RW X
  SRAM_DATA             20000000   00010000  00003da4  0000c25c  RW  


SEGMENT ALLOCATION MAP

run origin  load origin   length   init length attrs members
----------  ----------- ---------- ----------- ----- -------
00000000    00000000    00005c68   00005c68    r-x
  00000000    00000000    000000e4   000000e4    r-- .intvecs
  000000e4    000000e4    00005abc   00005abc    r-x .text
  00005ba0    00005ba0    00000020   00000020    r-- .const
  00005bc0    00005bc0    000000a8   000000a8    r-- .cinit
20000000    20000000    00003ba4   00000000    rw-
  20000000    20000000    00003580   00000000    rw- .bss
  20003580    20003580    00000400   00000000    rw- .sysmem
  20003980    20003980    00000224   00000000    rw- .data
2000fe00    2000fe00    00000200   00000000    rw-
  2000fe00    2000fe00    00000200   00000000    rw- .stack


SECTION ALLOCATION MAP

 output                                  attributes/
section   page    origin      length       input sections
--------  ----  ----------  ----------   ----------------
.intvecs   0    00000000    000000e4     
                  00000000    000000e4     startup_msp432p401r_ccs.obj (.intvecs:retain)

.binit     0    00000000    00000000     

.text      0    000000e4    00005abc     
                  000000e4    00001464     Lab5_UARTmain.obj (.text)
                  00001548    00000e12     IRDistance.obj (.text)
                  0000235a    00000002     rtsv7M4_T_le_v4SPD16_eabi.lib : mpu_init.obj (.text)
                  0000235c    000006bc     UART0.obj (.text)
                  00002a18    000005ba     EUSCIA0.obj (.text)
                  00002fd2    00000002     rtsv7M4_T_le_v4SPD16_eabi.lib : startup.obj (.text)
                  00002fd4    000003d0                                   : memory.obj (.text)
                  000033a4    0000032c     system_msp432p401r.obj (.text)
                  000036d0    00000308     LPF.obj (.text)
                  000039d8    00000260     ADC14.obj (.text)
                  00003c38    00000228     PWM.obj (.text)
                  00003e60    00000210     FIFO0.obj (.text)
                  00004070    000001e0     Clock.obj (.text)
                  00004250    000001c4     rtsv7M4_T_le_v4SPD16_eabi.lib : fopen.obj (.text)
                  00004414    000001b6                                   : fd_add_t2.obj (.text)
                  000045ca    00000002     --HOLE-- [fill = 0]
                  000045cc    000001b0     Motor.obj (.text)
                  0000477c    000001a0     Reflectance.obj (.text)
                  0000491c    00000148     BumpInt.obj (.text)
                  00004a64    00000136     rtsv7M4_T_le_v4SPD16_eabi.lib : fd_div_t2.obj (.text)
                  00004b9a    00000002     --HOLE-- [fill = 0]
                  00004b9c    0000012c     TA3InputCapture.obj (.text)
                  00004cc8    000000fc     rtsv7M4_T_le_v4SPD16_eabi.lib : fd_mul_t2.obj (.text)
                  00004dc4    000000f4     LaunchPad.obj (.text)
                  00004eb8    000000dc     rtsv7M4_T_le_v4SPD16_eabi.lib : setvbuf.obj (.text)
                  00004f94    000000c8                                   : fflush.obj (.text)
                  0000505c    000000bc                                   : open.obj (.text)
                  00005118    000000b8                                   : add_device.obj (.text)
                  000051d0    000000a8     TimerA1.obj (.text)
                  00005278    0000009c     rtsv7M4_T_le_v4SPD16_eabi.lib : memcpy_t2.obj (.text)
                  00005314    00000098                                   : fclose.obj (.text)
                  000053ac    0000007a                                   : memset_t2.obj (.text)
                  00005426    00000002     --HOLE-- [fill = 0]
                  00005428    00000070                                   : autoinit.obj (.text)
                  00005498    00000070                                   : getdevice.obj (.text)
                  00005508    00000068                                   : copy_decompress_lzss.obj (.text:decompress:lzss)
                  00005570    00000068                                   : hostlseek.obj (.text)
                  000055d8    00000068                                   : hostrename.obj (.text)
                  00005640    00000068                                   : trgmsg.obj (.text)
                  000056a8    00000060                                   : hostopen.obj (.text)
                  00005708    0000005c                                   : close.obj (.text)
                  00005764    00000058                                   : hostread.obj (.text)
                  000057bc    00000058                                   : hostwrite.obj (.text)
                  00005814    00000054                                   : boot.obj (.text)
                  00005868    00000054                                   : exit.obj (.text)
                  000058bc    0000004c                                   : cpy_tbl.obj (.text)
                  00005908    00000044                                   : fd_tou_t2.obj (.text)
                  0000594c    00000044                                   : hostclose.obj (.text)
                  00005990    00000044                                   : hostunlink.obj (.text)
                  000059d4    00000040     SysTickInts.obj (.text)
                  00005a14    00000036     rtsv7M4_T_le_v4SPD16_eabi.lib : strncpy.obj (.text)
                  00005a4a    0000002e                                   : i_tofd_t2.obj (.text)
                  00005a78    0000002c                                   : unlink.obj (.text)
                  00005aa4    00000028                                   : write.obj (.text)
                  00005acc    00000024     CortexM.obj (.text)
                  00005af0    00000018     rtsv7M4_T_le_v4SPD16_eabi.lib : args_main.obj (.text)
                  00005b08    00000018                                   : strcmp.obj (.text)
                  00005b20    00000016                                   : strchr.obj (.text)
                  00005b36    00000002     --HOLE-- [fill = 0]
                  00005b38    00000014                                   : _lock.obj (.text)
                  00005b4c    00000014                                   : strcpy.obj (.text)
                  00005b60    00000014                                   : strlen.obj (.text)
                  00005b74    0000000e                                   : copy_decompress_none.obj (.text:decompress:none)
                  00005b82    0000000e     startup_msp432p401r_ccs.obj (.text)
                  00005b90    0000000c     rtsv7M4_T_le_v4SPD16_eabi.lib : copy_zero_init.obj (.text:decompress:ZI)
                  00005b9c    00000004                                   : pre_init.obj (.text)

.const     0    00005ba0    00000020     
                  00005ba0    00000020     Reflectance.obj (.const:$P$T0$1)

.cinit     0    00005bc0    000000a8     
                  00005bc0    0000007f     (.cinit..data.load) [load image, compression = lzss]
                  00005c3f    00000001     --HOLE-- [fill = 0]
                  00005c40    0000000c     (__TI_handler_table)
                  00005c4c    00000004     --HOLE-- [fill = 0]
                  00005c50    00000008     (.cinit..bss.load) [load image, compression = zero_init]
                  00005c58    00000010     (__TI_cinit_table)

.init_array 
*          0    00000000    00000000     UNINITIALIZED

.bss       0    20000000    00003580     UNINITIALIZED
                  20000000    00001000     (.common:x)
                  20001000    00001000     (.common:x2)
                  20002000    00001000     (.common:x3)
                  20003000    00000200     (.common:TxHistogram)
                  20003200    00000120     rtsv7M4_T_le_v4SPD16_eabi.lib : trgmsg.obj (.bss:_CIOBUF_)
                  20003320    000000a0     (.common:__TI_tmpnams)
                  200033c0    00000082     (.common:RxFifo0)
                  20003442    00000082     (.common:TxFifo0)
                  200034c4    00000040     (.common:String)
                  20003504    00000008     (.common:Messageb)
                  2000350c    00000008     (.common:Messagec)
                  20003514    00000008     (.common:parmbuf)
                  2000351c    00000004     (.common:Done0)
                  20003520    00000004     (.common:Done2)
                  20003524    00000004     (.common:Elapsed)
                  20003528    00000004     (.common:First)
                  2000352c    00000004     (.common:I1)
                  20003530    00000004     (.common:LPFSum)
                  20003534    00000004     (.common:LPFSum2)
                  20003538    00000004     (.common:LPFSum3)
                  2000353c    00000004     (.common:MaxTime)
                  20003540    00000004     (.common:Messageindexb)
                  20003544    00000004     (.common:Messageindexc)
                  20003548    00000004     (.common:NumErrors)
                  2000354c    00000004     (.common:NumSuccess)
                  20003550    00000004     (.common:Port4Task)
                  20003554    00000004     (.common:Pt)
                  20003558    00000004     (.common:Pt2)
                  2000355c    00000004     (.common:Pt3)
                  20003560    00000004     (.common:Size)
                  20003564    00000004     (.common:TimerA1Task)
                  20003568    00000004     (.common:nc)
                  2000356c    00000004     (.common:nl)
                  20003570    00000004     (.common:nr)
                  20003574    00000002     (.common:First0)
                  20003576    00000002     (.common:First2)
                  20003578    00000002     (.common:Period0)
                  2000357a    00000002     (.common:Period2)
                  2000357c    00000001     (.common:ReadData)
                  2000357d    00000001     (.common:WriteData)
                  2000357e    00000001     (.common:bumpData)
                  2000357f    00000001     (.common:bumpFlag)

.sysmem    0    20003580    00000400     UNINITIALIZED
                  20003580    00000008     rtsv7M4_T_le_v4SPD16_eabi.lib : memory.obj (.sysmem)
                  20003588    000003f8     --HOLE--

.data      0    20003980    00000224     UNINITIALIZED
                  20003980    000000f0     rtsv7M4_T_le_v4SPD16_eabi.lib : defs.obj (.data:_ftable)
                  20003a70    00000078                                   : write.obj (.data:_device)
                  20003ae8    00000050                                   : write.obj (.data:_stream)
                  20003b38    00000018     Clock.obj (.data)
                  20003b50    00000010     rtsv7M4_T_le_v4SPD16_eabi.lib : defs.obj (.data)
                  20003b60    0000000c                                   : exit.obj (.data:$O1$$)
                  20003b6c    0000000c                                   : memory.obj (.data:$O1$$)
                  20003b78    00000008                                   : _lock.obj (.data:$O1$$)
                  20003b80    00000008     Lab5_UARTmain.obj (.data)
                  20003b88    00000008     TA3InputCapture.obj (.data)
                  20003b90    00000004     rtsv7M4_T_le_v4SPD16_eabi.lib : add_device.obj (.data)
                  20003b94    00000004                                   : fopen.obj (.data)
                  20003b98    00000004                                   : open.obj (.data)
                  20003b9c    00000004                                   : stkdepth_vars.obj (.data)
                  20003ba0    00000004     system_msp432p401r.obj (.data)

.stack     0    2000fe00    00000200     UNINITIALIZED
                  2000fe00    00000200     --HOLE--

MODULE SUMMARY

       Module                        code    ro data   rw data
       ------                        ----    -------   -------
    .\
       LPF.obj                       776     0         24640  
       Lab5_UARTmain.obj             5220    0         248    
       IRDistance.obj                3602    0         0      
       FIFO0.obj                     528     0         1544   
       UART0.obj                     1724    0         24     
       EUSCIA0.obj                   1466    0         24     
       system_msp432p401r.obj        812     0         8      
       ADC14.obj                     608     0         0      
       PWM.obj                       552     0         0      
       Clock.obj                     480     0         48     
       Reflectance.obj               416     32        0      
       Motor.obj                     432     0         0      
       BumpInt.obj                   328     0         8      
       TA3InputCapture.obj           300     0         16     
       LaunchPad.obj                 244     0         0      
       startup_msp432p401r_ccs.obj   14      228       0      
       TimerA1.obj                   168     0         8      
       SysTickInts.obj               64      0         0      
       CortexM.obj                   36      0         0      
    +--+-----------------------------+-------+---------+---------+
       Total:                        17770   260       26568  
                                                              
    C:\ti\ccsv7\tools\compiler\ti-cgt-arm_16.9.6.LTS\lib\rtsv7M4_T_le_v4SPD16_eabi.lib
       memory.obj                    976     0         24     
       defs.obj                      0       0         832    
       trgmsg.obj                    104     0         576    
       fopen.obj                     452     0         8      
       write.obj                     40      0         400    
       fd_add_t2.obj                 438     0         0      
       fd_div_t2.obj                 310     0         0      
       fd_mul_t2.obj                 252     0         0      
       setvbuf.obj                   220     0         0      
       fflush.obj                    200     0         0      
       open.obj                      188     0         8      
       add_device.obj                184     0         8      
       memcpy_t2.obj                 156     0         0      
       fclose.obj                    152     0         0      
       memset_t2.obj                 122     0         0      
       autoinit.obj                  112     0         0      
       getdevice.obj                 112     0         0      
       hostopen.obj                  96      0         16     
       exit.obj                      84      0         24     
       copy_decompress_lzss.obj      104     0         0      
       hostlseek.obj                 104     0         0      
       hostrename.obj                104     0         0      
       close.obj                     92      0         0      
       hostread.obj                  88      0         0      
       hostwrite.obj                 88      0         0      
       boot.obj                      84      0         0      
       cpy_tbl.obj                   76      0         0      
       fd_tou_t2.obj                 68      0         0      
       hostclose.obj                 68      0         0      
       hostunlink.obj                68      0         0      
       strncpy.obj                   54      0         0      
       i_tofd_t2.obj                 46      0         0      
       unlink.obj                    44      0         0      
       _lock.obj                     20      0         16     
       args_main.obj                 24      0         0      
       strcmp.obj                    24      0         0      
       strchr.obj                    22      0         0      
       strcpy.obj                    20      0         0      
       strlen.obj                    20      0         0      
       copy_decompress_none.obj      14      0         0      
       copy_zero_init.obj            12      0         0      
       stkdepth_vars.obj             0       0         8      
       pre_init.obj                  4       0         0      
       mpu_init.obj                  2       0         0      
       startup.obj                   2       0         0      
    +--+-----------------------------+-------+---------+---------+
       Total:                        5450    0         1920   
                                                              
       Heap:                         0       0         2048   
       Stack:                        0       0         1024   
       Linker Generated:             0       163       0      
    +--+-----------------------------+-------+---------+---------+
       Grand Total:                  23220   423       31560  


LINKER GENERATED COPY TABLES

__TI_cinit_table @ 00005c58 records: 2, size/record: 8, table size: 16
	.data: load addr=00005bc0, load size=0000007f bytes, run addr=20003980, run size=00000224 bytes, compression=lzss
	.bss: load addr=00005c50, load size=00000008 bytes, run addr=20000000, run size=00003580 bytes, compression=zero_init


LINKER GENERATED HANDLER TABLE

__TI_handler_table @ 00005c40 records: 3, size/record: 4, table size: 12
	index: 0, handler: __TI_decompress_lzss
	index: 1, handler: __TI_decompress_none
	index: 2, handler: __TI_zero_init


GLOBAL SYMBOLS: SORTED ALPHABETICALLY BY Name 

address   name                           
-------   ----                           
00003ad5  ADC0_InitSWTriggerCh12         
00003b45  ADC0_InitSWTriggerCh17_12_16   
000039d9  ADC0_InitSWTriggerCh6          
00003a49  ADC0_InitSWTriggerCh67         
00005b8f  ADC14_IRQHandler               
00003b25  ADC_In12                       
00003bb5  ADC_In17_12_16                 
00003a29  ADC_In6                        
00003a9f  ADC_In67                       
20003b80  ADCflag                        
00005b8f  AES256_IRQHandler              
0000491d  BumpInt_Init                   
0000499b  Bump_Read                      
00005b8f  BusFault_Handler               
00005869  C$$EXIT                        
0000566f  C$$IO$$                        
00005b8f  COMP_E0_IRQHandler             
00005b8f  COMP_E1_IRQHandler             
20003b40  CPMwait                        
00005b8f  CS_IRQHandler                  
20003b88  CaptureTask0                   
20003b8c  CaptureTask2                   
000019f5  CenterConvert                  
20003b38  ClockFrequency                 
000041c5  Clock_Delay1ms                 
0000419b  Clock_Delay1us                 
00004187  Clock_GetFreq                  
00004071  Clock_Init48MHz                
20003b4c  Crystalstable                  
00005b8f  DMA_ERR_IRQHandler             
00005b8f  DMA_INT0_IRQHandler            
00005b8f  DMA_INT1_IRQHandler            
00005b8f  DMA_INT2_IRQHandler            
00005b8f  DMA_INT3_IRQHandler            
00005b8f  DebugMon_Handler               
00005b8f  Default_Handler                
00005acd  DisableInterrupts              
2000351c  Done0                          
20003520  Done2                          
00002aab  EUSCIA0_IRQHandler             
00002aab  EUSCIA0_IRQHandler             
00002a7f  EUSCIA0_InChar                 
00002f49  EUSCIA0_InString               
00002aff  EUSCIA0_InUDec                 
00002dfd  EUSCIA0_InUHex                 
00002a19  EUSCIA0_Init                   
00002a91  EUSCIA0_OutChar                
00002ae1  EUSCIA0_OutString              
00002b83  EUSCIA0_OutUDec                
00002d15  EUSCIA0_OutUDec4               
00002d4d  EUSCIA0_OutUDec5               
00002d89  EUSCIA0_OutUFix1               
00002db1  EUSCIA0_OutUFix2               
00002ec5  EUSCIA0_OutUHex                
00002f2b  EUSCIA0_OutUHex2               
00002f09  EUSCIA0outnibble               
00005b8f  EUSCIA1_IRQHandler             
00005b8f  EUSCIA2_IRQHandler             
00005b8f  EUSCIA3_IRQHandler             
00005b8f  EUSCIB0_IRQHandler             
00005b8f  EUSCIB1_IRQHandler             
00005b8f  EUSCIB2_IRQHandler             
00005b8f  EUSCIB3_IRQHandler             
20003524  Elapsed                        
00005ad3  EnableInterrupts               
00005ae3  EndCritical                    
00005b8f  FLCTL_IRQHandler               
00005b8f  FPU_IRQHandler                 
20003528  First                          
20003574  First0                         
20003576  First2                         
0000594d  HOSTclose                      
00005571  HOSTlseek                      
000056a9  HOSTopen                       
00005765  HOSTread                       
000055d9  HOSTrename                     
00005991  HOSTunlink                     
000057bd  HOSTwrite                      
000004ed  HandleBump                     
00005b8f  HardFault_Handler              
2000352c  I1                             
20003b48  IFlags                         
000004b1  IRSensor_Init                  
20003530  LPFSum                         
20003534  LPFSum2                        
20003538  LPFSum3                        
000037e5  LPF_Calc                       
0000388d  LPF_Calc2                      
00003951  LPF_Calc3                      
00003725  LPF_Calc_old                   
00003787  LPF_Init                       
00003839  LPF_Init2                      
000038ef  LPF_Init3                      
000036d1  LPF_Init_old                   
00004dc5  LaunchPad_Init                 
00004e35  LaunchPad_Input                
00004e4f  LaunchPad_LED                  
00004e6d  LaunchPad_Output               
00001549  LeftConvert                    
2000353c  MaxTime                        
00005b8f  MemManage_Handler              
20003504  Messageb                       
2000350c  Messagec                       
20003540  Messageindexb                  
20003544  Messageindexc                  
0000471d  Motor_Backward                 
00004679  Motor_Forward                  
000045cd  Motor_Init                     
000046e3  Motor_Left                     
000046a9  Motor_Right                    
00004655  Motor_Stop                     
00005b8f  NMI_Handler                    
20003548  NumErrors                      
2000354c  NumSuccess                     
00005b8f  PCM_IRQHandler                 
00005b8f  PORT1_IRQHandler               
00005b8f  PORT2_IRQHandler               
00005b8f  PORT3_IRQHandler               
00004a23  PORT4_IRQHandler               
00004a23  PORT4_IRQHandler               
00005b8f  PORT5_IRQHandler               
00005b8f  PORT6_IRQHandler               
00005b8f  PSS_IRQHandler                 
00003d23  PWM_Duty1                      
00003d43  PWM_Duty2                      
00003de7  PWM_Duty3                      
00003e07  PWM_Duty4                      
00003c39  PWM_Init1                      
00003c9f  PWM_Init12                     
00003d63  PWM_Init34                     
00005b8f  PendSV_Handler                 
20003578  Period0                        
2000357a  Period2                        
00000511  PeriodMeasure0                 
00000549  PeriodMeasure2                 
20003550  Port4Task                      
00004789  Port5_Init                     
000047b3  Port7_Init                     
000047e9  Port7_Input                    
000047d3  Port7_Output                   
20003b44  Postwait                       
20003b3c  Prewait                        
00000141  Program5_1                     
000001af  Program5_2                     
0000026f  Program5_3                     
00000359  Program5_4                     
20003554  Pt                             
20003558  Pt2                            
2000355c  Pt3                            
000005e1  RSLK_Reset                     
00005b8f  RTC_C_IRQHandler               
000000e5  Random                         
2000357c  ReadData                       
0000482b  Reflectance_Center             
000048d1  Reflectance_End                
0000477d  Reflectance_Init               
0000484d  Reflectance_Position           
000047f5  Reflectance_Read               
000048b9  Reflectance_Start              
00005b83  Reset_Handler                  
00001ea1  RightConvert                   
200033c0  RxFifo0                        
00003fdb  RxFifo0_Get                    
00003f81  RxFifo0_Init                   
00003f8d  RxFifo0_Put                    
00004019  RxFifo0_Size                   
UNDEFED   SHT$$INIT_ARRAY$$Base          
UNDEFED   SHT$$INIT_ARRAY$$Limit         
00005b8f  SVC_Handler                    
00000455  SensorRead_ISR                 
20003560  Size                           
00005ad9  StartCritical                  
200034c4  String                         
00005b8f  SysTick_Handler                
000059d5  SysTick_Init                   
20003ba0  SystemCoreClock                
000033a5  SystemCoreClockUpdate          
00003619  SystemInit                     
00005b8f  T32_INT1_IRQHandler            
00005b8f  T32_INT2_IRQHandler            
00005b8f  T32_INTC_IRQHandler            
00005b8f  TA0_0_IRQHandler               
00005b8f  TA0_N_IRQHandler               
00005243  TA1_0_IRQHandler               
00005243  TA1_0_IRQHandler               
00005b8f  TA1_N_IRQHandler               
00005b8f  TA2_0_IRQHandler               
00005b8f  TA2_N_IRQHandler               
00004c4d  TA3_0_IRQHandler               
00004c4d  TA3_0_IRQHandler               
00004c67  TA3_N_IRQHandler               
00004c67  TA3_N_IRQHandler               
000005ad  Tachometer_Init                
000000fd  TestFifo                       
00000581  TimedPause                     
20003564  TimerA1Task                    
000051d1  TimerA1_Init                   
0000522f  TimerA1_Stop                   
00004ba9  TimerA3Capture_Init            
20003442  TxFifo0                        
00003eed  TxFifo0_Get                    
00003e61  TxFifo0_Init                   
00003e93  TxFifo0_Put                    
00003f2b  TxFifo0_Size                   
20003000  TxHistogram                    
000023a3  UART0_InChar                   
0000282d  UART0_InString                 
000023ed  UART0_InUDec                   
000026e1  UART0_InUHex                   
0000235d  UART0_Init                     
0000298d  UART0_Initprintf               
000023b3  UART0_OutChar                  
000023cf  UART0_OutString                
00002471  UART0_OutUDec                  
000025dd  UART0_OutUDec4                 
00002631  UART0_OutUDec5                 
0000266d  UART0_OutUFix1                 
00002695  UART0_OutUFix2                 
000027a5  UART0_OutUHex                  
00002811  UART0_OutUHex2                 
00005b8f  UsageFault_Handler             
4000480c  WDTCTL_SYM                     
00005b8f  WDT_A_IRQHandler               
00005aeb  WaitForInterrupt               
2000357d  WriteData                      
20003200  __CIOBUF_                      
20010000  __STACK_END                    
00000200  __STACK_SIZE                   
00000400  __SYSMEM_SIZE                  
00005c58  __TI_CINIT_Base                
00005c68  __TI_CINIT_Limit               
00005c40  __TI_Handler_Table_Base        
00005c4c  __TI_Handler_Table_Limit       
00005429  __TI_auto_init                 
00004319  __TI_cleanup                   
20003b60  __TI_cleanup_ptr               
00005315  __TI_closefile                 
00005509  __TI_decompress_lzss           
00005b75  __TI_decompress_none           
00004f95  __TI_doflush                   
20003b64  __TI_dtors_ptr                 
20003b68  __TI_enable_exit_profile_output
20003b50  __TI_ft_end                    
ffffffff  __TI_pprof_out_hndl            
ffffffff  __TI_prof_data_size            
ffffffff  __TI_prof_data_start           
00005673  __TI_readmsg                   
00000000  __TI_static_base__             
20003320  __TI_tmpnams                   
00005641  __TI_writemsg                  
00005b91  __TI_zero_init                 
00005909  __aeabi_d2uiz                  
0000441f  __aeabi_dadd                   
00004a65  __aeabi_ddiv                   
00004cc9  __aeabi_dmul                   
00004415  __aeabi_dsub                   
00005a4b  __aeabi_i2d                    
000053ad  __aeabi_memclr                 
000053ad  __aeabi_memclr4                
000053ad  __aeabi_memclr8                
00005279  __aeabi_memcpy                 
00005279  __aeabi_memcpy4                
00005279  __aeabi_memcpy8                
000053af  __aeabi_memset                 
000053af  __aeabi_memset4                
000053af  __aeabi_memset8                
20003b5c  __aeabi_stderr                 
20003b54  __aeabi_stdin                  
20003b58  __aeabi_stdout                 
ffffffff  __binit__                      
ffffffff  __c_args__                     
0000235b  __mpu_init                     
2000fe00  __stack                        
00005af1  _args_main                     
00005815  _c_int00                       
20003a70  _device                        
20003980  _ftable                        
20003b78  _lock                          
00005b47  _nop                           
00005b3f  _register_lock                 
00005b39  _register_unlock               
20003ae8  _stream                        
20003580  _sys_memory                    
00002fd3  _system_post_cinit             
00005b9d  _system_pre_init               
20003b7c  _unlock                        
0000586d  abort                          
00005119  add_device                     
ffffffff  binit                          
2000357e  bumpData                       
2000357f  bumpFlag                       
00003375  calloc                         
00005709  close                          
000058bd  copy_in                        
0000418d  delay                          
00005875  exit                           
0000537b  fclose                         
000028c7  ferror                         
00004fe1  fflush                         
000028a7  fgetc                          
00005499  finddevice                     
0000436f  fopen                          
000030bf  free                           
00004345  freopen                        
000054c3  getdevice                      
00000000  interruptVectors               
0000070d  main                           
20003b9c  main_func_sp                   
00003055  malloc                         
00003289  memalign                       
00005279  memcpy                         
000053b5  memset                         
00002fd5  minit                          
20003568  nc                             
2000356c  nl                             
20003570  nr                             
0000505d  open                           
000027e9  outnibble                      
20003514  parmbuf                        
0000317f  realloc                        
00005a79  remove                         
00004eb9  setvbuf                        
00005b21  strchr                         
00005b09  strcmp                         
00005b4d  strcpy                         
00005b61  strlen                         
00005a15  strncpy                        
00004b9d  ta3dummy                       
000005a1  toggle_GPIO                    
000028e5  uart_close                     
00002963  uart_lseek                     
000028d5  uart_open                      
000028f7  uart_read                      
0000297f  uart_rename                    
00002973  uart_unlink                    
00002921  uart_write                     
00005a79  unlink                         
00005aa5  write                          
20000000  x                              
20001000  x2                             
20002000  x3                             


GLOBAL SYMBOLS: SORTED BY Symbol Address 

address   name                           
-------   ----                           
00000000  __TI_static_base__             
00000000  interruptVectors               
000000e5  Random                         
000000fd  TestFifo                       
00000141  Program5_1                     
000001af  Program5_2                     
00000200  __STACK_SIZE                   
0000026f  Program5_3                     
00000359  Program5_4                     
00000400  __SYSMEM_SIZE                  
00000455  SensorRead_ISR                 
000004b1  IRSensor_Init                  
000004ed  HandleBump                     
00000511  PeriodMeasure0                 
00000549  PeriodMeasure2                 
00000581  TimedPause                     
000005a1  toggle_GPIO                    
000005ad  Tachometer_Init                
000005e1  RSLK_Reset                     
0000070d  main                           
00001549  LeftConvert                    
000019f5  CenterConvert                  
00001ea1  RightConvert                   
0000235b  __mpu_init                     
0000235d  UART0_Init                     
000023a3  UART0_InChar                   
000023b3  UART0_OutChar                  
000023cf  UART0_OutString                
000023ed  UART0_InUDec                   
00002471  UART0_OutUDec                  
000025dd  UART0_OutUDec4                 
00002631  UART0_OutUDec5                 
0000266d  UART0_OutUFix1                 
00002695  UART0_OutUFix2                 
000026e1  UART0_InUHex                   
000027a5  UART0_OutUHex                  
000027e9  outnibble                      
00002811  UART0_OutUHex2                 
0000282d  UART0_InString                 
000028a7  fgetc                          
000028c7  ferror                         
000028d5  uart_open                      
000028e5  uart_close                     
000028f7  uart_read                      
00002921  uart_write                     
00002963  uart_lseek                     
00002973  uart_unlink                    
0000297f  uart_rename                    
0000298d  UART0_Initprintf               
00002a19  EUSCIA0_Init                   
00002a7f  EUSCIA0_InChar                 
00002a91  EUSCIA0_OutChar                
00002aab  EUSCIA0_IRQHandler             
00002aab  EUSCIA0_IRQHandler             
00002ae1  EUSCIA0_OutString              
00002aff  EUSCIA0_InUDec                 
00002b83  EUSCIA0_OutUDec                
00002d15  EUSCIA0_OutUDec4               
00002d4d  EUSCIA0_OutUDec5               
00002d89  EUSCIA0_OutUFix1               
00002db1  EUSCIA0_OutUFix2               
00002dfd  EUSCIA0_InUHex                 
00002ec5  EUSCIA0_OutUHex                
00002f09  EUSCIA0outnibble               
00002f2b  EUSCIA0_OutUHex2               
00002f49  EUSCIA0_InString               
00002fd3  _system_post_cinit             
00002fd5  minit                          
00003055  malloc                         
000030bf  free                           
0000317f  realloc                        
00003289  memalign                       
00003375  calloc                         
000033a5  SystemCoreClockUpdate          
00003619  SystemInit                     
000036d1  LPF_Init_old                   
00003725  LPF_Calc_old                   
00003787  LPF_Init                       
000037e5  LPF_Calc                       
00003839  LPF_Init2                      
0000388d  LPF_Calc2                      
000038ef  LPF_Init3                      
00003951  LPF_Calc3                      
000039d9  ADC0_InitSWTriggerCh6          
00003a29  ADC_In6                        
00003a49  ADC0_InitSWTriggerCh67         
00003a9f  ADC_In67                       
00003ad5  ADC0_InitSWTriggerCh12         
00003b25  ADC_In12                       
00003b45  ADC0_InitSWTriggerCh17_12_16   
00003bb5  ADC_In17_12_16                 
00003c39  PWM_Init1                      
00003c9f  PWM_Init12                     
00003d23  PWM_Duty1                      
00003d43  PWM_Duty2                      
00003d63  PWM_Init34                     
00003de7  PWM_Duty3                      
00003e07  PWM_Duty4                      
00003e61  TxFifo0_Init                   
00003e93  TxFifo0_Put                    
00003eed  TxFifo0_Get                    
00003f2b  TxFifo0_Size                   
00003f81  RxFifo0_Init                   
00003f8d  RxFifo0_Put                    
00003fdb  RxFifo0_Get                    
00004019  RxFifo0_Size                   
00004071  Clock_Init48MHz                
00004187  Clock_GetFreq                  
0000418d  delay                          
0000419b  Clock_Delay1us                 
000041c5  Clock_Delay1ms                 
00004319  __TI_cleanup                   
00004345  freopen                        
0000436f  fopen                          
00004415  __aeabi_dsub                   
0000441f  __aeabi_dadd                   
000045cd  Motor_Init                     
00004655  Motor_Stop                     
00004679  Motor_Forward                  
000046a9  Motor_Right                    
000046e3  Motor_Left                     
0000471d  Motor_Backward                 
0000477d  Reflectance_Init               
00004789  Port5_Init                     
000047b3  Port7_Init                     
000047d3  Port7_Output                   
000047e9  Port7_Input                    
000047f5  Reflectance_Read               
0000482b  Reflectance_Center             
0000484d  Reflectance_Position           
000048b9  Reflectance_Start              
000048d1  Reflectance_End                
0000491d  BumpInt_Init                   
0000499b  Bump_Read                      
00004a23  PORT4_IRQHandler               
00004a23  PORT4_IRQHandler               
00004a65  __aeabi_ddiv                   
00004b9d  ta3dummy                       
00004ba9  TimerA3Capture_Init            
00004c4d  TA3_0_IRQHandler               
00004c4d  TA3_0_IRQHandler               
00004c67  TA3_N_IRQHandler               
00004c67  TA3_N_IRQHandler               
00004cc9  __aeabi_dmul                   
00004dc5  LaunchPad_Init                 
00004e35  LaunchPad_Input                
00004e4f  LaunchPad_LED                  
00004e6d  LaunchPad_Output               
00004eb9  setvbuf                        
00004f95  __TI_doflush                   
00004fe1  fflush                         
0000505d  open                           
00005119  add_device                     
000051d1  TimerA1_Init                   
0000522f  TimerA1_Stop                   
00005243  TA1_0_IRQHandler               
00005243  TA1_0_IRQHandler               
00005279  __aeabi_memcpy                 
00005279  __aeabi_memcpy4                
00005279  __aeabi_memcpy8                
00005279  memcpy                         
00005315  __TI_closefile                 
0000537b  fclose                         
000053ad  __aeabi_memclr                 
000053ad  __aeabi_memclr4                
000053ad  __aeabi_memclr8                
000053af  __aeabi_memset                 
000053af  __aeabi_memset4                
000053af  __aeabi_memset8                
000053b5  memset                         
00005429  __TI_auto_init                 
00005499  finddevice                     
000054c3  getdevice                      
00005509  __TI_decompress_lzss           
00005571  HOSTlseek                      
000055d9  HOSTrename                     
00005641  __TI_writemsg                  
0000566f  C$$IO$$                        
00005673  __TI_readmsg                   
000056a9  HOSTopen                       
00005709  close                          
00005765  HOSTread                       
000057bd  HOSTwrite                      
00005815  _c_int00                       
00005869  C$$EXIT                        
0000586d  abort                          
00005875  exit                           
000058bd  copy_in                        
00005909  __aeabi_d2uiz                  
0000594d  HOSTclose                      
00005991  HOSTunlink                     
000059d5  SysTick_Init                   
00005a15  strncpy                        
00005a4b  __aeabi_i2d                    
00005a79  remove                         
00005a79  unlink                         
00005aa5  write                          
00005acd  DisableInterrupts              
00005ad3  EnableInterrupts               
00005ad9  StartCritical                  
00005ae3  EndCritical                    
00005aeb  WaitForInterrupt               
00005af1  _args_main                     
00005b09  strcmp                         
00005b21  strchr                         
00005b39  _register_unlock               
00005b3f  _register_lock                 
00005b47  _nop                           
00005b4d  strcpy                         
00005b61  strlen                         
00005b75  __TI_decompress_none           
00005b83  Reset_Handler                  
00005b8f  ADC14_IRQHandler               
00005b8f  AES256_IRQHandler              
00005b8f  BusFault_Handler               
00005b8f  COMP_E0_IRQHandler             
00005b8f  COMP_E1_IRQHandler             
00005b8f  CS_IRQHandler                  
00005b8f  DMA_ERR_IRQHandler             
00005b8f  DMA_INT0_IRQHandler            
00005b8f  DMA_INT1_IRQHandler            
00005b8f  DMA_INT2_IRQHandler            
00005b8f  DMA_INT3_IRQHandler            
00005b8f  DebugMon_Handler               
00005b8f  Default_Handler                
00005b8f  EUSCIA1_IRQHandler             
00005b8f  EUSCIA2_IRQHandler             
00005b8f  EUSCIA3_IRQHandler             
00005b8f  EUSCIB0_IRQHandler             
00005b8f  EUSCIB1_IRQHandler             
00005b8f  EUSCIB2_IRQHandler             
00005b8f  EUSCIB3_IRQHandler             
00005b8f  FLCTL_IRQHandler               
00005b8f  FPU_IRQHandler                 
00005b8f  HardFault_Handler              
00005b8f  MemManage_Handler              
00005b8f  NMI_Handler                    
00005b8f  PCM_IRQHandler                 
00005b8f  PORT1_IRQHandler               
00005b8f  PORT2_IRQHandler               
00005b8f  PORT3_IRQHandler               
00005b8f  PORT5_IRQHandler               
00005b8f  PORT6_IRQHandler               
00005b8f  PSS_IRQHandler                 
00005b8f  PendSV_Handler                 
00005b8f  RTC_C_IRQHandler               
00005b8f  SVC_Handler                    
00005b8f  SysTick_Handler                
00005b8f  T32_INT1_IRQHandler            
00005b8f  T32_INT2_IRQHandler            
00005b8f  T32_INTC_IRQHandler            
00005b8f  TA0_0_IRQHandler               
00005b8f  TA0_N_IRQHandler               
00005b8f  TA1_N_IRQHandler               
00005b8f  TA2_0_IRQHandler               
00005b8f  TA2_N_IRQHandler               
00005b8f  UsageFault_Handler             
00005b8f  WDT_A_IRQHandler               
00005b91  __TI_zero_init                 
00005b9d  _system_pre_init               
00005c40  __TI_Handler_Table_Base        
00005c4c  __TI_Handler_Table_Limit       
00005c58  __TI_CINIT_Base                
00005c68  __TI_CINIT_Limit               
20000000  x                              
20001000  x2                             
20002000  x3                             
20003000  TxHistogram                    
20003200  __CIOBUF_                      
20003320  __TI_tmpnams                   
200033c0  RxFifo0                        
20003442  TxFifo0                        
200034c4  String                         
20003504  Messageb                       
2000350c  Messagec                       
20003514  parmbuf                        
2000351c  Done0                          
20003520  Done2                          
20003524  Elapsed                        
20003528  First                          
2000352c  I1                             
20003530  LPFSum                         
20003534  LPFSum2                        
20003538  LPFSum3                        
2000353c  MaxTime                        
20003540  Messageindexb                  
20003544  Messageindexc                  
20003548  NumErrors                      
2000354c  NumSuccess                     
20003550  Port4Task                      
20003554  Pt                             
20003558  Pt2                            
2000355c  Pt3                            
20003560  Size                           
20003564  TimerA1Task                    
20003568  nc                             
2000356c  nl                             
20003570  nr                             
20003574  First0                         
20003576  First2                         
20003578  Period0                        
2000357a  Period2                        
2000357c  ReadData                       
2000357d  WriteData                      
2000357e  bumpData                       
2000357f  bumpFlag                       
20003580  _sys_memory                    
20003980  _ftable                        
20003a70  _device                        
20003ae8  _stream                        
20003b38  ClockFrequency                 
20003b3c  Prewait                        
20003b40  CPMwait                        
20003b44  Postwait                       
20003b48  IFlags                         
20003b4c  Crystalstable                  
20003b50  __TI_ft_end                    
20003b54  __aeabi_stdin                  
20003b58  __aeabi_stdout                 
20003b5c  __aeabi_stderr                 
20003b60  __TI_cleanup_ptr               
20003b64  __TI_dtors_ptr                 
20003b68  __TI_enable_exit_profile_output
20003b78  _lock                          
20003b7c  _unlock                        
20003b80  ADCflag                        
20003b88  CaptureTask0                   
20003b8c  CaptureTask2                   
20003b9c  main_func_sp                   
20003ba0  SystemCoreClock                
2000fe00  __stack                        
20010000  __STACK_END                    
4000480c  WDTCTL_SYM                     
ffffffff  __TI_pprof_out_hndl            
ffffffff  __TI_prof_data_size            
ffffffff  __TI_prof_data_start           
ffffffff  __binit__                      
ffffffff  __c_args__                     
ffffffff  binit                          
UNDEFED   SHT$$INIT_ARRAY$$Base          
UNDEFED   SHT$$INIT_ARRAY$$Limit         

[341 symbols]
